 s191355

 Timestamp is 5c3e05bc (Tue Jan 15 16:09:32 2019)

 Preferred load address is 10000000

 Start         Length     Name                   Class
 0001:00000000 00004230H .text                   CODE
 0001:00004230 00000020H .text$di                CODE
 0001:00004250 00078090H .text$mn                CODE
 0001:0007c2e0 00000220H .text$x                 CODE
 0001:0007c500 0000000fH .text$yd                CODE
 0002:00000000 00000180H .idata$5                DATA
 0002:00000180 00000004H .00cfg                  DATA
 0002:00000184 00000004H .CRT$XCA                DATA
 0002:00000188 00000004H .CRT$XCC                DATA
 0002:0000018c 00000004H .CRT$XCZ                DATA
 0002:00000190 00000004H .CRT$XIA                DATA
 0002:00000194 00000010H .CRT$XIC                DATA
 0002:000001a4 00000004H .CRT$XIZ                DATA
 0002:000001a8 00000004H .CRT$XPA                DATA
 0002:000001ac 00000008H .CRT$XPX                DATA
 0002:000001b4 00000004H .CRT$XPXA               DATA
 0002:000001b8 00000004H .CRT$XPZ                DATA
 0002:000001bc 00000004H .CRT$XTA                DATA
 0002:000001c0 00000010H .CRT$XTZ                DATA
 0002:000001c4 00000000H .gfids$y                DATA
 0002:000001d0 0001f358H .rdata                  DATA
 0002:0001f528 000005b0H .rdata$r                DATA
 0002:0001fad8 00000358H .rdata$zzzdbg           DATA
 0002:0001fe30 00000004H .rtc$IAA                DATA
 0002:0001fe34 00000004H .rtc$IMZ                DATA
 0002:0001fe38 00000004H .rtc$IZZ                DATA
 0002:0001fe3c 00000004H .rtc$TAA                DATA
 0002:0001fe40 00000004H .rtc$TMZ                DATA
 0002:0001fe44 00000004H .rtc$TZZ                DATA
 0002:0001fe48 00000f18H .xdata$x                DATA
 0002:00020d60 00000048H .edata                  DATA
 0002:00020da8 00000050H .idata$2                DATA
 0002:00020df8 00000014H .idata$3                DATA
 0002:00020e0c 00000180H .idata$4                DATA
 0002:00020f8c 000006eeH .idata$6                DATA
 0003:00000000 00000830H .data                   DATA
 0003:00000830 00000240H .data$r                 DATA
 0003:00000a70 00001880H .bss                    DATA

  Address         Publics by Value              Rva+Base       Lib:Object

 0000:00000000       ___hybrid_code_map         00000000     <absolute>
 0000:00000000       ___guard_fids_count        00000000     <absolute>
 0000:00000000       ___guard_longjmp_table     00000000     <absolute>
 0000:00000000       ___guard_longjmp_count     00000000     <absolute>
 0000:00000000       ___guard_iat_count         00000000     <absolute>
 0000:00000000       __except_list              00000000     <absolute>
 0000:00000000       ___dynamic_value_reloc_table 00000000     <absolute>
 0000:00000000       ___guard_iat_table         00000000     <absolute>
 0000:00000000       ___hybrid_code_map_count   00000000     <absolute>
 0000:00000000       ___hybrid_auxiliary_iat    00000000     <absolute>
 0000:00000000       ___guard_fids_table        00000000     <absolute>
 0000:00000000       ___safe_se_handler_table   00000000     <absolute>
 0000:00000000       ___safe_se_handler_count   00000000     <absolute>
 0000:00000000       ___enclave_config          00000000     <absolute>
 0000:00000100       ___guard_flags             00000100     <absolute>
 0000:00000000       ___ImageBase               10000000     <linker-defined>
 0001:00000000       ?sgdSqrt@@YANN@Z           10001000 f i sg_vs2008_32:sgd.obj
 0001:00000010       ?sgdSquare@@YANN@Z         10001010 f i sg_vs2008_32:sgd.obj
 0001:00000020       ?sgdAbs@@YANN@Z            10001020 f i sg_vs2008_32:sgd.obj
 0001:00000040       ?sgdASin@@YANN@Z           10001040 f i sg_vs2008_32:sgd.obj
 0001:00000050       ?sgdACos@@YANN@Z           10001050 f i sg_vs2008_32:sgd.obj
 0001:00000060       ?sgdATan2@@YANNN@Z         10001060 f i sg_vs2008_32:sgd.obj
 0001:00000080       ?sgdSin@@YANN@Z            10001080 f i sg_vs2008_32:sgd.obj
 0001:00000090       ?sgdCos@@YANN@Z            10001090 f i sg_vs2008_32:sgd.obj
 0001:000000a0       ?sgdZeroVec3@@YAXQAN@Z     100010a0 f i sg_vs2008_32:sgd.obj
 0001:000000b0       ?sgdSetVec3@@YAXQANNNN@Z   100010b0 f i sg_vs2008_32:sgd.obj
 0001:000000d0       ?sgdSetVec4@@YAXQANNNNN@Z  100010d0 f i sg_vs2008_32:sgd.obj
 0001:000000f0       ?sgdCopyVec3@@YAXQANQBN@Z  100010f0 f i sg_vs2008_32:sgd.obj
 0001:00000110       ?sgdCopyVec4@@YAXQANQBN@Z  10001110 f i sg_vs2008_32:sgd.obj
 0001:00000130       ?sgdAddVec3@@YAXQANQBN1@Z  10001130 f i sg_vs2008_32:sgd.obj
 0001:00000160       ?sgdSubVec2@@YAXQANQBN1@Z  10001160 f i sg_vs2008_32:sgd.obj
 0001:00000180       ?sgdSubVec3@@YAXQANQBN1@Z  10001180 f i sg_vs2008_32:sgd.obj
 0001:000001b0       ?sgdNegateVec3@@YAXQAN@Z   100011b0 f i sg_vs2008_32:sgd.obj
 0001:000001d0       ?sgdScaleVec2@@YAXQANN@Z   100011d0 f i sg_vs2008_32:sgd.obj
 0001:000001f0       ?sgdScaleVec3@@YAXQANN@Z   100011f0 f i sg_vs2008_32:sgd.obj
 0001:00000210       ?sgdScaleVec3@@YAXQANQBNN@Z 10001210 f i sg_vs2008_32:sgd.obj
 0001:00000240       ?sgdScaleVec4@@YAXQANQBNN@Z 10001240 f i sg_vs2008_32:sgd.obj
 0001:00000270       ?sgdAddScaledVec3@@YAXQANQBN1N@Z 10001270 f i sg_vs2008_32:sgd.obj
 0001:000002a0       ?sgdScalarProductVec2@@YANQBN0@Z 100012a0 f i sg_vs2008_32:sgd.obj
 0001:000002c0       ?sgdScalarProductVec3@@YANQBN0@Z 100012c0 f i sg_vs2008_32:sgd.obj
 0001:000002e0       ?sgdScalarProductVec4@@YANQBN0@Z 100012e0 f i sg_vs2008_32:sgd.obj
 0001:00000310       ?sgdDistanceSquaredVec3@@YANQBN0@Z 10001310 f i sg_vs2008_32:sgd.obj
 0001:00000340       ?sgdDistanceVec3@@YANQBN0@Z 10001340 f i sg_vs2008_32:sgd.obj
 0001:00000370       ?sgdLengthVec2@@YANQBN@Z   10001370 f i sg_vs2008_32:sgd.obj
 0001:00000390       ?sgdLengthVec3@@YANQBN@Z   10001390 f i sg_vs2008_32:sgd.obj
 0001:000003c0       ?sgdNormaliseVec2@@YAXQAN@Z 100013c0 f i sg_vs2008_32:sgd.obj
 0001:000003f0       ?sgdNormaliseVec3@@YAXQAN@Z 100013f0 f i sg_vs2008_32:sgd.obj
 0001:00000430       ?sgdNormaliseVec3@@YAXQANQBN@Z 10001430 f i sg_vs2008_32:sgd.obj
 0001:00000470       ?sgdCopyMat4@@YAXQAY03NQAY03$$CBN@Z 10001470 f i sg_vs2008_32:sgd.obj
 0001:000004e0       ?sgdScaleMat4@@YAXQAY03NQAY03$$CBNN@Z 100014e0 f i sg_vs2008_32:sgd.obj
 0001:00000570       ?sgdMakeIdentMat4@@YAXQAY03N@Z 10001570 f i sg_vs2008_32:sgd.obj
 0001:000005b0       ?sgdLineSegment3ToLine3@@YAXPAUsgdLine3@@UsgdLineSegment3@@@Z 100015b0 f i sg_vs2008_32:sgd.obj
 0001:00000620       ?sgdAngleBetweenNormalizedVec3@@YANQAN0@Z 10001620 f i sg_vs2008_32:sgd.obj
 0001:00000690       ?getCenter@sgdSphere@@QBEPBNXZ 10001690 f i sg_vs2008_32:sgd.obj
 0001:000006a0       ?getRadius@sgdSphere@@QBENXZ 100016a0 f i sg_vs2008_32:sgd.obj
 0001:000006b0       ?isEmpty@sgdSphere@@QBEHXZ 100016b0 f i sg_vs2008_32:sgd.obj
 0001:000006d0       ?getMin@sgdBox@@QBEPBNXZ   100016d0 f i sg_vs2008_32:sgd.obj
 0001:000006e0       ?getMax@sgdBox@@QBEPBNXZ   100016e0 f i sg_vs2008_32:sgd.obj
 0001:000006f0       ?isEmpty@sgdBox@@QBEHXZ    100016f0 f i sg_vs2008_32:sgd.obj
 0001:00000720       ?sgdVectorProductVec3@@YAXQANQBN1@Z 10001720 f   sg_vs2008_32:sgd.obj
 0001:00000760       ?_sgdClampToUnity@@YANN@Z  10001760 f i sg_vs2008_32:sgd.obj
 0001:00000790       ?sgdCompare3DSqdDist@@YAHQBN0N@Z 10001790 f   sg_vs2008_32:sgd.obj
 0001:000007f0       ?sgdMakeRotMat4@@YAXQAY03NNQBN@Z 100017f0 f   sg_vs2008_32:sgd.obj
 0001:00000920       ?sgdMakePickMatrix@@YAXQAY03NNNNNQAN@Z 10001920 f   sg_vs2008_32:sgd.obj
 0001:000009a0       ?sgdMakeLookAtMat4@@YAXQAY03NQBN11@Z 100019a0 f   sg_vs2008_32:sgd.obj
 0001:00000b20       ?sgdAngleBetweenVec3@@YANQAN0@Z 10001b20 f   sg_vs2008_32:sgd.obj
 0001:00000bc0       ?sgdAngleBetweenNormalizedVec3@@YANQAN00@Z 10001bc0 f   sg_vs2008_32:sgd.obj
 0001:00000d50       ?sgdAngleBetweenVec3@@YANQAN00@Z 10001d50 f   sg_vs2008_32:sgd.obj
 0001:00000df0       ?extend@sgdBox@@QAEXQBN@Z  10001df0 f   sg_vs2008_32:sgd.obj
 0001:00000ec0       ?extend@sgdBox@@QAEXPBV1@@Z 10001ec0 f   sg_vs2008_32:sgd.obj
 0001:00000f50       ?extend@sgdBox@@QAEXPBVsgdSphere@@@Z 10001f50 f   sg_vs2008_32:sgd.obj
 0001:00000fc0       ?intersects@sgdBox@@QBEHQBN@Z 10001fc0 f   sg_vs2008_32:sgd.obj
 0001:00001100       ?extend@sgdSphere@@QAEXQBN@Z 10002100 f   sg_vs2008_32:sgd.obj
 0001:000011b0       ?extend@sgdSphere@@QAEXPBVsgdBox@@@Z 100021b0 f   sg_vs2008_32:sgd.obj
 0001:00001340       ?extend@sgdSphere@@QAEXPBV1@@Z 10002340 f   sg_vs2008_32:sgd.obj
 0001:00001410       ?intersects@sgdSphere@@QBEHPBVsgdBox@@@Z 10002410 f   sg_vs2008_32:sgd.obj
 0001:000014c0       ?update@sgdFrustum@@AAEXXZ 100024c0 f   sg_vs2008_32:sgd.obj
 0001:000018c0       ?contains@sgdFrustum@@QBEHPBVsgdSphere@@@Z 100028c0 f   sg_vs2008_32:sgd.obj
 0001:00001a30       ?sgdDistSquaredToLineVec3@@YANUsgdLine3@@QBN@Z 10002a30 f   sg_vs2008_32:sgd.obj
 0001:00001a70       ?sgdDistSquaredToLineSegmentVec3@@YANUsgdLineSegment3@@QBN@Z 10002a70 f   sg_vs2008_32:sgd.obj
 0001:00001b80       ?sgdMakeCoordMat4@@YAXQAY03NNNNNNN@Z 10002b80 f   sg_vs2008_32:sgd.obj
 0001:00001d40       ?sgdMakeTransMat4@@YAXQAY03NQBN@Z 10002d40 f   sg_vs2008_32:sgd.obj
 0001:00001d90       ?sgdMakeTransMat4@@YAXQAY03NNNN@Z 10002d90 f   sg_vs2008_32:sgd.obj
 0001:00001de0       ?sgdSetCoord@@YAXPAUsgdCoord@@QAY03$$CBN@Z 10002de0 f   sg_vs2008_32:sgd.obj
 0001:000020e0       ?sgdMakeNormal@@YAXQANQBN1@Z 100030e0 f   sg_vs2008_32:sgd.obj
 0001:00002130       ?sgdMakeNormal@@YAXQANQBN11@Z 10003130 f   sg_vs2008_32:sgd.obj
 0001:000021d0       ?sgdMultMat4@@YAXQAY03NQAY03$$CBN1@Z 100031d0 f   sg_vs2008_32:sgd.obj
 0001:00002280       ?sgdTransposeNegateMat4@@YAXQAY03NQAY03$$CBN@Z 10003280 f   sg_vs2008_32:sgd.obj
 0001:00002320       ?sgdTransposeNegateMat4@@YAXQAY03N@Z 10003320 f   sg_vs2008_32:sgd.obj
 0001:00002350       ?sgdInvertMat4@@YAXQAY03NQAY03$$CBN@Z 10003350 f   sg_vs2008_32:sgd.obj
 0001:00002570       ?sgdXformVec3@@YAXQANQBNQAY03$$CBN@Z 10003570 f   sg_vs2008_32:sgd.obj
 0001:000025d0       ?sgdXformPnt3@@YAXQANQBNQAY03$$CBN@Z 100035d0 f   sg_vs2008_32:sgd.obj
 0001:00002630       ?sgdXformPnt4@@YAXQANQBNQAY03$$CBN@Z 10003630 f   sg_vs2008_32:sgd.obj
 0001:000026c0       ?sgdFullXformPnt3@@YAXQANQBNQAY03$$CBN@Z 100036c0 f   sg_vs2008_32:sgd.obj
 0001:00002720       ?sgdHPRfromVec3@@YAXQAN0@Z 10003720 f   sg_vs2008_32:sgd.obj
 0001:000027c0       ?sgdQuatToAngleAxis@@YAXPANQANQBN@Z 100037c0 f   sg_vs2008_32:sgd.obj
 0001:00002840       ?sgdAngleAxisToQuat@@YAXQANNQBN@Z 10003840 f   sg_vs2008_32:sgd.obj
 0001:000028e0       ?sgdMatrixToQuat@@YAXQANQAY03$$CBN@Z 100038e0 f   sg_vs2008_32:sgd.obj
 0001:00002a40       ?sgdMultQuat@@YAXQANQBN1@Z 10003a40 f   sg_vs2008_32:sgd.obj
 0001:00002b10       ?sgdMultQuat2@@YAXQANQBN1@Z 10003b10 f   sg_vs2008_32:sgd.obj
 0001:00002be0       ?sgdEulerToQuat@@YAXQANQBN@Z 10003be0 f   sg_vs2008_32:sgd.obj
 0001:00002cd0       ?sgdQuatToEuler@@YAXQANQBN@Z 10003cd0 f   sg_vs2008_32:sgd.obj
 0001:00002e30       ?sgdQuatToMatrix@@YAXQAY03NQBN@Z 10003e30 f   sg_vs2008_32:sgd.obj
 0001:00002f00       ?sgdMakeRotMat42@@YAXQAY03NQAN@Z 10003f00 f   sg_vs2008_32:sgd.obj
 0001:00002fd0       ?sgdSlerpQuat2@@YAXQANQBN1N@Z 10003fd0 f   sg_vs2008_32:sgd.obj
 0001:000030f0       ?sgdSlerpQuat@@YAXQANQBN1N@Z 100040f0 f   sg_vs2008_32:sgd.obj
 0001:000031e0       ?sgdRotateVecQuat@@YAXQAN0@Z 100041e0 f   sg_vs2008_32:sgd.obj
 0001:000032d0       ?sgdRotateCoordQuat@@YAXQAN0@Z 100042d0 f   sg_vs2008_32:sgd.obj
 0001:000033c0       ?sgdDistSquaredToLineLineSegment@@YANUsgdLineSegment3@@UsgdLine3@@@Z 100043c0 f   sg_vs2008_32:sgd.obj
 0001:000035d0       ?sgdReflectInPlaneVec3@@YAXQANQBN1@Z 100045d0 f   sg_vs2008_32:sgd.obj
 0001:00003620       ?sgdClassifyMat4@@YAHQAY03$$CBN@Z 10004620 f   sg_vs2008_32:sgd.obj
 0001:000038e0       ?sgdTriangleSolver_SAStoArea@@YANNNN@Z 100048e0 f   sg_vs2008_32:sgd.obj
 0001:00003900       ?sgdTriangleSolver_SSStoArea@@YANNNN@Z 10004900 f   sg_vs2008_32:sgd.obj
 0001:00003950       ?sgdTriangleSolver_SSStoAAA@@YAXNNNPAN00@Z 10004950 f   sg_vs2008_32:sgd.obj
 0001:00003af0       ?sgdTriangleSolver_SAStoASA@@YAXNNNPAN00@Z 10004af0 f   sg_vs2008_32:sgd.obj
 0001:00003b70       ?sgdTriangleSolver_ASAtoSAS@@YAXNNNPAN00@Z 10004b70 f   sg_vs2008_32:sgd.obj
 0001:00003c20       ?sgdTriangleSolver_ASStoSAA@@YAXNNNHPAN00@Z 10004c20 f   sg_vs2008_32:sgd.obj
 0001:00003cb0       ?sgdTriangleSolver_SAAtoASS@@YAXNNNPAN00@Z 10004cb0 f   sg_vs2008_32:sgd.obj
 0001:00003d00       ?sgdTriArea@@YANQAN00@Z    10004d00 f   sg_vs2008_32:sgd.obj
 0001:00003de0       ?getOutcode@sgdFrustum@@ABEHQBN@Z 10004de0 f   sg_vs2008_32:sgd.obj
 0001:00003ec0       ?contains@sgdFrustum@@QBEHQBN@Z 10004ec0 f   sg_vs2008_32:sgd.obj
 0001:00003ee0       ?contains@sgdFrustum@@QBEHPBVsgdBox@@@Z 10004ee0 f   sg_vs2008_32:sgd.obj
 0001:00004000       ?sgdPreMultMat4@@YAXQAY03NQAY03$$CBN@Z 10005000 f   sg_vs2008_32:sgd.obj
 0001:00004040       ?sgdPostMultMat4@@YAXQAY03NQAY03$$CBN@Z 10005040 f   sg_vs2008_32:sgd.obj
 0001:00004080       ?sgdQuatToAngleAxis@@YAXPAN000QBN@Z 10005080 f   sg_vs2008_32:sgd.obj
 0001:000040c0       ?sgdAngleAxisToQuat@@YAXQANNNNN@Z 100050c0 f   sg_vs2008_32:sgd.obj
 0001:00004100       ?sgdTriangleSolver_ASAtoArea@@YANNNN@Z 10005100 f   sg_vs2008_32:sgd.obj
 0001:00004170       ?sgdTriangleSolver_ASStoArea@@YANNNNH@Z 10005170 f   sg_vs2008_32:sgd.obj
 0001:000041d0       ?sgdTriangleSolver_SAAtoArea@@YANNNN@Z 100051d0 f   sg_vs2008_32:sgd.obj
 0001:000046e0       _s191355                   100056e0 f   robot_base.obj
 0001:00004750       ??$?0ABV?$allocator@M@std@@$$V@?$_Compressed_pair@V?$allocator@M@std@@V?$_Vector_val@U?$_Simple_types@M@std@@@2@$00@std@@QAE@U_One_then_variadic_args_t@1@ABV?$allocator@M@1@@Z 10005750 f i robot_base.obj
 0001:00004790       ??$?0ABV?$allocator@M@std@@X@?$_Vector_alloc@U?$_Vec_base_types@MV?$allocator@M@std@@@std@@@std@@QAE@ABV?$allocator@M@1@@Z 10005790 f i robot_base.obj
 0001:00004820       ??$?0M@?$allocator@U_Container_proxy@std@@@std@@QAE@ABV?$allocator@M@1@@Z 10005820 f i robot_base.obj
 0001:00004840       ??$_Allocate@$07U_Default_allocate_traits@std@@$0A@@std@@YAPAXI@Z 10005840 f i robot_base.obj
 0001:00004880       ??$_Allocate_manually_vector_aligned@U_Default_allocate_traits@std@@@std@@YAPAXI@Z 10005880 f i robot_base.obj
 0001:00004960       ??$_Convert_size@I@std@@YAII@Z 10005960 f i robot_base.obj
 0001:00004970       ??$_Copy_memmove@PBMPAM@std@@YAPAMPBM0PAM@Z 10005970 f i robot_base.obj
 0001:000049d0       ??$_Deallocate@$07$0A@@std@@YAXPAXI@Z 100059d0 f i robot_base.obj
 0001:00004a10       ??$_Deallocate_plain@V?$allocator@U_Container_proxy@std@@@std@@$0A@@std@@YAXAAV?$allocator@U_Container_proxy@std@@@0@QAU_Container_proxy@0@@Z 10005a10 f i robot_base.obj
 0001:00004a30       ??$_Destroy_range1@V?$allocator@M@std@@@std@@YAXPAM0AAV?$allocator@M@0@U?$integral_constant@_N$00@0@@Z 10005a30 f i robot_base.obj
 0001:00004a40       ??$_Destroy_range@V?$allocator@M@std@@@std@@YAXPAM0AAV?$allocator@M@0@@Z 10005a40 f i robot_base.obj
 0001:00004a80       ??$_Distance1@PBM@std@@YAHPBM0Urandom_access_iterator_tag@0@@Z 10005a80 f i robot_base.obj
 0001:00004a90       ??$_Get_size_of_n@$03@std@@YAII@Z 10005a90 f i robot_base.obj
 0001:00004ad0       ??$_Get_size_of_n@$07@std@@YAII@Z 10005ad0 f i robot_base.obj
 0001:00004b10       ??$_Min_value@I@std@@YAABIABI0@Z 10005b10 f i robot_base.obj
 0001:00004b50       ??$_Ptr_copy_cat@$$CBMM@std@@YA?AU_Really_trivial_ptr_iterator_tag@0@ABQBMABQAM@Z 10005b50 f i robot_base.obj
 0001:00004b60       ??$_Range_construct_or_tidy@PBM@?$vector@MV?$allocator@M@std@@@std@@AAEXPBM0Uforward_iterator_tag@1@@Z 10005b60 f i robot_base.obj
 0001:00004c40       ??$_Rechecked@PAMPAM@std@@YAAAPAMAAPAMQAM@Z 10005c40 f i robot_base.obj
 0001:00004c50       ??$_Ucopy@PBM@?$vector@MV?$allocator@M@std@@@std@@AAEPAMPBM0PAM@Z 10005c50 f i robot_base.obj
 0001:00004c90       ??$_Unchecked@PAM@std@@YAPAMPAM@Z 10005c90 f i robot_base.obj
 0001:00004ca0       ??$_Unchecked@PBM@std@@YAPBMPBM@Z 10005ca0 f i robot_base.obj
 0001:00004cb0       ??$_Unfancy@U_Container_proxy@std@@@std@@YAPAU_Container_proxy@0@PAU10@@Z 10005cb0 f i robot_base.obj
 0001:00004cc0       ??$_Uninitialized_copy@PBMPAMV?$allocator@M@std@@@std@@YAPAMPBM0PAMAAV?$allocator@M@0@@Z 10005cc0 f i robot_base.obj
 0001:00004db0       ??$_Uninitialized_copy_al_unchecked@$$CBMMV?$allocator@M@std@@@std@@YAPAMPBM0PAMAAV?$allocator@M@0@U_Really_trivial_ptr_iterator_tag@0@U?$integral_constant@_N$00@0@@Z 10005db0 f i robot_base.obj
 0001:00004dd0       ??$addressof@V?$_Vector_val@U?$_Simple_types@M@std@@@std@@@std@@YAPAV?$_Vector_val@U?$_Simple_types@M@std@@@0@AAV10@@Z 10005dd0 f i robot_base.obj
 0001:00004de0       ??$construct@U_Container_proxy@std@@U12@@?$_Default_allocator_traits@V?$allocator@U_Container_proxy@std@@@std@@@std@@SAXAAV?$allocator@U_Container_proxy@std@@@1@QAU_Container_proxy@1@$$QAU31@@Z 10005de0 f i robot_base.obj
 0001:00004e30       ??$destroy@U_Container_proxy@std@@@?$_Default_allocator_traits@V?$allocator@U_Container_proxy@std@@@std@@@std@@SAXAAV?$allocator@U_Container_proxy@std@@@1@QAU_Container_proxy@1@@Z 10005e30 f i robot_base.obj
 0001:00004e40       ??$distance@PBM@std@@YAHPBM0@Z 10005e40 f i robot_base.obj
 0001:00004e70       ??$forward@ABV?$allocator@M@std@@@std@@YAABV?$allocator@M@0@ABV10@@Z 10005e70 f i robot_base.obj
 0001:00004e80       ??$forward@U_Container_proxy@std@@@std@@YA$$QAU_Container_proxy@0@AAU10@@Z 10005e80 f i robot_base.obj
 0001:00004e90       ??0?$_Vector_val@U?$_Simple_types@M@std@@@std@@QAE@XZ 10005e90 f i robot_base.obj
 0001:00004ee0       ??0?$allocator@M@std@@QAE@XZ 10005ee0 f i robot_base.obj
 0001:00004f00       ??0?$initializer_list@M@std@@QAE@PBM0@Z 10005f00 f i robot_base.obj
 0001:00004f30       ??0?$v2t@N@@QAE@N@Z        10005f30 f i robot_base.obj
 0001:00004f60       ??0?$vector@MV?$allocator@M@std@@@std@@QAE@V?$initializer_list@M@1@ABV?$allocator@M@1@@Z 10005f60 f i robot_base.obj
 0001:00004ff0       ??0_Container_base12@std@@QAE@XZ 10005ff0 f i robot_base.obj
 0001:00005010       ??0_Container_proxy@std@@QAE@XZ 10006010 f i robot_base.obj
 0001:00005040       ??1?$_Compressed_pair@V?$allocator@M@std@@V?$_Vector_val@U?$_Simple_types@M@std@@@2@$00@std@@QAE@XZ 10006040 f i robot_base.obj
 0001:00005070       ??1?$_Vector_alloc@U?$_Vec_base_types@MV?$allocator@M@std@@@std@@@std@@QAE@XZ 10006070 f i robot_base.obj
 0001:000050d0       ??1?$_Vector_val@U?$_Simple_types@M@std@@@std@@QAE@XZ 100060d0 f i robot_base.obj
 0001:00005100       ??1?$vector@MV?$allocator@M@std@@@std@@QAE@XZ 10006100 f i robot_base.obj
 0001:00005160       ??1_Container_base12@std@@QAE@XZ 10006160 f i robot_base.obj
 0001:00005190       ??2@YAPAXIPAX@Z            10006190 f i robot_base.obj
 0001:000051a0       ?_Adjust_manually_vector_aligned@std@@YAXAAPAXAAI@Z 100061a0 f i robot_base.obj
 0001:00005260       ?_Alloc_proxy@?$_Vector_alloc@U?$_Vec_base_types@MV?$allocator@M@std@@@std@@@std@@QAEXXZ 10006260 f i robot_base.obj
 0001:00005340       ?_Allocate@_Default_allocate_traits@std@@SAPAXI@Z 10006340 f i robot_base.obj
 0001:00005360       ?_Buy@?$vector@MV?$allocator@M@std@@@std@@AAE_NI@Z 10006360 f i robot_base.obj
 0001:00005420       ?_Destroy@?$vector@MV?$allocator@M@std@@@std@@AAEXPAM0@Z 10006420 f i robot_base.obj
 0001:00005460       ?_Free_proxy@?$_Vector_alloc@U?$_Vec_base_types@MV?$allocator@M@std@@@std@@@std@@QAEXXZ 10006460 f i robot_base.obj
 0001:00005520       ?_Get_data@?$_Vector_alloc@U?$_Vec_base_types@MV?$allocator@M@std@@@std@@@std@@QAEAAV?$_Vector_val@U?$_Simple_types@M@std@@@2@XZ 10006520 f i robot_base.obj
 0001:00005550       ?_Get_data@?$_Vector_alloc@U?$_Vec_base_types@MV?$allocator@M@std@@@std@@@std@@QBEABV?$_Vector_val@U?$_Simple_types@M@std@@@2@XZ 10006550 f i robot_base.obj
 0001:00005580       ?_Get_first@?$_Compressed_pair@V?$allocator@M@std@@V?$_Vector_val@U?$_Simple_types@M@std@@@2@$00@std@@QAEAAV?$allocator@M@2@XZ 10006580 f i robot_base.obj
 0001:000055a0       ?_Get_first@?$_Compressed_pair@V?$allocator@M@std@@V?$_Vector_val@U?$_Simple_types@M@std@@@2@$00@std@@QBEABV?$allocator@M@2@XZ 100065a0 f i robot_base.obj
 0001:000055c0       ?_Get_second@?$_Compressed_pair@V?$allocator@M@std@@V?$_Vector_val@U?$_Simple_types@M@std@@@2@$00@std@@QAEAAV?$_Vector_val@U?$_Simple_types@M@std@@@2@XZ 100065c0 f i robot_base.obj
 0001:000055e0       ?_Get_second@?$_Compressed_pair@V?$allocator@M@std@@V?$_Vector_val@U?$_Simple_types@M@std@@@2@$00@std@@QBEABV?$_Vector_val@U?$_Simple_types@M@std@@@2@XZ 100065e0 f i robot_base.obj
 0001:00005600       ?_Getal@?$_Vector_alloc@U?$_Vec_base_types@MV?$allocator@M@std@@@std@@@std@@QAEAAV?$allocator@M@2@XZ 10006600 f i robot_base.obj
 0001:00005630       ?_Getal@?$_Vector_alloc@U?$_Vec_base_types@MV?$allocator@M@std@@@std@@@std@@QBEABV?$allocator@M@2@XZ 10006630 f i robot_base.obj
 0001:00005660       ?_Myend@?$_Vector_alloc@U?$_Vec_base_types@MV?$allocator@M@std@@@std@@@std@@QAEAAPAMXZ 10006660 f i robot_base.obj
 0001:00005690       ?_Myend@?$_Vector_alloc@U?$_Vec_base_types@MV?$allocator@M@std@@@std@@@std@@QBEABQAMXZ 10006690 f i robot_base.obj
 0001:000056c0       ?_Myfirst@?$_Vector_alloc@U?$_Vec_base_types@MV?$allocator@M@std@@@std@@@std@@QAEAAPAMXZ 100066c0 f i robot_base.obj
 0001:000056f0       ?_Myfirst@?$_Vector_alloc@U?$_Vec_base_types@MV?$allocator@M@std@@@std@@@std@@QBEABQAMXZ 100066f0 f i robot_base.obj
 0001:00005720       ?_Mylast@?$_Vector_alloc@U?$_Vec_base_types@MV?$allocator@M@std@@@std@@@std@@QAEAAPAMXZ 10006720 f i robot_base.obj
 0001:00005750       ?_Myproxy@?$_Vector_alloc@U?$_Vec_base_types@MV?$allocator@M@std@@@std@@@std@@QAEAAPAU_Container_proxy@2@XZ 10006750 f i robot_base.obj
 0001:00005780       ?_Orphan_all@?$_Vector_alloc@U?$_Vec_base_types@MV?$allocator@M@std@@@std@@@std@@QAEXXZ 10006780 f i robot_base.obj
 0001:000057b0       ?_Orphan_all@_Container_base12@std@@QAEXXZ 100067b0 f i robot_base.obj
 0001:00005890       ?_Tidy@?$vector@MV?$allocator@M@std@@@std@@AAEXXZ 10006890 f i robot_base.obj
 0001:00005930       ?_Xlength@?$vector@MV?$allocator@M@std@@@std@@CAXXZ 10006930 f i robot_base.obj
 0001:00005950       ?allocate@?$allocator@M@std@@QAEPAMI@Z 10006950 f i robot_base.obj
 0001:00005990       ?allocate@?$allocator@U_Container_proxy@std@@@std@@QAEPAU_Container_proxy@2@I@Z 10006990 f i robot_base.obj
 0001:000059d0       ?begin@?$initializer_list@M@std@@QBEPBMXZ 100069d0 f i robot_base.obj
 0001:000059f0       ?capacity@?$vector@MV?$allocator@M@std@@@std@@QBEIXZ 100069f0 f i robot_base.obj
 0001:00005a30       ?deallocate@?$_Default_allocator_traits@V?$allocator@U_Container_proxy@std@@@std@@@std@@SAXAAV?$allocator@U_Container_proxy@std@@@2@QAU_Container_proxy@2@I@Z 10006a30 f i robot_base.obj
 0001:00005a50       ?deallocate@?$allocator@M@std@@QAEXQAMI@Z 10006a50 f i robot_base.obj
 0001:00005a90       ?end@?$initializer_list@M@std@@QBEPBMXZ 10006a90 f i robot_base.obj
 0001:00005ab0       ?max@?$numeric_limits@H@std@@SAHXZ 10006ab0 f i robot_base.obj
 0001:00005ac0       ?max_size@?$_Default_allocator_traits@V?$allocator@M@std@@@std@@SAIABV?$allocator@M@2@@Z 10006ac0 f i robot_base.obj
 0001:00005ad0       ?max_size@?$vector@MV?$allocator@M@std@@@std@@QBEIXZ 10006ad0 f i robot_base.obj
 0001:00005b30       ?sgdMakeCoordMat4@@YAXQAY03NPBUsgdCoord@@@Z 10006b30 f i robot_base.obj
 0001:00005b60       ?sgdMakeCoordMat4@@YAXQAY03NQBN1@Z 10006b60 f i robot_base.obj
 0001:00005c06       ?_tgf_win_strdup@@YAPADPBD@Z 10006c06 f   tgf:tgf.dll
 0001:00005c0c       ?RtTrackSideTgAngleL@@YAMPAUtTrkLocPos@@@Z 10006c0c f   robottools:robottools.dll
 0001:00005c20       ??$__vcrt_va_start_verify_argument_type@PBD@@YAXXZ 10006c20 f i ul_vs2017_32:ulError.obj
 0001:00005c30       ??$__vcrt_va_start_verify_argument_type@QBD@@YAXXZ 10006c30 f i ul_vs2017_32:ulError.obj
 0001:00005c40       ?ulClearError@@YAXXZ       10006c40 f   ul_vs2017_32:ulError.obj
 0001:00005c50       ?ulGetError@@YAPADXZ       10006c50 f   ul_vs2017_32:ulError.obj
 0001:00005c60       ?ulGetErrorCallback@@YAP6AXW4ulSeverity@@PAD@ZXZ 10006c60 f   ul_vs2017_32:ulError.obj
 0001:00005c70       ?ulSetError@@YAXW4ulSeverity@@PBDZZ 10006c70 f   ul_vs2017_32:ulError.obj
 0001:00005d00       ?ulSetErrorCallback@@YAXP6AXW4ulSeverity@@PAD@Z@Z 10006d00 f   ul_vs2017_32:ulError.obj
 0001:00005d10       ___local_stdio_printf_options 10006d10 f i ul_vs2017_32:ulError.obj
 0001:00005d20       _fprintf                   10006d20 f i ul_vs2017_32:ulError.obj
 0001:00005d43       _MessageBoxA@16            10006d43 f   user32:USER32.dll
 0001:00005d50       ??0_Init_locks@std@@QAE@XZ 10006d50 f   libcpmtd:xlock.obj
 0001:00005da0       ??0_Lockit@std@@QAE@H@Z    10006da0 f   libcpmtd:xlock.obj
 0001:00005df0       ??0_Lockit@std@@QAE@XZ     10006df0 f   libcpmtd:xlock.obj
 0001:00005e30       ??1_Init_locks@std@@QAE@XZ 10006e30 f   libcpmtd:xlock.obj
 0001:00005e80       ??1_Lockit@std@@QAE@XZ     10006e80 f   libcpmtd:xlock.obj
 0001:00005ec0       ?_Init_locks_ctor@_Init_locks@std@@CAXPAV12@@Z 10006ec0 f   libcpmtd:xlock.obj
 0001:00005f10       ?_Init_locks_dtor@_Init_locks@std@@CAXPAV12@@Z 10006f10 f   libcpmtd:xlock.obj
 0001:00005f60       ?_Lockit_ctor@_Lockit@std@@CAXPAV12@@Z 10006f60 f   libcpmtd:xlock.obj
 0001:00005f80       ?_Lockit_ctor@_Lockit@std@@CAXPAV12@H@Z 10006f80 f   libcpmtd:xlock.obj
 0001:00005fc0       ?_Lockit_ctor@_Lockit@std@@SAXH@Z 10006fc0 f   libcpmtd:xlock.obj
 0001:00005ff0       ?_Lockit_dtor@_Lockit@std@@CAXPAV12@@Z 10006ff0 f   libcpmtd:xlock.obj
 0001:00006010       ?_Lockit_dtor@_Lockit@std@@SAXH@Z 10007010 f   libcpmtd:xlock.obj
 0001:00006040       __Lock_at_thread_exit_mutex 10007040 f   libcpmtd:xlock.obj
 0001:00006060       __Unlock_at_thread_exit_mutex 10007060 f   libcpmtd:xlock.obj
 0001:00006080       ??0bad_alloc@std@@QAE@ABV01@@Z 10007080 f i libcpmtd:xthrow.obj
 0001:000060b0       ??0bad_alloc@std@@QAE@XZ   100070b0 f i libcpmtd:xthrow.obj
 0001:000060e0       ??0bad_function_call@std@@QAE@ABV01@@Z 100070e0 f i libcpmtd:xthrow.obj
 0001:00006110       ??0bad_function_call@std@@QAE@XZ 10007110 f i libcpmtd:xthrow.obj
 0001:00006130       ??0exception@std@@QAE@ABV01@@Z 10007130 f i libcpmtd:xthrow.obj
 0001:00006170       ??0exception@std@@QAE@QBD@Z 10007170 f i libcpmtd:xthrow.obj
 0001:000061c0       ??0exception@std@@QAE@QBDH@Z 100071c0 f i libcpmtd:xthrow.obj
 0001:000061f0       ??0exception@std@@QAE@XZ   100071f0 f i libcpmtd:xthrow.obj
 0001:00006220       ??0invalid_argument@std@@QAE@ABV01@@Z 10007220 f i libcpmtd:xthrow.obj
 0001:00006250       ??0invalid_argument@std@@QAE@PBD@Z 10007250 f i libcpmtd:xthrow.obj
 0001:00006280       ??0length_error@std@@QAE@ABV01@@Z 10007280 f i libcpmtd:xthrow.obj
 0001:000062b0       ??0length_error@std@@QAE@PBD@Z 100072b0 f i libcpmtd:xthrow.obj
 0001:000062e0       ??0logic_error@std@@QAE@ABV01@@Z 100072e0 f i libcpmtd:xthrow.obj
 0001:00006310       ??0logic_error@std@@QAE@PBD@Z 10007310 f i libcpmtd:xthrow.obj
 0001:00006340       ??0out_of_range@std@@QAE@ABV01@@Z 10007340 f i libcpmtd:xthrow.obj
 0001:00006370       ??0out_of_range@std@@QAE@PBD@Z 10007370 f i libcpmtd:xthrow.obj
 0001:000063a0       ??0overflow_error@std@@QAE@ABV01@@Z 100073a0 f i libcpmtd:xthrow.obj
 0001:000063d0       ??0overflow_error@std@@QAE@PBD@Z 100073d0 f i libcpmtd:xthrow.obj
 0001:00006400       ??0regex_error@std@@QAE@ABV01@@Z 10007400 f i libcpmtd:xthrow.obj
 0001:00006440       ??0regex_error@std@@QAE@W4error_type@regex_constants@1@@Z 10007440 f i libcpmtd:xthrow.obj
 0001:00006480       ??0runtime_error@std@@QAE@ABV01@@Z 10007480 f i libcpmtd:xthrow.obj
 0001:000064b0       ??0runtime_error@std@@QAE@PBD@Z 100074b0 f i libcpmtd:xthrow.obj
 0001:000064e0       ??1bad_alloc@std@@UAE@XZ   100074e0 f i libcpmtd:xthrow.obj
 0001:00006500       ??1bad_function_call@std@@UAE@XZ 10007500 f i libcpmtd:xthrow.obj
 0001:00006520       ??1exception@std@@UAE@XZ   10007520 f i libcpmtd:xthrow.obj
 0001:00006550       ??1invalid_argument@std@@UAE@XZ 10007550 f i libcpmtd:xthrow.obj
 0001:00006570       ??1length_error@std@@UAE@XZ 10007570 f i libcpmtd:xthrow.obj
 0001:00006590       ??1logic_error@std@@UAE@XZ 10007590 f i libcpmtd:xthrow.obj
 0001:000065b0       ??1out_of_range@std@@UAE@XZ 100075b0 f i libcpmtd:xthrow.obj
 0001:000065d0       ??1overflow_error@std@@UAE@XZ 100075d0 f i libcpmtd:xthrow.obj
 0001:000065f0       ??1regex_error@std@@UAE@XZ 100075f0 f i libcpmtd:xthrow.obj
 0001:00006610       ??1runtime_error@std@@UAE@XZ 10007610 f i libcpmtd:xthrow.obj
 0001:00006630       ??_Gbad_alloc@std@@UAEPAXI@Z 10007630 f i libcpmtd:xthrow.obj
 0001:00006630       ??_Ebad_alloc@std@@UAEPAXI@Z 10007630 f i libcpmtd:xthrow.obj
 0001:00006660       ??_Ebad_function_call@std@@UAEPAXI@Z 10007660 f i libcpmtd:xthrow.obj
 0001:00006660       ??_Gbad_function_call@std@@UAEPAXI@Z 10007660 f i libcpmtd:xthrow.obj
 0001:00006690       ??_Gexception@std@@UAEPAXI@Z 10007690 f i libcpmtd:xthrow.obj
 0001:00006690       ??_Eexception@std@@UAEPAXI@Z 10007690 f i libcpmtd:xthrow.obj
 0001:000066c0       ??_Einvalid_argument@std@@UAEPAXI@Z 100076c0 f i libcpmtd:xthrow.obj
 0001:000066c0       ??_Ginvalid_argument@std@@UAEPAXI@Z 100076c0 f i libcpmtd:xthrow.obj
 0001:000066f0       ??_Glength_error@std@@UAEPAXI@Z 100076f0 f i libcpmtd:xthrow.obj
 0001:000066f0       ??_Elength_error@std@@UAEPAXI@Z 100076f0 f i libcpmtd:xthrow.obj
 0001:00006720       ??_Glogic_error@std@@UAEPAXI@Z 10007720 f i libcpmtd:xthrow.obj
 0001:00006720       ??_Elogic_error@std@@UAEPAXI@Z 10007720 f i libcpmtd:xthrow.obj
 0001:00006750       ??_Gout_of_range@std@@UAEPAXI@Z 10007750 f i libcpmtd:xthrow.obj
 0001:00006750       ??_Eout_of_range@std@@UAEPAXI@Z 10007750 f i libcpmtd:xthrow.obj
 0001:00006780       ??_Eoverflow_error@std@@UAEPAXI@Z 10007780 f i libcpmtd:xthrow.obj
 0001:00006780       ??_Goverflow_error@std@@UAEPAXI@Z 10007780 f i libcpmtd:xthrow.obj
 0001:000067b0       ??_Eregex_error@std@@UAEPAXI@Z 100077b0 f i libcpmtd:xthrow.obj
 0001:000067b0       ??_Gregex_error@std@@UAEPAXI@Z 100077b0 f i libcpmtd:xthrow.obj
 0001:000067e0       ??_Eruntime_error@std@@UAEPAXI@Z 100077e0 f i libcpmtd:xthrow.obj
 0001:000067e0       ??_Gruntime_error@std@@UAEPAXI@Z 100077e0 f i libcpmtd:xthrow.obj
 0001:00006810       ?_Stringify@regex_error@std@@CAPBDW4error_type@regex_constants@2@@Z 10007810 f i libcpmtd:xthrow.obj
 0001:000068e0       ?_Xbad_alloc@std@@YAXXZ    100078e0 f   libcpmtd:xthrow.obj
 0001:00006900       ?_Xbad_function_call@std@@YAXXZ 10007900 f   libcpmtd:xthrow.obj
 0001:00006920       ?_Xinvalid_argument@std@@YAXPBD@Z 10007920 f   libcpmtd:xthrow.obj
 0001:00006950       ?_Xlength_error@std@@YAXPBD@Z 10007950 f   libcpmtd:xthrow.obj
 0001:00006980       ?_Xout_of_range@std@@YAXPBD@Z 10007980 f   libcpmtd:xthrow.obj
 0001:000069b0       ?_Xoverflow_error@std@@YAXPBD@Z 100079b0 f   libcpmtd:xthrow.obj
 0001:000069e0       ?_Xregex_error@std@@YAXW4error_type@regex_constants@1@@Z 100079e0 f   libcpmtd:xthrow.obj
 0001:00006a10       ?_Xruntime_error@std@@YAXPBD@Z 10007a10 f   libcpmtd:xthrow.obj
 0001:00006a40       ?__empty_global_delete@@YAXPAX@Z 10007a40 f i libcpmtd:xthrow.obj
 0001:00006a50       ?__empty_global_delete@@YAXPAXI@Z 10007a50 f i libcpmtd:xthrow.obj
 0001:00006a60       ?what@bad_function_call@std@@UBEPBDXZ 10007a60 f i libcpmtd:xthrow.obj
 0001:00006a70       ?what@exception@std@@UBEPBDXZ 10007a70 f i libcpmtd:xthrow.obj
 0001:00006aa0       __Mtxdst                   10007aa0 f   libcpmtd:xmtx.obj
 0001:00006ab0       __Mtxinit                  10007ab0 f   libcpmtd:xmtx.obj
 0001:00006ad0       __Mtxlock                  10007ad0 f   libcpmtd:xmtx.obj
 0001:00006ae0       __Mtxunlock                10007ae0 f   libcpmtd:xmtx.obj
 0001:00007080       ___crtAcquireSRWLockExclusive 10008080 f   libcpmtd:winapisupp.obj
 0001:000070c0       ___crtCloseThreadpoolTimer 100080c0 f   libcpmtd:winapisupp.obj
 0001:00007100       ___crtCloseThreadpoolWait  10008100 f   libcpmtd:winapisupp.obj
 0001:00007140       ___crtCloseThreadpoolWork  10008140 f   libcpmtd:winapisupp.obj
 0001:00007180       ___crtCreateEventExW       10008180 f   libcpmtd:winapisupp.obj
 0001:000071f0       ___crtCreateSemaphoreExW   100081f0 f   libcpmtd:winapisupp.obj
 0001:00007280       ___crtCreateSymbolicLinkW  10008280 f   libcpmtd:winapisupp.obj
 0001:000072d0       ___crtCreateThreadpoolTimer 100082d0 f   libcpmtd:winapisupp.obj
 0001:00007320       ___crtCreateThreadpoolWait 10008320 f   libcpmtd:winapisupp.obj
 0001:00007370       ___crtCreateThreadpoolWork 10008370 f   libcpmtd:winapisupp.obj
 0001:000073b0       ___crtFlsAlloc             100083b0 f   libcpmtd:winapisupp.obj
 0001:000073f0       ___crtFlsFree              100083f0 f   libcpmtd:winapisupp.obj
 0001:00007440       ___crtFlsGetValue          10008440 f   libcpmtd:winapisupp.obj
 0001:00007490       ___crtFlsSetValue          10008490 f   libcpmtd:winapisupp.obj
 0001:000074e0       ___crtFlushProcessWriteBuffers 100084e0 f   libcpmtd:winapisupp.obj
 0001:00007520       ___crtFreeLibraryWhenCallbackReturns 10008520 f   libcpmtd:winapisupp.obj
 0001:00007560       ___crtGetCurrentProcessorNumber 10008560 f   libcpmtd:winapisupp.obj
 0001:000075a0       ___crtGetFileInformationByHandleEx 100085a0 f   libcpmtd:winapisupp.obj
 0001:000075f0       ___crtGetSystemTimePreciseAsFileTime 100085f0 f   libcpmtd:winapisupp.obj
 0001:00007640       ___crtGetTickCount64       10008640 f   libcpmtd:winapisupp.obj
 0001:00007680       ___crtInitOnceExecuteOnce  10008680 f   libcpmtd:winapisupp.obj
 0001:00007790       ___crtInitializeConditionVariable 10008790 f   libcpmtd:winapisupp.obj
 0001:000077d0       ___crtInitializeCriticalSectionEx 100087d0 f   libcpmtd:winapisupp.obj
 0001:00007830       ___crtInitializeSRWLock    10008830 f   libcpmtd:winapisupp.obj
 0001:00007870       ___crtIsPackagedApp        10008870 f   libcpmtd:winapisupp.obj
 0001:000078b0       ___crtReleaseSRWLockExclusive 100088b0 f   libcpmtd:winapisupp.obj
 0001:000078f0       ___crtSetFileInformationByHandle 100088f0 f   libcpmtd:winapisupp.obj
 0001:00007940       ___crtSetThreadpoolTimer   10008940 f   libcpmtd:winapisupp.obj
 0001:00007990       ___crtSetThreadpoolWait    10008990 f   libcpmtd:winapisupp.obj
 0001:000079d0       ___crtSleepConditionVariableCS 100089d0 f   libcpmtd:winapisupp.obj
 0001:00007a10       ___crtSleepConditionVariableSRW 10008a10 f   libcpmtd:winapisupp.obj
 0001:00007a60       ___crtSubmitThreadpoolWork 10008a60 f   libcpmtd:winapisupp.obj
 0001:00007aa0       ___crtTryAcquireSRWLockExclusive 10008aa0 f   libcpmtd:winapisupp.obj
 0001:00007ae0       ___crtWaitForThreadpoolTimerCallbacks 10008ae0 f   libcpmtd:winapisupp.obj
 0001:00007b20       ___crtWakeAllConditionVariable 10008b20 f   libcpmtd:winapisupp.obj
 0001:00007b60       ___crtWakeConditionVariable 10008b60 f   libcpmtd:winapisupp.obj
 0001:00007ba0       ___crt_IsPackagedAppHelper 10008ba0 f   libcpmtd:winapisupp.obj
 0001:00007c00       ??2@YAPAXI@Z               10008c00 f   LIBCMTD:new_scalar.obj
 0001:00007c50       ??3@YAXPAXI@Z              10008c50 f   LIBCMTD:delete_scalar_size.obj
 0001:00007c70       @_RTC_AllocaHelper@12      10008c70 f   LIBCMTD:_stack_.obj
 0001:00007cb0       @_RTC_CheckStackVars2@12   10008cb0 f   LIBCMTD:_stack_.obj
 0001:00007d90       @_RTC_CheckStackVars@8     10008d90 f   LIBCMTD:_stack_.obj
 0001:00007e00       __RTC_CheckEsp             10008e00 f   LIBCMTD:_stack_.obj
 0001:00007e40       @__security_check_cookie@4 10008e40 f   LIBCMTD:_secchk_.obj
 0001:00007e60       __CRT_RTC_INIT             10008e60 f   LIBCMTD:_init_.obj
 0001:00007e70       __CRT_RTC_INITW            10008e70 f   LIBCMTD:_init_.obj
 0001:00007e80       __RTC_InitBase             10008e80 f   LIBCMTD:_init_.obj
 0001:00007eb0       __RTC_Shutdown             10008eb0 f   LIBCMTD:_init_.obj
 0001:00008370       __CRT_INIT@12              10009370 f   LIBCMTD:dll_dllmain.obj
 0001:00008390       __DllMainCRTStartup@12     10009390 f   LIBCMTD:dll_dllmain.obj
 0001:000083c0       ??$__crt_fast_decode_pointer@PAP6AXXZ@@YAPAP6AXXZQAP6AXXZ@Z 100093c0 f i LIBCMTD:utility.obj
 0001:000083f0       ??$__crt_fast_encode_pointer@PAP6AXXZ@@YAPAP6AXXZQAP6AXXZ@Z 100093f0 f i LIBCMTD:utility.obj
 0001:00008420       ?__crt_rotate_pointer_value@@YAIIH@Z 10009420 f i LIBCMTD:utility.obj
 0001:00008430       ?configure_argv@__scrt_narrow_argv_policy@@SAHXZ 10009430 f i LIBCMTD:utility.obj
 0001:000084e0       ?initialize_environment@__scrt_narrow_environment_policy@@SAHXZ 100094e0 f i LIBCMTD:utility.obj
 0001:00008560       _NtCurrentTeb              10009560 f i LIBCMTD:utility.obj
 0001:00008570       ___scrt_acquire_startup_lock 10009570 f   LIBCMTD:utility.obj
 0001:000085c0       ___scrt_dllmain_after_initialize_c 100095c0 f   LIBCMTD:utility.obj
 0001:000085f0       ___scrt_dllmain_before_initialize_c 100095f0 f   LIBCMTD:utility.obj
 0001:00008610       ___scrt_dllmain_crt_thread_attach 10009610 f   LIBCMTD:utility.obj
 0001:00008640       ___scrt_dllmain_crt_thread_detach 10009640 f   LIBCMTD:utility.obj
 0001:00008660       ___scrt_dllmain_exception_filter 10009660 f   LIBCMTD:utility.obj
 0001:000086b0       ___scrt_dllmain_uninitialize_c 100096b0 f   LIBCMTD:utility.obj
 0001:000086e0       ___scrt_dllmain_uninitialize_critical 100096e0 f   LIBCMTD:utility.obj
 0001:00008700       ___scrt_initialize_crt     10009700 f   LIBCMTD:utility.obj
 0001:00008750       ___scrt_initialize_onexit_tables 10009750 f   LIBCMTD:utility.obj
 0001:00008830       ___scrt_is_nonwritable_in_current_image 10009830 f   LIBCMTD:utility.obj
 0001:00008960       ___scrt_release_startup_lock 10009960 f   LIBCMTD:utility.obj
 0001:00008990       ___scrt_uninitialize_crt   10009990 f   LIBCMTD:utility.obj
 0001:000089d0       __onexit                   100099d0 f   LIBCMTD:utility.obj
 0001:00008a40       _at_quick_exit             10009a40 f   LIBCMTD:utility.obj
 0001:00008a90       _atexit                    10009a90 f   LIBCMTD:utility.obj
 0001:00008ac0       ??1type_info@@UAE@XZ       10009ac0 f   LIBCMTD:std_type_info_static.obj
 0001:00008ae0       ??_Gtype_info@@UAEPAXI@Z   10009ae0 f i LIBCMTD:std_type_info_static.obj
 0001:00008ae0       ??_Etype_info@@UAEPAXI@Z   10009ae0 f i LIBCMTD:std_type_info_static.obj
 0001:00008b10       @_guard_check_icall@4      10009b10 f i LIBCMTD:checkcfg.obj
 0001:00008b30       ??0bad_alloc@std@@AAE@QBD@Z 10009b30 f i LIBCMTD:throw_bad_alloc.obj
 0001:00008b60       ??0bad_array_new_length@std@@QAE@ABV01@@Z 10009b60 f i LIBCMTD:throw_bad_alloc.obj
 0001:00008b90       ??0bad_array_new_length@std@@QAE@XZ 10009b90 f i LIBCMTD:throw_bad_alloc.obj
 0001:00008bc0       ??1bad_array_new_length@std@@UAE@XZ 10009bc0 f i LIBCMTD:throw_bad_alloc.obj
 0001:00008be0       ??_Ebad_array_new_length@std@@UAEPAXI@Z 10009be0 f i LIBCMTD:throw_bad_alloc.obj
 0001:00008be0       ??_Gbad_array_new_length@std@@UAEPAXI@Z 10009be0 f i LIBCMTD:throw_bad_alloc.obj
 0001:00008c10       ?__scrt_throw_std_bad_alloc@@YAXXZ 10009c10 f   LIBCMTD:throw_bad_alloc.obj
 0001:00008c30       ?__scrt_throw_std_bad_array_new_length@@YAXXZ 10009c30 f   LIBCMTD:throw_bad_alloc.obj
 0001:00008c50       ??3@YAXPAX@Z               10009c50 f   LIBCMTD:delete_scalar.obj
 0001:00008d00       ?_RTC_AllocaFailure@@YAXPAXPAU_RTC_ALLOCA_NODE@@H@Z 10009d00 f   LIBCMTD:_error_.obj
 0001:00008df0       ?_RTC_Failure@@YAXPAXH@Z   10009df0 f   LIBCMTD:_error_.obj
 0001:00008e40       ?_RTC_StackFailure@@YAXPAXPBD@Z 10009e40 f   LIBCMTD:_error_.obj
 0001:00009200       __RTC_UninitUse            1000a200 f   LIBCMTD:_error_.obj
 0001:000092b0       __vsprintf_s_l             1000a2b0 f i LIBCMTD:_error_.obj
 0001:000092e0       _sprintf_s                 1000a2e0 f i LIBCMTD:_error_.obj
 0001:00009310       ___raise_securityfailure   1000a310 f   LIBCMTD:gs_report.obj
 0001:00009340       ___report_gsfailure        1000a340 f   LIBCMTD:gs_report.obj
 0001:00009450       ___report_rangecheckfailure 1000a450 f   LIBCMTD:gs_report.obj
 0001:00009460       ___report_securityfailure  1000a460 f   LIBCMTD:gs_report.obj
 0001:00009540       ___report_securityfailureEx 1000a540 f   LIBCMTD:gs_report.obj
 0001:00009670       ?_RTC_GetErrorFunc@@YAP6AHHPBDH00ZZPBX@Z 1000a670 f   LIBCMTD:_userapi_.obj
 0001:00009680       ?_RTC_GetErrorFuncW@@YAP6AHHPB_WH00ZZPBX@Z 1000a680 f   LIBCMTD:_userapi_.obj
 0001:00009690       __RTC_GetErrDesc           1000a690 f   LIBCMTD:_userapi_.obj
 0001:000096b0       __RTC_NumErrors            1000a6b0 f   LIBCMTD:_userapi_.obj
 0001:000096c0       __RTC_SetErrorFunc         1000a6c0 f   LIBCMTD:_userapi_.obj
 0001:000096e0       __RTC_SetErrorFuncW        1000a6e0 f   LIBCMTD:_userapi_.obj
 0001:00009700       __RTC_SetErrorType         1000a700 f   LIBCMTD:_userapi_.obj
 0001:000097a0       ___security_init_cookie    1000a7a0 f   LIBCMTD:gs_support.obj
 0001:00009820       _DllMain@12                1000a820 f   LIBCMTD:dll_dllmain_stub.obj
 0001:00009830       ?__scrt_initialize_type_info@@YAXXZ 1000a830 f   LIBCMTD:tncleanup.obj
 0001:00009840       ?__scrt_uninitialize_type_info@@YAXXZ 1000a840 f   LIBCMTD:tncleanup.obj
 0001:00009860       ___local_stdio_scanf_options 1000a860 f i LIBCMTD:default_local_stdio_options.obj
 0001:00009870       ___scrt_initialize_default_local_stdio_options 1000a870 f   LIBCMTD:default_local_stdio_options.obj
 0001:000098b0       ___scrt_get_dyn_tls_init_callback 1000a8b0 f   LIBCMTD:dyn_tls_init.obj
 0001:000098c0       ___scrt_fastfail           1000a8c0 f   LIBCMTD:utility_desktop.obj
 0001:00009a00       ___scrt_get_show_window_mode 1000aa00 f   LIBCMTD:utility_desktop.obj
 0001:00009a40       ___scrt_initialize_winrt   1000aa40 f   LIBCMTD:utility_desktop.obj
 0001:00009a50       ___scrt_is_managed_app     1000aa50 f   LIBCMTD:utility_desktop.obj
 0001:00009ae0       ___scrt_set_unhandled_exception_filter 1000aae0 f   LIBCMTD:utility_desktop.obj
 0001:00009af0       ___scrt_unhandled_exception_filter@4 1000aaf0 f   LIBCMTD:utility_desktop.obj
 0001:00009b50       __crt_debugger_hook        1000ab50 f   LIBCMTD:utility_desktop.obj
 0001:00009b60       __RTC_Initialize           1000ab60 f   LIBCMTD:_initsect_.obj
 0001:00009b90       __RTC_Terminate            1000ab90 f   LIBCMTD:_initsect_.obj
 0001:00009bc0       ___isa_available_init      1000abc0 f   LIBCMTD:_cpu_disp_.obj
 0001:00009ea0       __get_startup_argv_mode    1000aea0 f   LIBCMTD:argv_mode.obj
 0001:00009eb0       ___scrt_is_ucrt_dll_in_use 1000aeb0 f   LIBCMTD:ucrt_detection.obj
 0001:00009ee0       @_guard_check_icall_nop@4  1000aee0 f i LIBCMTD:guard_support.obj
 0001:00009ef0       _ReadNoFence               1000aef0 f i LIBCMTD:guard_support.obj
 0001:00009f10       _ReadPointerNoFence        1000af10 f i LIBCMTD:guard_support.obj
 0001:00009f30       __guard_icall_checks_enforced 1000af30 f i LIBCMTD:guard_support.obj
 0001:0000a3f0       ?_RTC_GetSrcLine@@YAHPAEPA_WKPAH1K@Z 1000b3f0 f   LIBCMTD:_pdblkup_.obj
 0001:0000a740       _memmove                   1000b740 f   libvcruntimed:memmove.obj
 0001:0000acc0       _memset                    1000bcc0 f   libvcruntimed:memset.obj
 0001:0000ae20       __CxxThrowException@8      1000be20 f   libvcruntimed:throw.obj
 0001:0000aed0       ?_CallCatchBlock2@@YAPAXPAUEHRegistrationNode@@PBU_s_FuncInfo@@PAXHK@Z 1000bed0 f   libvcruntimed:trnsctrl.obj
 0001:0000af40       ?_CallSETranslator@@YAHPAUEHExceptionRecord@@PAUEHRegistrationNode@@PAX2PBU_s_FuncInfo@@H1@Z 1000bf40 f   libvcruntimed:trnsctrl.obj
 0001:0000b030       ?_GetRangeOfTrysToCheck@@YAPBU_s_TryBlockMapEntry@@PBU_s_FuncInfo@@HHPAI1@Z 1000c030 f   libvcruntimed:trnsctrl.obj
 0001:0000b100       ?_JumpToContinuation@@YGXPAXPAUEHRegistrationNode@@@Z 1000c100 f   libvcruntimed:trnsctrl.obj
 0001:0000b140       ?_UnwindNestedFrames@@YGXPAUEHRegistrationNode@@PAUEHExceptionRecord@@@Z 1000c140 f   libvcruntimed:trnsctrl.obj
 0001:0000b1a0       __CatchGuardHandler        1000c1a0 f   libvcruntimed:trnsctrl.obj
 0001:0000b1f0       __CreateFrameInfo          1000c1f0 f   libvcruntimed:trnsctrl.obj
 0001:0000b220       __FindAndUnlinkFrame       1000c220 f   libvcruntimed:trnsctrl.obj
 0001:0000b290       __TranslatorGuardHandler   1000c290 f   libvcruntimed:trnsctrl.obj
 0001:0000b340       ___CxxFrameHandler         1000c340 f   libvcruntimed:trnsctrl.obj
 0001:0000b380       ___CxxFrameHandler2        1000c380 f   libvcruntimed:trnsctrl.obj
 0001:0000b3c0       ___CxxFrameHandler3        1000c3c0 f   libvcruntimed:trnsctrl.obj
 0001:0000b400       ___CxxLongjmpUnwind@4      1000c400 f   libvcruntimed:trnsctrl.obj
 0001:0000b440       ??$?RD@__crt_public_free_policy@@QBEXQBD@Z 1000c440 f i libvcruntimed:std_exception.obj
 0001:0000b460       ??0?$__crt_unique_heap_ptr@DU__crt_public_free_policy@@@@QAE@QAD@Z 1000c460 f i libvcruntimed:std_exception.obj
 0001:0000b480       ??1?$__crt_unique_heap_ptr@DU__crt_public_free_policy@@@@QAE@XZ 1000c480 f i libvcruntimed:std_exception.obj
 0001:0000b4a0       ??B?$__crt_unique_heap_ptr@DU__crt_public_free_policy@@@@QBE_NXZ 1000c4a0 f i libvcruntimed:std_exception.obj
 0001:0000b4c0       ?detach@?$__crt_unique_heap_ptr@DU__crt_public_free_policy@@@@QAEPADXZ 1000c4c0 f i libvcruntimed:std_exception.obj
 0001:0000b4f0       ?get@?$__crt_unique_heap_ptr@DU__crt_public_free_policy@@@@QBEPADXZ 1000c4f0 f i libvcruntimed:std_exception.obj
 0001:0000b500       ?is_valid@?$__crt_unique_heap_ptr@DU__crt_public_free_policy@@@@QBE_NXZ 1000c500 f i libvcruntimed:std_exception.obj
 0001:0000b530       ?release@?$__crt_unique_heap_ptr@DU__crt_public_free_policy@@@@QAEXXZ 1000c530 f i libvcruntimed:std_exception.obj
 0001:0000b560       ___std_exception_copy      1000c560 f   libvcruntimed:std_exception.obj
 0001:0000b640       ___std_exception_destroy   1000c640 f   libvcruntimed:std_exception.obj
 0001:0000b6d0       __except_handler4          1000c6d0 f   libvcruntimed:_chandler4_.obj
 0001:0000b8a0       ___vcrt_initialize         1000c8a0 f   libvcruntimed:initialization.obj
 0001:0000b8e0       ___vcrt_thread_attach      1000c8e0 f   libvcruntimed:initialization.obj
 0001:0000b900       ___vcrt_thread_detach      1000c900 f   libvcruntimed:initialization.obj
 0001:0000b920       ___vcrt_uninitialize       1000c920 f   libvcruntimed:initialization.obj
 0001:0000b940       ___vcrt_uninitialize_critical 1000c940 f   libvcruntimed:initialization.obj
 0001:0000b980       ??$?RD@__crt_internal_free_policy@@QBEXQBD@Z 1000c980 f i libvcruntimed:std_type_info.obj
 0001:0000b9a0       ??$?RX@__crt_internal_free_policy@@QBEXQBX@Z 1000c9a0 f i libvcruntimed:std_type_info.obj
 0001:0000b9c0       ??$__crt_interlocked_compare_exchange_pointer@$$CBDPAD$$T@@YAPBDPDSBDQAD$$T@Z 1000c9c0 f i libvcruntimed:std_type_info.obj
 0001:0000b9e0       ??$__crt_interlocked_read_pointer@$$CBD@@YAPBDPDSBD@Z 1000c9e0 f i libvcruntimed:std_type_info.obj
 0001:0000ba00       ??0?$__crt_unique_heap_ptr@DU__crt_internal_free_policy@@@@QAE@QAD@Z 1000ca00 f i libvcruntimed:std_type_info.obj
 0001:0000ba20       ??0?$__crt_unique_heap_ptr@XU__crt_internal_free_policy@@@@QAE@QAX@Z 1000ca20 f i libvcruntimed:std_type_info.obj
 0001:0000ba40       ??1?$__crt_unique_heap_ptr@DU__crt_internal_free_policy@@@@QAE@XZ 1000ca40 f i libvcruntimed:std_type_info.obj
 0001:0000ba60       ??1?$__crt_unique_heap_ptr@XU__crt_internal_free_policy@@@@QAE@XZ 1000ca60 f i libvcruntimed:std_type_info.obj
 0001:0000baa0       ??B?$__crt_unique_heap_ptr@DU__crt_internal_free_policy@@@@QBE_NXZ 1000caa0 f i libvcruntimed:std_type_info.obj
 0001:0000bac0       ??B?$__crt_unique_heap_ptr@XU__crt_internal_free_policy@@@@QBE_NXZ 1000cac0 f i libvcruntimed:std_type_info.obj
 0001:0000bb30       ?__crt_interlocked_read_32@@YAHPDH@Z 1000cb30 f i libvcruntimed:std_type_info.obj
 0001:0000bb50       ?detach@?$__crt_unique_heap_ptr@XU__crt_internal_free_policy@@@@QAEPAXXZ 1000cb50 f i libvcruntimed:std_type_info.obj
 0001:0000bb80       ?get@?$__crt_unique_heap_ptr@DU__crt_internal_free_policy@@@@QBEPADXZ 1000cb80 f i libvcruntimed:std_type_info.obj
 0001:0000bb90       ?get@?$__crt_unique_heap_ptr@XU__crt_internal_free_policy@@@@QBEPAXXZ 1000cb90 f i libvcruntimed:std_type_info.obj
 0001:0000bba0       ?is_valid@?$__crt_unique_heap_ptr@DU__crt_internal_free_policy@@@@QBE_NXZ 1000cba0 f i libvcruntimed:std_type_info.obj
 0001:0000bbd0       ?is_valid@?$__crt_unique_heap_ptr@XU__crt_internal_free_policy@@@@QBE_NXZ 1000cbd0 f i libvcruntimed:std_type_info.obj
 0001:0000bc00       ?release@?$__crt_unique_heap_ptr@DU__crt_internal_free_policy@@@@QAEXXZ 1000cc00 f i libvcruntimed:std_type_info.obj
 0001:0000bc30       ?release@?$__crt_unique_heap_ptr@XU__crt_internal_free_policy@@@@QAEXXZ 1000cc30 f i libvcruntimed:std_type_info.obj
 0001:0000bc60       ___std_type_info_compare   1000cc60 f   libvcruntimed:std_type_info.obj
 0001:0000bc90       ___std_type_info_destroy_list 1000cc90 f   libvcruntimed:std_type_info.obj
 0001:0000bcd0       ___std_type_info_hash      1000ccd0 f   libvcruntimed:std_type_info.obj
 0001:0000bd30       ___std_type_info_name      1000cd30 f   libvcruntimed:std_type_info.obj
 0001:0000bf10       ___vcrt_GetModuleFileNameW 1000cf10 f   libvcruntimed:winapi_thunks.obj
 0001:0000bf30       ___vcrt_GetModuleHandleW   1000cf30 f   libvcruntimed:winapi_thunks.obj
 0001:0000bf40       ___vcrt_LoadLibraryExW     1000cf40 f   libvcruntimed:winapi_thunks.obj
 0001:0000bf60       ??$?RU__vcrt_ptd@@@__crt_internal_free_policy@@QBEXQBU__vcrt_ptd@@@Z 1000cf60 f i libvcruntimed:per_thread_data.obj
 0001:0000bf80       ??0?$__crt_unique_heap_ptr@U__vcrt_ptd@@U__crt_internal_free_policy@@@@QAE@QAU__vcrt_ptd@@@Z 1000cf80 f i libvcruntimed:per_thread_data.obj
 0001:0000bfc0       ??1?$__crt_unique_heap_ptr@U__vcrt_ptd@@U__crt_internal_free_policy@@@@QAE@XZ 1000cfc0 f i libvcruntimed:per_thread_data.obj
 0001:0000c000       ??B?$__crt_unique_heap_ptr@U__vcrt_ptd@@U__crt_internal_free_policy@@@@QBE_NXZ 1000d000 f i libvcruntimed:per_thread_data.obj
 0001:0000c020       ?detach@?$__crt_unique_heap_ptr@U__vcrt_ptd@@U__crt_internal_free_policy@@@@QAEPAU__vcrt_ptd@@XZ 1000d020 f i libvcruntimed:per_thread_data.obj
 0001:0000c050       ?get@?$__crt_unique_heap_ptr@U__vcrt_ptd@@U__crt_internal_free_policy@@@@QBEPAU__vcrt_ptd@@XZ 1000d050 f i libvcruntimed:per_thread_data.obj
 0001:0000c060       ?is_valid@?$__crt_unique_heap_ptr@U__vcrt_ptd@@U__crt_internal_free_policy@@@@QBE_NXZ 1000d060 f i libvcruntimed:per_thread_data.obj
 0001:0000c090       ?release@?$__crt_unique_heap_ptr@U__vcrt_ptd@@U__crt_internal_free_policy@@@@QAEXXZ 1000d090 f i libvcruntimed:per_thread_data.obj
 0001:0000c0f0       ___vcrt_freefls@4          1000d0f0 f   libvcruntimed:per_thread_data.obj
 0001:0000c120       ___vcrt_freeptd            1000d120 f   libvcruntimed:per_thread_data.obj
 0001:0000c180       ___vcrt_getptd             1000d180 f   libvcruntimed:per_thread_data.obj
 0001:0000c1a0       ___vcrt_getptd_noexit      1000d1a0 f   libvcruntimed:per_thread_data.obj
 0001:0000c300       ___vcrt_getptd_noinit      1000d300 f   libvcruntimed:per_thread_data.obj
 0001:0000c360       ___vcrt_initialize_ptd     1000d360 f   libvcruntimed:per_thread_data.obj
 0001:0000c3b0       ___vcrt_uninitialize_ptd   1000d3b0 f   libvcruntimed:per_thread_data.obj
 0001:0000c3e0       __CallSettingFrame@12      1000d3e0 f   libvcruntimed:lowhelpr.obj
 0001:0000c407       __NLG_Return               1000d407     libvcruntimed:lowhelpr.obj
 0001:0000c430       ??0bad_exception@std@@QAE@ABV01@@Z 1000d430 f i libvcruntimed:frame.obj
 0001:0000c460       ??0bad_exception@std@@QAE@XZ 1000d460 f i libvcruntimed:frame.obj
 0001:0000c490       ??1bad_exception@std@@UAE@XZ 1000d490 f i libvcruntimed:frame.obj
 0001:0000c4b0       ??8type_info@@QBE_NABV0@@Z 1000d4b0 f i libvcruntimed:frame.obj
 0001:0000c4f0       ??_Ebad_exception@std@@UAEPAXI@Z 1000d4f0 f i libvcruntimed:frame.obj
 0001:0000c4f0       ??_Gbad_exception@std@@UAEPAXI@Z 1000d4f0 f i libvcruntimed:frame.obj
 0001:0000d0e0       ?_CallMemberFunction1@@YGXQAX00@Z 1000e0e0 f i libvcruntimed:frame.obj
 0001:0000d100       ?_CallMemberFunction2@@YGXQAX00H@Z 1000e100 f i libvcruntimed:frame.obj
 0001:0000d120       ?_ValidateExecute@@YA_NP6GHXZ@Z 1000e120 f i libvcruntimed:frame.obj
 0001:0000d140       ?_ValidateRead@@YA_NPBXI@Z 1000e140 f i libvcruntimed:frame.obj
 0001:0000d160       ?_ValidateWrite@@YA_NPAXI@Z 1000e160 f i libvcruntimed:frame.obj
 0001:0000d180       ___BuildCatchObject        1000e180 f   libvcruntimed:frame.obj
 0001:0000d290       ___BuildCatchObjectHelper  1000e290 f   libvcruntimed:frame.obj
 0001:0000d5c0       ___FrameUnwindToState      1000e5c0 f   libvcruntimed:frame.obj
 0001:0000d740       ___InternalCxxFrameHandler 1000e740 f   libvcruntimed:frame.obj
 0001:0000d8f0       ___TypeMatch               1000e8f0 f   libvcruntimed:frame.obj
 0001:0000d9d0       ___vcrt_EncodePointer      1000e9d0 f i libvcruntimed:frame.obj
 0001:0000d9f0       ___except_validate_context_record 1000e9f0 f   libvcruntimed:jbcxrval.obj
 0001:0000da40       ___except_validate_jump_buffer 1000ea40 f   libvcruntimed:jbcxrval.obj
 0001:0000da60       ___except_validate_jump_buffer_common 1000ea60 f i libvcruntimed:jbcxrval.obj
 0001:0000dac0       __local_unwind4            1000eac0 f   libvcruntimed:_exsup4_.obj
 0001:0000db98       __seh_longjmp_unwind4@4    1000eb98 f   libvcruntimed:_exsup4_.obj
 0001:0000dbc0       @_EH4_CallFilterFunc@8     1000ebc0 f   libvcruntimed:_exsup4_.obj
 0001:0000dbd8       @_EH4_TransferToHandler@8  1000ebd8 f   libvcruntimed:_exsup4_.obj
 0001:0000dbf4       @_EH4_GlobalUnwind2@8      1000ebf4 f   libvcruntimed:_exsup4_.obj
 0001:0000dc10       @_EH4_LocalUnwind@16       1000ec10 f   libvcruntimed:_exsup4_.obj
 0001:0000dc30       ___vcrt_initialize_locks   1000ec30 f   libvcruntimed:locks.obj
 0001:0000dc90       ___vcrt_lock               1000ec90 f   libvcruntimed:locks.obj
 0001:0000dcb0       ___vcrt_uninitialize_locks 1000ecb0 f   libvcruntimed:locks.obj
 0001:0000dd00       ___vcrt_unlock             1000ed00 f   libvcruntimed:locks.obj
 0001:0000dd20       ??$?BX@__crt_fast_encoded_nullptr_t@@QBEPAXXZ 1000ed20 f i libvcruntimed:winapi_downlevel.obj
 0001:0000dd40       ??$__crt_fast_decode_pointer@PAX@@YAPAXQAX@Z 1000ed40 f i libvcruntimed:winapi_downlevel.obj
 0001:0000dd70       ??$__crt_fast_encode_pointer@PAX@@YAPAXQAX@Z 1000ed70 f i libvcruntimed:winapi_downlevel.obj
 0001:0000dda0       ??$__crt_interlocked_exchange_pointer@UHINSTANCE__@@PAU1@@@YAPAUHINSTANCE__@@PDSAU0@QAU0@@Z 1000eda0 f i libvcruntimed:winapi_downlevel.obj
 0001:0000ddb0       ??$__crt_interlocked_exchange_pointer@UHINSTANCE__@@PAX@@YAPAUHINSTANCE__@@PDSAU0@QAX@Z 1000edb0 f i libvcruntimed:winapi_downlevel.obj
 0001:0000ddc0       ??$__crt_interlocked_exchange_pointer@XPAX@@YAPAXPDSAXQAX@Z 1000edc0 f i libvcruntimed:winapi_downlevel.obj
 0001:0000ddd0       ??$__crt_interlocked_read_pointer@UHINSTANCE__@@@@YAPAUHINSTANCE__@@PDSAU0@@Z 1000edd0 f i libvcruntimed:winapi_downlevel.obj
 0001:0000ddf0       ??$__crt_interlocked_read_pointer@X@@YAPAXPDSAX@Z 1000edf0 f i libvcruntimed:winapi_downlevel.obj
 0001:0000de10       ?__crt_fast_encode_pointer@@YA?AU__crt_fast_encoded_nullptr_t@@$$T@Z 1000ee10 f i libvcruntimed:winapi_downlevel.obj
 0001:0000e210       ___vcrt_FlsAlloc           1000f210 f   libvcruntimed:winapi_downlevel.obj
 0001:0000e250       ___vcrt_FlsFree            1000f250 f   libvcruntimed:winapi_downlevel.obj
 0001:0000e290       ___vcrt_FlsGetValue        1000f290 f   libvcruntimed:winapi_downlevel.obj
 0001:0000e2d0       ___vcrt_FlsSetValue        1000f2d0 f   libvcruntimed:winapi_downlevel.obj
 0001:0000e320       ___vcrt_InitializeCriticalSectionEx 1000f320 f   libvcruntimed:winapi_downlevel.obj
 0001:0000e370       ___vcrt_initialize_winapi_thunks 1000f370 f   libvcruntimed:winapi_downlevel.obj
 0001:0000e3d0       ___vcrt_uninitialize_winapi_thunks 1000f3d0 f   libvcruntimed:winapi_downlevel.obj
 0001:0000e440       ??$?B$$A6AXXZ@__crt_fast_encoded_nullptr_t@@QBEP6AXXZXZ 1000f440 f i libvcruntimed:purevirt_data.obj
 0001:0000e460       ??$__crt_fast_encode_pointer@P6AXXZ@@YAP6AXXZQ6AXXZ@Z 1000f460 f i libvcruntimed:purevirt_data.obj
 0001:0000e490       ___vcrt_initialize_pure_virtual_call_handler 1000f490 f   libvcruntimed:purevirt_data.obj
 0001:0000e4c0       ??0Block@_HeapManager@@QAE@XZ 1000f4c0 f i libvcruntimed:undname.obj
 0001:0000e4e0       ??0DName@@QAE@AAPBDD@Z     1000f4e0 f   libvcruntimed:undname.obj
 0001:0000e710       ??0DName@@QAE@ABV0@@Z      1000f710 f i libvcruntimed:undname.obj
 0001:0000e740       ??0DName@@QAE@D@Z          1000f740 f   libvcruntimed:undname.obj
 0001:0000e780       ??0DName@@QAE@PAV0@@Z      1000f780 f   libvcruntimed:undname.obj
 0001:0000e830       ??0DName@@QAE@PBD@Z        1000f830 f   libvcruntimed:undname.obj
 0001:0000e880       ??0DName@@QAE@W4DNameStatus@@@Z 1000f880 f   libvcruntimed:undname.obj
 0001:0000e920       ??0DName@@QAE@XZ           1000f920 f i libvcruntimed:undname.obj
 0001:0000e950       ??0DName@@QAE@_J@Z         1000f950 f   libvcruntimed:undname.obj
 0001:0000ea40       ??0DName@@QAE@_K@Z         1000fa40 f   libvcruntimed:undname.obj
 0001:0000eaf0       ??0DNameNode@@IAE@XZ       1000faf0 f i libvcruntimed:undname.obj
 0001:0000eb10       ??0Replicator@@QAE@XZ      1000fb10 f i libvcruntimed:undname.obj
 0001:0000eb50       ??0UnDecorator@@QAE@PBDP6APADJ@ZK@Z 1000fb50 f i libvcruntimed:undname.obj
 0001:0000ebd0       ??0charNode@@QAE@D@Z       1000fbd0 f i libvcruntimed:undname.obj
 0001:0000ec00       ??0pDNameNode@@QAE@PAVDName@@@Z 1000fc00 f   libvcruntimed:undname.obj
 0001:0000ec60       ??0pairNode@@QAE@PBVDNameNode@@0@Z 1000fc60 f i libvcruntimed:undname.obj
 0001:0000eca0       ??0pcharNode@@QAE@PBDH@Z   1000fca0 f   libvcruntimed:undname.obj
 0001:0000ed60       ??2@YAPAXIAAV_HeapManager@@H@Z 1000fd60 f i libvcruntimed:undname.obj
 0001:0000ed80       ??4DName@@QAEAAV0@ABV0@@Z  1000fd80 f   libvcruntimed:undname.obj
 0001:0000edb0       ??4DName@@QAEAAV0@D@Z      1000fdb0 f i libvcruntimed:undname.obj
 0001:0000edf0       ??4DName@@QAEAAV0@PAV0@@Z  1000fdf0 f   libvcruntimed:undname.obj
 0001:0000ee90       ??4DName@@QAEAAV0@PBD@Z    1000fe90 f   libvcruntimed:undname.obj
 0001:0000eed0       ??4DName@@QAEAAV0@W4DNameStatus@@@Z 1000fed0 f   libvcruntimed:undname.obj
 0001:0000ef50       ??AReplicator@@QBE?AVDName@@H@Z 1000ff50 f   libvcruntimed:undname.obj
 0001:0000efc0       ??H@YA?AVDName@@DABV0@@Z   1000ffc0 f i libvcruntimed:undname.obj
 0001:0000eff0       ??H@YA?AVDName@@PBDABV0@@Z 1000fff0 f i libvcruntimed:undname.obj
 0001:0000f020       ??H@YA?AVDName@@W4DNameStatus@@ABV0@@Z 10010020 f i libvcruntimed:undname.obj
 0001:0000f050       ??HDName@@QBE?AV0@ABV0@@Z  10010050 f   libvcruntimed:undname.obj
 0001:0000f090       ??HDName@@QBE?AV0@D@Z      10010090 f   libvcruntimed:undname.obj
 0001:0000f0d0       ??HDName@@QBE?AV0@PAV0@@Z  100100d0 f   libvcruntimed:undname.obj
 0001:0000f110       ??HDName@@QBE?AV0@PBD@Z    10010110 f   libvcruntimed:undname.obj
 0001:0000f150       ??HDName@@QBE?AV0@W4DNameStatus@@@Z 10010150 f   libvcruntimed:undname.obj
 0001:0000f190       ??YDName@@QAEAAV0@ABV0@@Z  10010190 f   libvcruntimed:undname.obj
 0001:0000f200       ??YDName@@QAEAAV0@D@Z      10010200 f   libvcruntimed:undname.obj
 0001:0000f280       ??YDName@@QAEAAV0@PAV0@@Z  10010280 f   libvcruntimed:undname.obj
 0001:0000f330       ??YDName@@QAEAAV0@PBD@Z    10010330 f   libvcruntimed:undname.obj
 0001:0000f3d0       ??YDName@@QAEAAV0@W4DNameStatus@@@Z 100103d0 f   libvcruntimed:undname.obj
 0001:0000f430       ??YReplicator@@QAEAAV0@ABVDName@@@Z 10010430 f   libvcruntimed:undname.obj
 0001:0000f4c0       ??_5DName@@QAEAAV0@ABV0@@Z 100104c0 f   libvcruntimed:undname.obj
 0001:0000f520       ?Constructor@_HeapManager@@QAEXP6APAXI@ZP6AXPAX@Z@Z 10010520 f i libvcruntimed:undname.obj
 0001:0000f560       ?Destructor@_HeapManager@@QAEXXZ 10010560 f i libvcruntimed:undname.obj
 0001:0000f5c0       ?UScore@UnDecorator@@SAPBDW4Tokens@@@Z 100105c0 f   libvcruntimed:undname.obj
 0001:0000f5f0       ?append@DName@@AAEXPBVDNameNode@@@Z 100105f0 f   libvcruntimed:undname.obj
 0001:0000f680       ?composeDeclaration@UnDecorator@@CA?AVDName@@ABV2@@Z 10010680 f i libvcruntimed:undname.obj
 0001:00011350       ?dbGetString@DName@@QBEPADXZ 10012350 f   libvcruntimed:undname.obj
 0001:00011370       ?doAccessSpecifiers@UnDecorator@@SAHXZ 10012370 f i libvcruntimed:undname.obj
 0001:000113a0       ?doAllocationLanguage@UnDecorator@@SAHXZ 100123a0 f i libvcruntimed:undname.obj
 0001:000113d0       ?doAllocationModel@UnDecorator@@SAHXZ 100123d0 f i libvcruntimed:undname.obj
 0001:00011400       ?doEcsu@UnDecorator@@SAHXZ 10012400 f i libvcruntimed:undname.obj
 0001:00011430       ?doEllipsis@UnDecorator@@SAHXZ 10012430 f i libvcruntimed:undname.obj
 0001:00011460       ?doFunctionReturns@UnDecorator@@SAHXZ 10012460 f i libvcruntimed:undname.obj
 0001:00011490       ?doMSKeywords@UnDecorator@@SAHXZ 10012490 f i libvcruntimed:undname.obj
 0001:000114c0       ?doMemberTypes@UnDecorator@@SAHXZ 100124c0 f i libvcruntimed:undname.obj
 0001:000114f0       ?doNameOnly@UnDecorator@@SAHXZ 100124f0 f i libvcruntimed:undname.obj
 0001:00011500       ?doNoIdentCharCheck@UnDecorator@@SAHXZ 10012500 f i libvcruntimed:undname.obj
 0001:00011510       ?doPchar@DName@@AAEXPBDH@Z 10012510 f   libvcruntimed:undname.obj
 0001:00011650       ?doPtr64@UnDecorator@@SAHXZ 10012650 f i libvcruntimed:undname.obj
 0001:00011680       ?doRestrictionSpec@UnDecorator@@SAHXZ 10012680 f i libvcruntimed:undname.obj
 0001:000116b0       ?doThisTypes@UnDecorator@@SAHXZ 100126b0 f i libvcruntimed:undname.obj
 0001:000116e0       ?doThrowTypes@UnDecorator@@SAHXZ 100126e0 f i libvcruntimed:undname.obj
 0001:00011710       ?doTypeOnly@UnDecorator@@SAHXZ 10012710 f i libvcruntimed:undname.obj
 0001:00011720       ?doUnderScore@UnDecorator@@SAHXZ 10012720 f i libvcruntimed:undname.obj
 0001:00011750       ?getArgumentList@UnDecorator@@CA?AVDName@@XZ 10012750 f   libvcruntimed:undname.obj
 0001:000118a0       ?getArgumentTypes@UnDecorator@@CA?AVDName@@XZ 100128a0 f   libvcruntimed:undname.obj
 0001:00011a00       ?getArrayType@UnDecorator@@CA?AVDName@@ABV2@@Z 10012a00 f i libvcruntimed:undname.obj
 0001:00011c40       ?getBasedType@UnDecorator@@CA?AVDName@@XZ 10012c40 f   libvcruntimed:undname.obj
 0001:00011d00       ?getBasicDataType@UnDecorator@@CA?AVDName@@ABV2@@Z 10012d00 f   libvcruntimed:undname.obj
 0001:000122f0       ?getCHPEName@UnDecorator@@QAEPADPADH@Z 100132f0 f i libvcruntimed:undname.obj
 0001:00012450       ?getCallIndex@UnDecorator@@CA?AVDName@@XZ 10013450 f i libvcruntimed:undname.obj
 0001:00012470       ?getCallingConvention@UnDecorator@@CA?AVDName@@XZ 10013470 f   libvcruntimed:undname.obj
 0001:00012600       ?getDataIndirectType@UnDecorator@@CA?AVDName@@ABV2@PBD0H@Z 10013600 f   libvcruntimed:undname.obj
 0001:00012dc0       ?getDataIndirectType@UnDecorator@@CA?AVDName@@XZ 10013dc0 f i libvcruntimed:undname.obj
 0001:00012e00       ?getDataType@UnDecorator@@CA?AVDName@@PAV2@@Z 10013e00 f   libvcruntimed:undname.obj
 0001:00012f20       ?getDecoratedName@UnDecorator@@CA?AVDName@@XZ 10013f20 f   libvcruntimed:undname.obj
 0001:00013320       ?getDimension@UnDecorator@@CA?AVDName@@_N@Z 10014320 f   libvcruntimed:undname.obj
 0001:000135d0       ?getDispatchTarget@UnDecorator@@CA?AVDName@@XZ 100145d0 f   libvcruntimed:undname.obj
 0001:00013670       ?getDisplacement@UnDecorator@@CA?AVDName@@XZ 10014670 f i libvcruntimed:undname.obj
 0001:00013690       ?getECSUDataType@UnDecorator@@CA?AVDName@@XZ 10014690 f   libvcruntimed:undname.obj
 0001:00013860       ?getECSUName@UnDecorator@@CA?AVDName@@XZ 10014860 f i libvcruntimed:undname.obj
 0001:00013880       ?getEnumType@UnDecorator@@CA?AVDName@@XZ 10014880 f i libvcruntimed:undname.obj
 0001:000139d0       ?getExtendedDataIndirectType@UnDecorator@@CA?AVDName@@AAPBDAA_NH@Z 100149d0 f   libvcruntimed:undname.obj
 0001:00013c20       ?getExternalDataType@UnDecorator@@CA?AVDName@@ABV2@@Z 10014c20 f i libvcruntimed:undname.obj
 0001:00013cb0       ?getFunctionIndirectType@UnDecorator@@CA?AVDName@@ABV2@@Z 10014cb0 f   libvcruntimed:undname.obj
 0001:00014150       ?getGuardNumber@UnDecorator@@CA?AVDName@@XZ 10015150 f i libvcruntimed:undname.obj
 0001:00014170       ?getLastChar@DName@@QBEDXZ 10015170 f i libvcruntimed:undname.obj
 0001:000141b0       ?getLastChar@DNameStatusNode@@UBEDXZ 100151b0 f i libvcruntimed:undname.obj
 0001:000141e0       ?getLastChar@charNode@@UBEDXZ 100151e0 f i libvcruntimed:undname.obj
 0001:00014200       ?getLastChar@pDNameNode@@UBEDXZ 10015200 f i libvcruntimed:undname.obj
 0001:00014230       ?getLastChar@pairNode@@UBEDXZ 10015230 f i libvcruntimed:undname.obj
 0001:000142a0       ?getLastChar@pcharNode@@UBEDXZ 100152a0 f i libvcruntimed:undname.obj
 0001:000142e0       ?getLexicalFrame@UnDecorator@@CA?AVDName@@XZ 100152e0 f i libvcruntimed:undname.obj
 0001:00014320       ?getMemory@_HeapManager@@QAEPAXIH@Z 10015320 f   libvcruntimed:undname.obj
 0001:00014440       ?getNoexcept@UnDecorator@@CA?AVDName@@XZ 10015440 f   libvcruntimed:undname.obj
 0001:000144b0       ?getNumberOfDimensions@UnDecorator@@CAHXZ 100154b0 f   libvcruntimed:undname.obj
 0001:000145b0       ?getOperatorName@UnDecorator@@CA?AVDName@@_NPA_N@Z 100155b0 f i libvcruntimed:undname.obj
 0001:00014fe0       ?getPointerType@UnDecorator@@CA?AVDName@@ABV2@0@Z 10015fe0 f i libvcruntimed:undname.obj
 0001:00015010       ?getPointerTypeArray@UnDecorator@@CA?AVDName@@ABV2@0@Z 10016010 f i libvcruntimed:undname.obj
 0001:00015040       ?getPrimaryDataType@UnDecorator@@CA?AVDName@@ABV2@@Z 10016040 f   libvcruntimed:undname.obj
 0001:00015440       ?getPtrRefDataType@UnDecorator@@CA?AVDName@@ABV2@H@Z 10016440 f   libvcruntimed:undname.obj
 0001:00015670       ?getPtrRefType@UnDecorator@@CA?AVDName@@ABV2@0PBD@Z 10016670 f   libvcruntimed:undname.obj
 0001:000157e0       ?getReferenceType@UnDecorator@@CA?AVDName@@ABV2@0PBD@Z 100167e0 f i libvcruntimed:undname.obj
 0001:00015800       ?getRestrictionSpec@UnDecorator@@CA?AVDName@@XZ 10016800 f   libvcruntimed:undname.obj
 0001:00015970       ?getReturnType@UnDecorator@@CA?AVDName@@PAV2@@Z 10016970 f   libvcruntimed:undname.obj
 0001:000159c0       ?getScope@UnDecorator@@CA?AVDName@@XZ 100169c0 f   libvcruntimed:undname.obj
 0001:00015eb0       ?getScopedName@UnDecorator@@CA?AVDName@@XZ 10016eb0 f   libvcruntimed:undname.obj
 0001:00015fd0       ?getSignedDimension@UnDecorator@@CA?AVDName@@XZ 10016fd0 f   libvcruntimed:undname.obj
 0001:00016050       ?getStorageConvention@UnDecorator@@CA?AVDName@@XZ 10017050 f i libvcruntimed:undname.obj
 0001:00016070       ?getString@DName@@QBEPADPAD0@Z 10017070 f i libvcruntimed:undname.obj
 0001:000160c0       ?getString@DName@@QBEPADPADH@Z 100170c0 f i libvcruntimed:undname.obj
 0001:00016150       ?getString@DNameStatusNode@@UBEPADPAD0@Z 10017150 f i libvcruntimed:undname.obj
 0001:00016190       ?getString@charNode@@UBEPADPAD0@Z 10017190 f i libvcruntimed:undname.obj
 0001:000161c0       ?getString@pDNameNode@@UBEPADPAD0@Z 100171c0 f i libvcruntimed:undname.obj
 0001:00016200       ?getString@pairNode@@UBEPADPAD0@Z 10017200 f i libvcruntimed:undname.obj
 0001:00016280       ?getString@pcharNode@@UBEPADPAD0@Z 10017280 f i libvcruntimed:undname.obj
 0001:000162b0       ?getStringEncoding@UnDecorator@@CA?AVDName@@PBDH@Z 100172b0 f   libvcruntimed:undname.obj
 0001:000163c0       ?getStringHelper@@YAPADPADPBD1H@Z 100173c0 f i libvcruntimed:undname.obj
 0001:00016400       ?getSymbolName@UnDecorator@@CA?AVDName@@XZ 10017400 f i libvcruntimed:undname.obj
 0001:00016490       ?getTemplateArgumentList@UnDecorator@@CA?AVDName@@XZ 10017490 f   libvcruntimed:undname.obj
 0001:00016880       ?getTemplateConstant@UnDecorator@@CA?AVDName@@XZ 10017880 f   libvcruntimed:undname.obj
 0001:00016e30       ?getTemplateName@UnDecorator@@CA?AVDName@@_N@Z 10017e30 f   libvcruntimed:undname.obj
 0001:00017000       ?getThisType@UnDecorator@@CA?AVDName@@XZ 10018000 f i libvcruntimed:undname.obj
 0001:00017040       ?getThrowTypes@UnDecorator@@CA?AVDName@@XZ 10018040 f   libvcruntimed:undname.obj
 0001:00017090       ?getTypeEncoding@UnDecorator@@CAHXZ 10018090 f i libvcruntimed:undname.obj
 0001:00017b10       ?getUndecoratedName@UnDecorator@@QAEPADPADH@Z 10018b10 f i libvcruntimed:undname.obj
 0001:00017c50       ?getVCallThunkType@UnDecorator@@CA?AVDName@@XZ 10018c50 f i libvcruntimed:undname.obj
 0001:00017cb0       ?getVbTableType@UnDecorator@@CA?AVDName@@ABV2@@Z 10018cb0 f i libvcruntimed:undname.obj
 0001:00017cd0       ?getVdispMapType@UnDecorator@@CA?AVDName@@ABV2@@Z 10018cd0 f i libvcruntimed:undname.obj
 0001:00017d40       ?getVfTableType@UnDecorator@@CA?AVDName@@ABV2@@Z 10018d40 f i libvcruntimed:undname.obj
 0001:00017f00       ?getZName@UnDecorator@@CA?AVDName@@_N0@Z 10018f00 f   libvcruntimed:undname.obj
 0001:000181d0       ?haveTemplateParameters@UnDecorator@@SAHXZ 100191d0 f i libvcruntimed:undname.obj
 0001:000181e0       ?isArray@DName@@QBEHXZ     100191e0 f i libvcruntimed:undname.obj
 0001:00018200       ?isComArray@DName@@QBEHXZ  10019200 f i libvcruntimed:undname.obj
 0001:00018220       ?isEmpty@DName@@QBEHXZ     10019220 f i libvcruntimed:undname.obj
 0001:00018250       ?isFull@Replicator@@QBEHXZ 10019250 f i libvcruntimed:undname.obj
 0001:00018280       ?isNoTE@DName@@QBEHXZ      10019280 f i libvcruntimed:undname.obj
 0001:000182a0       ?isPinPtr@DName@@QBEHXZ    100192a0 f i libvcruntimed:undname.obj
 0001:000182c0       ?isPtrRef@DName@@QBEHXZ    100192c0 f i libvcruntimed:undname.obj
 0001:000182e0       ?isUDC@DName@@QBEHXZ       100192e0 f i libvcruntimed:undname.obj
 0001:00018320       ?isUDTThunk@DName@@QBEHXZ  10019320 f i libvcruntimed:undname.obj
 0001:00018360       ?isVCallThunk@DName@@QBEHXZ 10019360 f i libvcruntimed:undname.obj
 0001:00018380       ?isValid@DName@@QBEHXZ     10019380 f i libvcruntimed:undname.obj
 0001:000183c0       ?length@DName@@QBEHXZ      100193c0 f i libvcruntimed:undname.obj
 0001:00018400       ?length@DNameStatusNode@@UBEHXZ 10019400 f i libvcruntimed:undname.obj
 0001:00018420       ?length@charNode@@UBEHXZ   10019420 f i libvcruntimed:undname.obj
 0001:00018430       ?length@pDNameNode@@UBEHXZ 10019430 f i libvcruntimed:undname.obj
 0001:00018460       ?length@pairNode@@UBEHXZ   10019460 f i libvcruntimed:undname.obj
 0001:000184d0       ?length@pcharNode@@UBEHXZ  100194d0 f i libvcruntimed:undname.obj
 0001:000184f0       ?make@DNameStatusNode@@SAPBV1@W4DNameStatus@@@Z 100194f0 f i libvcruntimed:undname.obj
 0001:00018520       ?parseDecoratedName@UnDecorator@@CA?AVDName@@XZ 10019520 f   libvcruntimed:undname.obj
 0001:000186a0       ?setIsArray@DName@@QAEXXZ  100196a0 f i libvcruntimed:undname.obj
 0001:000186c0       ?setIsComArray@DName@@QAEXXZ 100196c0 f i libvcruntimed:undname.obj
 0001:000186e0       ?setIsNoTE@DName@@QAEXXZ   100196e0 f i libvcruntimed:undname.obj
 0001:00018700       ?setIsPinPtr@DName@@QAEXXZ 10019700 f i libvcruntimed:undname.obj
 0001:00018720       ?setIsUDC@DName@@QAEXXZ    10019720 f i libvcruntimed:undname.obj
 0001:00018750       ?setIsVCallThunk@DName@@QAEXXZ 10019750 f i libvcruntimed:undname.obj
 0001:00018770       ?setPtrRef@DName@@QAEAAV1@XZ 10019770 f i libvcruntimed:undname.obj
 0001:00018790       ?status@DName@@QBE?AW4DNameStatus@@XZ 10019790 f i libvcruntimed:undname.obj
 0001:00018890       ___unDName                 10019890 f   libvcruntimed:undname.obj
 0001:000188c0       ___unDNameEx               100198c0 f   libvcruntimed:undname.obj
 0001:00018990       _unDNameGenerateCHPE       10019990 f   libvcruntimed:undname.obj
 0001:000189f0       __global_unwind2           100199f0 f   libvcruntimed:_exsup_.obj
 0001:00018a56       __local_unwind2            10019a56 f   libvcruntimed:_exsup_.obj
 0001:00018ada       __abnormal_termination     10019ada f   libvcruntimed:_exsup_.obj
 0001:00018b00       __NLG_Notify1              10019b00 f   libvcruntimed:_exsup_.obj
 0001:00018b0c       __NLG_Notify               10019b0c f   libvcruntimed:_exsup_.obj
 0001:00018b23       __NLG_Dispatch             10019b23     libvcruntimed:_exsup_.obj
 0001:00018b23       __NLG_Dispatch2            10019b23     libvcruntimed:_exsup_.obj
 0001:00018b2b       __NLG_Call                 10019b2b f   libvcruntimed:_exsup_.obj
 0001:00018b2d       __NLG_Return2              10019b2d     libvcruntimed:_exsup_.obj
 0001:00018b60       __get_unexpected           10019b60 f   libvcruntimed:unexpected.obj
 0001:00018b80       _set_unexpected            10019b80 f   libvcruntimed:unexpected.obj
 0001:00018bb0       _unexpected                10019bb0 f   libvcruntimed:unexpected.obj
 0001:00018bf0       ___DestructExceptionObject 10019bf0 f   libvcruntimed:ehhelpers.obj
 0001:00018d20       ?_CallMemberFunction0@@YGXQAX0@Z 10019d20 f i libvcruntimed:ehhelpers.obj
 0001:00018d40       ?raw_name@type_info@@QBEPBDXZ 10019d40 f i libvcruntimed:ehhelpers.obj
 0001:00018d60       __IsExceptionObjectToBeDestroyed 10019d60 f   libvcruntimed:ehhelpers.obj
 0001:00018da0       __SetWinRTOutOfMemoryExceptionCallback 10019da0 f   libvcruntimed:ehhelpers.obj
 0001:00018db0       ___AdjustPointer           10019db0 f   libvcruntimed:ehhelpers.obj
 0001:00018e00       ___FrameUnwindFilter       10019e00 f   libvcruntimed:ehhelpers.obj
 0001:00018e80       ___GetPlatformExceptionInfo 10019e80 f   libvcruntimed:ehhelpers.obj
 0001:00018f00       ___current_exception       10019f00 f   libvcruntimed:ehhelpers.obj
 0001:00018f10       ___current_exception_context 10019f10 f   libvcruntimed:ehhelpers.obj
 0001:00018f20       ___processing_throw        10019f20 f   libvcruntimed:ehhelpers.obj
 0001:00018f30       ___std_terminate           10019f30 f   libvcruntimed:ehhelpers.obj
 0001:00018f40       ___uncaught_exception      10019f40 f   libvcruntimed:ehhelpers.obj
 0001:00018f70       ___uncaught_exceptions     10019f70 f   libvcruntimed:ehhelpers.obj
 0001:00018fa0       __is_exception_typeof      10019fa0 f   libvcruntimed:ehhelpers.obj
 0001:00019080       ??$__crt_fast_decode_pointer@P6AXXZ@@YAP6AXXZQ6AXXZ@Z 1001a080 f i libvcruntimed:purevirt.obj
 0001:000190b0       ??$__crt_interlocked_exchange_pointer@$$A6AXXZP6AXXZ@@YAP6AXXZPDS6AXXZQ6AXXZ@Z 1001a0b0 f i libvcruntimed:purevirt.obj
 0001:000190c0       ??$__crt_interlocked_read_pointer@$$A6AXXZ@@YAP6AXXZPDS6AXXZ@Z 1001a0c0 f i libvcruntimed:purevirt.obj
 0001:000190e0       __get_purecall_handler     1001a0e0 f   libvcruntimed:purevirt.obj
 0001:00019100       __purecall                 1001a100 f   libvcruntimed:purevirt.obj
 0001:00019130       __set_purecall_handler     1001a130 f   libvcruntimed:purevirt.obj
 0001:00019160       _memcpy                    1001a160 f   libvcruntimed:memcpy.obj
 0001:000196e0       ??$__crt_fast_decode_pointer@P6AXPB_W00II@Z@@YAP6AXPB_W00II@ZQ6AX000II@Z@Z 1001a6e0 f i libucrtd:invalid_parameter.obj
 0001:00019710       ??$__crt_fast_encode_pointer@P6AXPB_W00II@Z@@YAP6AXPB_W00II@ZQ6AX000II@Z@Z 1001a710 f i libucrtd:invalid_parameter.obj
 0001:00019740       ??$initialize_from_array@$$BY00Q6AXPB_W00II@Z@?$dual_state_global@P6AXPB_W00II@Z@__crt_state_management@@QAAXAAY00Q6AXPB_W00II@Z@Z 1001a740 f i libucrtd:invalid_parameter.obj
 0001:00019790       ?dangerous_get_state_array@?$dual_state_global@P6AXPB_W00II@Z@__crt_state_management@@QAEPAP6AXPB_W00II@ZXZ 1001a790 f i libucrtd:invalid_parameter.obj
 0001:000197a0       ?get_current_state_index@__crt_state_management@@YAIXZ 1001a7a0 f i libucrtd:invalid_parameter.obj
 0001:000197b0       ?value@?$dual_state_global@P6AXPB_W00II@Z@__crt_state_management@@QAEAAP6AXPB_W00II@ZXZ 1001a7b0 f i libucrtd:invalid_parameter.obj
 0001:000197d0       ___acrt_call_reportfault   1001a7d0 f   libucrtd:invalid_parameter.obj
 0001:00019930       ___acrt_initialize_invalid_parameter_handler 1001a930 f   libucrtd:invalid_parameter.obj
 0001:00019960       __get_invalid_parameter_handler 1001a960 f   libucrtd:invalid_parameter.obj
 0001:00019980       __get_thread_local_invalid_parameter_handler 1001a980 f   libucrtd:invalid_parameter.obj
 0001:000199b0       __invalid_parameter        1001a9b0 f   libucrtd:invalid_parameter.obj
 0001:00019a80       __invalid_parameter_noinfo 1001aa80 f   libucrtd:invalid_parameter.obj
 0001:00019aa0       __invalid_parameter_noinfo_noreturn 1001aaa0 f   libucrtd:invalid_parameter.obj
 0001:00019ad0       __invoke_watson            1001aad0 f   libucrtd:invalid_parameter.obj
 0001:00019b10       __set_invalid_parameter_handler 1001ab10 f   libucrtd:invalid_parameter.obj
 0001:00019b60       __set_thread_local_invalid_parameter_handler 1001ab60 f   libucrtd:invalid_parameter.obj
 0001:00019b90       ??$?RU?$__crt_report_hook_node@D@@@__crt_internal_free_policy@@QBEXQBU?$__crt_report_hook_node@D@@@Z 1001ab90 f i libucrtd:dbgrpt.obj
 0001:00019bb0       ??$?RU?$__crt_report_hook_node@_W@@@__crt_internal_free_policy@@QBEXQBU?$__crt_report_hook_node@_W@@@Z 1001abb0 f i libucrtd:dbgrpt.obj
 0001:00019d70       ??$__vcrt_va_start_verify_argument_type@QB_W@@YAXXZ 1001ad70 f i libucrtd:dbgrpt.obj
 0001:0001a9b0       ??$get_module_file_name@AAPAUHINSTANCE__@@AAY0BAF@DK@?$__crt_char_traits@D@@SAKAAPAUHINSTANCE__@@AAY0BAF@D$$QAK@Z 1001b9b0 f i libucrtd:dbgrpt.obj
 0001:0001a9d0       ??$get_module_file_name@AAPAUHINSTANCE__@@AAY0BAF@_WK@?$__crt_char_traits@_W@@SAKAAPAUHINSTANCE__@@AAY0BAF@_W$$QAK@Z 1001b9d0 f i libucrtd:dbgrpt.obj
 0001:0001a9f0       ??$tcscpy_s@AAY0BAF@DIPBD@?$__crt_char_traits@D@@SAHAAY0BAF@D$$QAI$$QAPBD@Z 1001b9f0 f i libucrtd:dbgrpt.obj
 0001:0001aa10       ??$tcscpy_s@AAY0BAF@_WIPB_W@?$__crt_char_traits@_W@@SAHAAY0BAF@_W$$QAI$$QAPB_W@Z 1001ba10 f i libucrtd:dbgrpt.obj
 0001:0001aa30       ??$tcslen@AAY0BAF@D@?$__crt_char_traits@D@@SAIAAY0BAF@D@Z 1001ba30 f i libucrtd:dbgrpt.obj
 0001:0001aa50       ??$tcslen@AAY0BAF@_W@?$__crt_char_traits@_W@@SAIAAY0BAF@_W@Z 1001ba50 f i libucrtd:dbgrpt.obj
 0001:0001aa70       ??$tcslen@ABQBD@?$__crt_char_traits@D@@SAIABQBD@Z 1001ba70 f i libucrtd:dbgrpt.obj
 0001:0001aa90       ??$tcslen@ABQB_W@?$__crt_char_traits@_W@@SAIABQB_W@Z 1001ba90 f i libucrtd:dbgrpt.obj
 0001:0001ab90       ??0?$__crt_unique_heap_ptr@U?$__crt_report_hook_node@D@@U__crt_internal_free_policy@@@@QAE@QAU?$__crt_report_hook_node@D@@@Z 1001bb90 f i libucrtd:dbgrpt.obj
 0001:0001abb0       ??0?$__crt_unique_heap_ptr@U?$__crt_report_hook_node@_W@@U__crt_internal_free_policy@@@@QAE@QAU?$__crt_report_hook_node@_W@@@Z 1001bbb0 f i libucrtd:dbgrpt.obj
 0001:0001abd0       ??1?$__crt_unique_heap_ptr@U?$__crt_report_hook_node@D@@U__crt_internal_free_policy@@@@QAE@XZ 1001bbd0 f i libucrtd:dbgrpt.obj
 0001:0001abf0       ??1?$__crt_unique_heap_ptr@U?$__crt_report_hook_node@_W@@U__crt_internal_free_policy@@@@QAE@XZ 1001bbf0 f i libucrtd:dbgrpt.obj
[...]
 0002:00020650       __sehtable$__CrtMemCheckpoint 1009e650     libucrtd:debug_heap.obj
 0002:00020670       __sehtable$__CrtMemDumpAllObjectsSince 1009e670     libucrtd:debug_heap.obj
 0002:00020690       __sehtable$__CrtSetDbgFlag 1009e690     libucrtd:debug_heap.obj
 0002:000206b0       __sehtable$__expand_dbg    1009e6b0     libucrtd:debug_heap.obj
 0002:000206d0       __sehtable$__free_dbg      1009e6d0     libucrtd:debug_heap.obj
 0002:000206f0       __sehtable$__msize_dbg     1009e6f0     libucrtd:debug_heap.obj
 0002:00020710       __sehtable$__realloc_dbg   1009e710     libucrtd:debug_heap.obj
 0002:00020730       __sehtable$?is_bad_read_pointer@@YA_NQBXI@Z 1009e730     libucrtd:debug_heap.obj
 0002:00020750       __sehtable$?validate_heap_if_required_nolock@@YAXXZ 1009e750     libucrtd:debug_heap.obj
 0002:00020770       __sehtable$?heap_alloc_dbg_internal@@YAPAXIHQBDH@Z 1009e770     libucrtd:debug_heap.obj
 0002:00020790       __sehtable$__CrtSetDbgBlockType 1009e790     libucrtd:debug_heap.obj
 0002:000207b0       __sehtable$_terminate      1009e7b0     libucrtd:terminate.obj
 0002:000207d0       __sehtable$??$?RV<lambda_15ade71b0218206bbe3333a0c9b79046>@@AAV<lambda_da44e0f8b0f19ba52fefafb335991732>@@V<lambda_207f2d024fc103971653565357d6cd41>@@@?$__crt_seh_guarded_call@X@@QAEX$$QAV<lambda_15ade71b0218206bbe3333a0c9b79046>@@AAV<lambda_da44e0f8b0f19ba52fefafb335991732>@@$$QAV<lambda_207f2d024fc103971653565357d6cd41>@@@Z 1009e7d0     libucrtd:per_thread_data.obj
 0002:000207f0       __sehtable$??$?RV<lambda_a7e850c220f1c8d1e6efeecdedd162c6>@@AAV<lambda_46720907175c18b6c9d2717bc0d2d362>@@V<lambda_9048902d66e8d99359bc9897bbb930a8>@@@?$__crt_seh_guarded_call@X@@QAEX$$QAV<lambda_a7e850c220f1c8d1e6efeecdedd162c6>@@AAV<lambda_46720907175c18b6c9d2717bc0d2d362>@@$$QAV<lambda_9048902d66e8d99359bc9897bbb930a8>@@@Z 1009e7f0     libucrtd:per_thread_data.obj
 0002:00020810       __sehtable$??$?RV<lambda_eb0e2b1d104b126d27395a74edba6f03>@@AAV<lambda_d51eb34c9f7d53dbc39f6b791b6a3e42>@@V<lambda_f7564ebddb1f0eaf818ab6f3eade8363>@@@?$__crt_seh_guarded_call@X@@QAEX$$QAV<lambda_eb0e2b1d104b126d27395a74edba6f03>@@AAV<lambda_d51eb34c9f7d53dbc39f6b791b6a3e42>@@$$QAV<lambda_f7564ebddb1f0eaf818ab6f3eade8363>@@@Z 1009e810     libucrtd:per_thread_data.obj
 0002:00020830       __sehtable$??$?RV<lambda_6affb1475c98b40b75cdec977db92e3c>@@AAV<lambda_b8d4b9c228a6ecc3f80208dbb4b4a104>@@V<lambda_608742c3c92a14382c1684fc64f96c88>@@@?$__crt_seh_guarded_call@X@@QAEX$$QAV<lambda_6affb1475c98b40b75cdec977db92e3c>@@AAV<lambda_b8d4b9c228a6ecc3f80208dbb4b4a104>@@$$QAV<lambda_608742c3c92a14382c1684fc64f96c88>@@@Z 1009e830     libucrtd:per_thread_data.obj
 0002:00020850       __sehtable$__VCrtDbgReportA 1009e850     libucrtd:dbgrptt.obj
 0002:00020878       __sehtable$__VCrtDbgReportW 1009e878     libucrtd:dbgrptt.obj
 0002:000208a0       __sehtable$_signal         1009e8a0     libucrtd:signal.obj
 0002:000208c0       __sehtable$_raise          1009e8c0     libucrtd:signal.obj
 0002:000208e0       __sehtable$?ctrlevent_capture@@YGHK@Z 1009e8e0     libucrtd:signal.obj
 0002:00020900       __sehtable$??$?RV<lambda_cbab9ec6f41b0180b23cc171c22676b0>@@AAV<lambda_44731a7d0e6d81c3e6aa82d741081786>@@V<lambda_4b292cb8dd18144e164572427af410ab>@@@?$__crt_seh_guarded_call@P6AXH@Z@@QAEP6AXH@Z$$QAV<lambda_cbab9ec6f41b0180b23cc171c22676b0>@@AAV<lambda_44731a7d0e6d81c3e6aa82d741081786>@@$$QAV<lambda_4b292cb8dd18144e164572427af410ab>@@@Z 1009e900     libucrtd:signal.obj
 0002:00020920       __sehtable$??$?RV<lambda_93797fb4802c957ba6a7f08e1250235b>@@AAV<lambda_1f3ce6bd48e0aa2e72a71c02eee379d3>@@V<lambda_56cae30c9364c9b6c15aeaac05d0418e>@@@?$__crt_seh_guarded_call@H@@QAEH$$QAV<lambda_93797fb4802c957ba6a7f08e1250235b>@@AAV<lambda_1f3ce6bd48e0aa2e72a71c02eee379d3>@@$$QAV<lambda_56cae30c9364c9b6c15aeaac05d0418e>@@@Z 1009e920     libucrtd:winapi_thunks.obj
 0002:00020940       __sehtable$__fcloseall     1009e940     libucrtd:closeall.obj
 0002:00020960       __sehtable$??$?RV<lambda_2866be3712abc81a800a822484c830d8>@@AAV<lambda_39ca0ed439415581b5b15c265174cece>@@V<lambda_2b24c74d71094a6cd0cb82e44167d71b>@@@?$__crt_seh_guarded_call@X@@QAEX$$QAV<lambda_2866be3712abc81a800a822484c830d8>@@AAV<lambda_39ca0ed439415581b5b15c265174cece>@@$$QAV<lambda_2b24c74d71094a6cd0cb82e44167d71b>@@@Z 1009e960     libucrtd:fflush.obj
 0002:00020980       __sehtable$??$?RV<lambda_2cc53f568c5a2bb6f192f930a45d44ea>@@AAV<lambda_ab61a845afdef5b7c387490eaf3616ee>@@V<lambda_c2ffc0b7726aa6be21d5f0026187e748>@@@?$__crt_seh_guarded_call@X@@QAEX$$QAV<lambda_2cc53f568c5a2bb6f192f930a45d44ea>@@AAV<lambda_ab61a845afdef5b7c387490eaf3616ee>@@$$QAV<lambda_c2ffc0b7726aa6be21d5f0026187e748>@@@Z 1009e980     libucrtd:fflush.obj
 0002:000209a0       __sehtable$??$?RV<lambda_6d20deecaf4856105ebacbad442d1079>@@AAV<lambda_9a32fed5bf61b6b509b2d3f6003082a1>@@V<lambda_63ea2239ed67c638ddbae41947fdf875>@@@?$__crt_seh_guarded_call@H@@QAEH$$QAV<lambda_6d20deecaf4856105ebacbad442d1079>@@AAV<lambda_9a32fed5bf61b6b509b2d3f6003082a1>@@$$QAV<lambda_63ea2239ed67c638ddbae41947fdf875>@@@Z 1009e9a0     libucrtd:fflush.obj
 0002:000209c0       __sehtable$___acrt_initialize_lowio 1009e9c0     libucrtd:ioinit.obj
 0002:000209dc       __unwindtable$?fp_format_a@@YAHQBNPADIQADIH_NIQAU__crt_locale_pointers@@@Z 1009e9dc     libucrtd:cvt.obj
 0002:000209e4       __ehfuncinfo$?fp_format_a@@YAHQBNPADIQADIH_NIQAU__crt_locale_pointers@@@Z 1009e9e4     libucrtd:cvt.obj
 0002:00020a08       __sehtable$_fputwc         1009ea08     libucrtd:fputwc.obj
 0002:00020a28       __sehtable$_fputc          1009ea28     libucrtd:fputc.obj
 0002:00020a48       __sehtable$__free_locale   1009ea48     libucrtd:wsetlocale.obj
 0002:00020a70       __sehtable$??$?RV<lambda_e5124f882df8998aaf41531e079ba474>@@AAV<lambda_3e16ef9562a7dcce91392c22ab16ea36>@@V<lambda_e25ca0880e6ef98be67edffd8c599615>@@@?$__crt_seh_guarded_call@X@@QAEX$$QAV<lambda_e5124f882df8998aaf41531e079ba474>@@AAV<lambda_3e16ef9562a7dcce91392c22ab16ea36>@@$$QAV<lambda_e25ca0880e6ef98be67edffd8c599615>@@@Z 1009ea70     libucrtd:wsetlocale.obj
 0002:00020a90       __sehtable$??$?RV<lambda_82aef432098b982f9ede325b418aa67a>@@AAV<lambda_862e9a3f04921db6ca1ce3faa2bf3edf>@@V<lambda_ffabc152e504b53d7492b9889b10c020>@@@?$__crt_seh_guarded_call@X@@QAEX$$QAV<lambda_82aef432098b982f9ede325b418aa67a>@@AAV<lambda_862e9a3f04921db6ca1ce3faa2bf3edf>@@$$QAV<lambda_ffabc152e504b53d7492b9889b10c020>@@@Z 1009ea90     libucrtd:wsetlocale.obj
 0002:00020ab0       __sehtable$??$?RV<lambda_6673f7c4c09a5d469d0c27ae364621ce>@@AAV<lambda_ebab98244f73a74f49db879bf13fa982>@@V<lambda_be20789b7a146653eab82509ec35b419>@@@?$__crt_seh_guarded_call@X@@QAEX$$QAV<lambda_6673f7c4c09a5d469d0c27ae364621ce>@@AAV<lambda_ebab98244f73a74f49db879bf13fa982>@@$$QAV<lambda_be20789b7a146653eab82509ec35b419>@@@Z 1009eab0     libucrtd:wsetlocale.obj
 0002:00020ad0       __sehtable$??$?RV<lambda_5aca6e4a77f47620ae296dd2bf7df44b>@@AAV<lambda_83b361a92f54c43571b0e2550f1ca11b>@@V<lambda_acc1f0b9df63543a239ac3c23b7e9024>@@@?$__crt_seh_guarded_call@X@@QAEX$$QAV<lambda_5aca6e4a77f47620ae296dd2bf7df44b>@@AAV<lambda_83b361a92f54c43571b0e2550f1ca11b>@@$$QAV<lambda_acc1f0b9df63543a239ac3c23b7e9024>@@@Z 1009ead0     libucrtd:wsetlocale.obj
 0002:00020af0       __sehtable$??$?RV<lambda_28046e706cdbdd81e2f3eeec17c4365a>@@AAV<lambda_0e7520ab7ffb6a26c49fc53cef5efe99>@@AAV<lambda_8dff2cf36a5417162780cd64fa2883ef>@@@?$__crt_seh_guarded_call@X@@QAEX$$QAV<lambda_28046e706cdbdd81e2f3eeec17c4365a>@@AAV<lambda_0e7520ab7ffb6a26c49fc53cef5efe99>@@AAV<lambda_8dff2cf36a5417162780cd64fa2883ef>@@@Z 1009eaf0     libucrtd:wsetlocale.obj
 0002:00020b10       __sehtable$?update_thread_multibyte_data_internal@@YAPAU__crt_multibyte_data@@QAU__acrt_ptd@@QAPAU1@@Z 1009eb10     libucrtd:mbctype.obj
 0002:00020b30       __sehtable$??$?RV<lambda_b5fb591949065c3fa449bad279e8c939>@@AAV<lambda_6c10a39a819b864ce80acc26b314dcd3>@@V<lambda_e567670a9eae49807d365f3e9c117712>@@@?$__crt_seh_guarded_call@X@@QAEX$$QAV<lambda_b5fb591949065c3fa449bad279e8c939>@@AAV<lambda_6c10a39a819b864ce80acc26b314dcd3>@@$$QAV<lambda_e567670a9eae49807d365f3e9c117712>@@@Z 1009eb30     libucrtd:mbctype.obj
 0002:00020b50       __sehtable$___acrt_update_thread_locale_data 1009eb50     libucrtd:locale_refcounting.obj
 0002:00020b6c       __unwindtable$?_wcstombs_l_helper@@YAIPADPB_WIPAU__crt_locale_pointers@@@Z 1009eb6c     libucrtd:wcstombs.obj
 0002:00020b74       __ehfuncinfo$?_wcstombs_l_helper@@YAIPADPB_WIPAU__crt_locale_pointers@@@Z 1009eb74     libucrtd:wcstombs.obj
 0002:00020b98       __sehtable$_fclose         1009eb98     libucrtd:fclose.obj
 0002:00020bb8       __sehtable$??$?RV<lambda_73934b50d04267ee15484ada9e51f93a>@@AAV<lambda_5533cddd4bda0037814beee657757329>@@V<lambda_505f522a38cc75b1e009910344c75d09>@@@?$__crt_seh_guarded_call@H@@QAEH$$QAV<lambda_73934b50d04267ee15484ada9e51f93a>@@AAV<lambda_5533cddd4bda0037814beee657757329>@@$$QAV<lambda_505f522a38cc75b1e009910344c75d09>@@@Z 1009ebb8     libucrtd:commit.obj
 0002:00020bd8       __sehtable$__write         1009ebd8     libucrtd:write.obj
 0002:00020bf8       __sehtable$__open_osfhandle 1009ebf8     libucrtd:osfinfo.obj
 0002:00020c18       __sehtable$__alloc_osfhnd  1009ec18     libucrtd:osfinfo.obj
 0002:00020c38       __sehtable$___acrt_lowio_ensure_fh_exists 1009ec38     libucrtd:osfinfo.obj
 0002:00020c54       __unwindtable$?shortsort@@YAXPAD0IP6AHPBX1@Z@Z 1009ec54     libucrtd:qsort.obj
 0002:00020c5c       __ehfuncinfo$?shortsort@@YAXPAD0IP6AHPBX1@Z@Z 1009ec5c     libucrtd:qsort.obj
 0002:00020c80       __sehtable$___set_fpsr_sse2 1009ec80     libucrtd:fpctrl.obj
 0002:00020ca0       __sehtable$??$?RV<lambda_e683defbe2e5a27c42b5544acbb13393>@@AAV<lambda_4e7105787b7b0e0227fbf2b2d883fa65>@@V<lambda_80a887151cae997482d53eaa74bb832b>@@@?$__crt_seh_guarded_call@H@@QAEH$$QAV<lambda_e683defbe2e5a27c42b5544acbb13393>@@AAV<lambda_4e7105787b7b0e0227fbf2b2d883fa65>@@$$QAV<lambda_80a887151cae997482d53eaa74bb832b>@@@Z 1009eca0     libucrtd:close.obj
 0002:00020cc0       __sehtable$?__acrt_stdio_allocate_stream@@YA?AV__crt_stdio_stream@@XZ 1009ecc0     libucrtd:stream.obj
 0002:00020ce0       __sehtable$??$common_lseek@J@@YAJHJH@Z 1009ece0     libucrtd:lseek.obj
 0002:00020d00       __sehtable$??$common_lseek@_J@@YA_JH_JH@Z 1009ed00     libucrtd:lseek.obj
 0002:00020d20       __sehtable$??$?RV<lambda_f828341fbe69b7c0d4c527b01f22877f>@@AAV<lambda_9e0b6ab72a5b3ae37ad997d08b519f50>@@V<lambda_f01deac0a8d65d6e0411edf7e0af5775>@@@?$__crt_seh_guarded_call@G@@QAEG$$QAV<lambda_f828341fbe69b7c0d4c527b01f22877f>@@AAV<lambda_9e0b6ab72a5b3ae37ad997d08b519f50>@@$$QAV<lambda_f01deac0a8d65d6e0411edf7e0af5775>@@@Z 1009ed20     libucrtd:putwch.obj
 0002:00020d40       __sehtable$__IsNonwritableInCurrentImage 1009ed40     LIBCMTD:pesect.obj
 0002:00020d60       .edata                     1009ed60     robot_base.exp
 0002:00020d88       rgpv                       1009ed88     robot_base.exp
 0002:00020d8c       rgszName                   1009ed8c     robot_base.exp
 0002:00020d90       rgwOrd                     1009ed90     robot_base.exp
 0002:00020d92       szName                     1009ed92     robot_base.exp
 0002:00020d9e       $N00001                    1009ed9e     robot_base.exp
 0002:00020f9e       .idata$6                   1009ef9e     tgf:tgf.dll
 0002:00020fbc       .idata$6                   1009efbc     robottools:robottools.dll
 0002:00020fda       .idata$6                   1009efda     user32:USER32.dll
 0002:0002166c       .idata$6                   1009f66c     kernel32:KERNEL32.dll
 0003:00000018       ?_ulSeverityText@@3PAPBDA  100a0018     ul_vs2017_32:ulError.obj
 0003:00000024       ?init@std@@3JA             100a0024     libcpmtd:xlock.obj
 0003:00000028       ?isPackaged@?1??__crtIsPackagedApp@@9@4HA 100a0028     libcpmtd:winapisupp.obj
 0003:00000060       ?__vcrt_flsindex@@3KA      100a0060     libvcruntimed:per_thread_data.obj
 0003:00000128       ?__acrt_current_request_number@@3JA 100a0128     libucrtd:debug_heap.obj
 0003:00000150       ?__acrt_flsindex@@3KA      100a0150     libucrtd:per_thread_data.obj
 0003:00000170       ?errno_no_memory@@3HA      100a0170     libucrtd:errno.obj
 0003:00000174       ?doserrno_no_memory@@3KA   100a0174     libucrtd:errno.obj
 0003:000001b0       ?__acrt_debug_fill_threshold@@3IA 100a01b0     libucrtd:debug_fill_threshold.obj
 0003:000001b4       __ctype_loc_style          100a01b4     libucrtd:wsetlocale.obj
 0003:000004a0       __mbctypes                 100a04a0     libucrtd:mbctype.obj
 0003:000005a8       __mbcasemaps               100a05a8     libucrtd:mbctype.obj
 0003:000006a8       ?__rgctypeflag@@3PADA      100a06a8     libucrtd:mbctype.obj
 0003:000006b0       ?__rgcode_page_info@@3PAUcode_page_info@@A 100a06b0     libucrtd:mbctype.obj
 0003:00000810       ?__DAZ_ENABLED@?1??__set_fpsr_sse2@@9@9 100a0810     libucrtd:fpctrl.obj
 0003:00000820       ?__dcrt_lowio_console_output_handle@@3PAXA 100a0820     libucrtd:initcon.obj
 0003:00000a70       ?curTrack@@3PAUtTrack@@A   100a0a70     robot_base.obj
 0003:00000a78       ?_ulErrorBuffer@@3PADA     100a0a78     ul_vs2017_32:ulError.obj
 0003:00000e78       ?_ulErrorCB@@3P6AXW4ulSeverity@@PAD@ZA 100a0e78     ul_vs2017_32:ulError.obj
 0003:00000e88       ?initlocks@std@@3V_Init_locks@1@A 100a0e88     libcpmtd:xlock.obj
 0003:00000e90       ?mtx@std@@3PAU_RTL_CRITICAL_SECTION@@A 100a0e90     libcpmtd:xlock.obj
 0003:00000ff0       ?init@?1??_RTC_InitBase@@9@4_NA 100a0ff0     LIBCMTD:_init_.obj
 0003:00000ff4       ?__proc_attached@@3HA      100a0ff4     LIBCMTD:dll_dllmain.obj
 0003:00000ff8       ?module_local_atexit_table@@3U_onexit_table_t@@A 100a0ff8     LIBCMTD:utility.obj
 0003:00001004       ?module_local_at_quick_exit_table@@3U_onexit_table_t@@A 100a1004     LIBCMTD:utility.obj
 0003:00001010       ?module_local_atexit_table_initialized@@3_NA 100a1010     LIBCMTD:utility.obj
 0003:0000101c       ?is_initialized_as_dll@@3_NA 100a101c     LIBCMTD:utility.obj
 0003:00001020       _GS_ExceptionRecord        100a1020     LIBCMTD:gs_report.obj
 0003:00001070       _GS_ContextRecord          100a1070     LIBCMTD:gs_report.obj
 0003:0000133c       ?_RTC_ErrorReportFunc@@3P6AHHPBDH00ZZA 100a133c     LIBCMTD:_userapi_.obj
 0003:00001340       ?_RTC_ErrorReportFuncW@@3P6AHHPB_WH00ZZA 100a1340     LIBCMTD:_userapi_.obj
 0003:00001364       ?mspdb@@3PAUHINSTANCE__@@A 100a1364     LIBCMTD:_pdblkup_.obj
 0003:00001368       ?alreadyTried@?1??GetPdbDll@@YAPAUHINSTANCE__@@XZ@4_NA 100a1368     LIBCMTD:_pdblkup_.obj
 0003:00001369       ?PDBOK@?1??_RTC_GetSrcLine@@YAHPAEPA_WKPAH1K@Z@4_NA 100a1369     LIBCMTD:_pdblkup_.obj
 0003:0000136c       ?__vcrt_startup_thread_ptd@@3U__vcrt_ptd@@A 100a136c     libvcruntimed:per_thread_data.obj
 0003:00001394       ___vcrt_lock_table         100a1394     libvcruntimed:locks.obj
 0003:000013ac       ___vcrt_locks_initialized  100a13ac     libvcruntimed:locks.obj
 0003:000013b0       ?module_handles@@3PAPAUHINSTANCE__@@A 100a13b0     libvcruntimed:winapi_downlevel.obj
 0003:000013bc       ?encoded_function_pointers@@3PAPAXA 100a13bc     libvcruntimed:winapi_downlevel.obj
 0003:000013fc       ?heap@@3V_HeapManager@@A   100a13fc     libvcruntimed:undname.obj
 0003:00001410       ?buf@?1??dbGetString@DName@@QBEPADXZ@4PADA 100a1410     libvcruntimed:undname.obj
 0003:00001464       ?__acrt_invalid_parameter_handler@@3V?$dual_state_global@P6AXPB_W00II@Z@__crt_state_management@@A 100a1464     libucrtd:invalid_parameter.obj
 0003:00001474       ?c_termination_complete@@3JA 100a1474     libucrtd:exit.obj
 0003:00001478       ?thread_local_exit_callback_func@@3P6GXPAXK0@ZA 100a1478     libucrtd:exit.obj
 0003:00001480       ?__acrt_lock_table@@3PAU_RTL_CRITICAL_SECTION@@A 100a1480     libucrtd:locks.obj
 0003:000015d0       ?__acrt_locks_initialized@@3IA 100a15d0     libucrtd:locks.obj
 0003:000015d4       ?__acrt_new_handler@@3V?$dual_state_global@P6AHI@Z@__crt_state_management@@A 100a15d4     libucrtd:new_handler.obj
 0003:000015d8       ?program_name@?1???$common_configure_argv@D@@YAHW4_crt_argv_mode@@@Z@4PADA 100a15d8     libucrtd:argv_parsing.obj
 0003:000016e0       ?program_name@?1???$common_configure_argv@_W@@YAHW4_crt_argv_mode@@@Z@4PA_WA 100a16e0     libucrtd:argv_parsing.obj
 0003:00001914       ?__acrt_first_block@@3PAU_CrtMemBlockHeader@@A 100a1914     libucrtd:debug_heap.obj
 0003:00001918       ?__acrt_last_block@@3PAU_CrtMemBlockHeader@@A 100a1918     libucrtd:debug_heap.obj
 0003:0000191c       ?__acrt_total_allocations@@3IA 100a191c     libucrtd:debug_heap.obj
 0003:00001920       ?__acrt_current_allocations@@3IA 100a1920     libucrtd:debug_heap.obj
 0003:00001924       ?__acrt_max_allocations@@3IA 100a1924     libucrtd:debug_heap.obj
 0003:00001928       ?__acrt_check_frequency@@3IA 100a1928     libucrtd:debug_heap.obj
 0003:0000192c       ?__acrt_check_counter@@3IA 100a192c     libucrtd:debug_heap.obj
 0003:00001934       ?heap_validation_pending@@3_NA 100a1934     libucrtd:debug_heap.obj
 0003:00001944       ?console_ctrl_handler_installed@@3_NA 100a1944     libucrtd:signal.obj
 0003:00001948       ?ctrlc_action@@3V?$dual_state_global@P6AXH@Z@__crt_state_management@@A 100a1948     libucrtd:signal.obj
 0003:0000194c       ?ctrlbreak_action@@3V?$dual_state_global@P6AXH@Z@__crt_state_management@@A 100a194c     libucrtd:signal.obj
 0003:00001950       ?abort_action@@3V?$dual_state_global@P6AXH@Z@__crt_state_management@@A 100a1950     libucrtd:signal.obj
 0003:00001954       ?term_action@@3V?$dual_state_global@P6AXH@Z@__crt_state_management@@A 100a1954     libucrtd:signal.obj
 0003:00001960       ?module_handles@@3PAPAUHINSTANCE__@@A 100a1960     libucrtd:winapi_thunks.obj
 0003:000019b0       ?encoded_function_pointers@@3PAPAXA 100a19b0     libucrtd:winapi_thunks.obj
 0003:00001a38       ?static_enum_proc@?1??enum_system_locales_ex_nolock@@YAHQ6GHPA_WKJ@Z@Z@4P6GH0KJ@ZA 100a1a38     libucrtd:winapi_thunks.obj
 0003:00001c44       ?enable_percent_n@@3IA     100a1c44     libucrtd:printf_count_output.obj
 0003:00001c58       ?state_cache@?1???$get_cached_win_policy@Ubegin_thread_init_policy_properties@?1??__acrt_get_begin_thread_init_policy@@YA?AW4begin_thread_init_policy@@XZ@@@YA?AW4begin_thread_init_policy@@W4AppPolicyThreadInitializationType@@@Z@4JA 100a1c58     libucrtd:win_policies.obj
 0003:00001c5c       ?state_cache@?1???$get_cached_win_policy@Udeveloper_information_policy_properties@?1??__acrt_get_developer_information_policy@@YA?AW4developer_information_policy@@XZ@@@YA?AW4developer_information_policy@@W4AppPolicyShowDeveloperDiagnostic@@@Z@4JA 100a1c5c     libucrtd:win_policies.obj
 0003:00001c60       ?state_cache@?1???$get_cached_win_policy@Uwindowing_model_policy_properties@?1??__acrt_get_windowing_model_policy@@YA?AW4windowing_model_policy@@XZ@@@YA?AW4windowing_model_policy@@W4AppPolicyWindowingModel@@@Z@4JA 100a1c60     libucrtd:win_policies.obj
 0003:00001c70       ?fSystemSet@@3HA           100a1c70     libucrtd:mbctype.obj
 0003:00001c74       ?initialized@?1??__acrt_initialize_multibyte@@9@4_NA 100a1c74     libucrtd:mbctype.obj
 0003:00001c98       ?user_matherr@@3V?$dual_state_global@P6AHPAU_exception@@@Z@__crt_state_management@@A 100a1c98     libucrtd:matherr.obj
 0003:00001c9c       ?__acrt_global_new_mode@@3V?$dual_state_global@J@__crt_state_management@@A 100a1c9c     libucrtd:new_mode.obj
 0003:00001ca0       ?__acrt_app_type@@3W4_crt_app_type@@A 100a1ca0     libucrtd:report_runtime_error.obj
 0003:00001ca8       ?outmsg@?9??__acrt_report_runtime_error@@9@4PA_WA 100a1ca8     libucrtd:report_runtime_error.obj
 0003:000022d0       __pmatherr_set             100a22d0     libucrtd:libm_error.obj
 0003:000022dc       ___acrt_error_mode         100a22dc     libucrtd:set_error_mode.obj
