 s191355

 Timestamp is 5c409836 (Thu Jan 17 14:59:02 2019)

 Preferred load address is 10000000

 Start         Length     Name                   Class
 0001:00000000 00004230H .text                   CODE
 0001:00004230 00000020H .text$di                CODE
 0001:00004250 00078600H .text$mn                CODE
 0001:0007c850 00000280H .text$x                 CODE
 0001:0007cad0 0000000fH .text$yd                CODE
 0002:00000000 00000180H .idata$5                DATA
 0002:00000180 00000004H .00cfg                  DATA
 0002:00000184 00000004H .CRT$XCA                DATA
 0002:00000188 00000004H .CRT$XCC                DATA
 0002:0000018c 00000004H .CRT$XCZ                DATA
 0002:00000190 00000004H .CRT$XIA                DATA
 0002:00000194 00000010H .CRT$XIC                DATA
 0002:000001a4 00000004H .CRT$XIZ                DATA
 0002:000001a8 00000004H .CRT$XPA                DATA
 0002:000001ac 00000008H .CRT$XPX                DATA
 0002:000001b4 00000004H .CRT$XPXA               DATA
 0002:000001b8 00000004H .CRT$XPZ                DATA
 0002:000001bc 00000004H .CRT$XTA                DATA
 0002:000001c0 00000010H .CRT$XTZ                DATA
 0002:000001c4 00000000H .gfids$y                DATA
 0002:000001d0 0001f368H .rdata                  DATA
 0002:0001f538 000005b0H .rdata$r                DATA
 0002:0001fae8 00000358H .rdata$zzzdbg           DATA
 0002:0001fe40 00000004H .rtc$IAA                DATA
 0002:0001fe44 00000004H .rtc$IMZ                DATA
 0002:0001fe48 00000004H .rtc$IZZ                DATA
 0002:0001fe4c 00000004H .rtc$TAA                DATA
 0002:0001fe50 00000004H .rtc$TMZ                DATA
 0002:0001fe54 00000004H .rtc$TZZ                DATA
 0002:0001fe58 00000fe8H .xdata$x                DATA
 0002:00020e40 00000048H .edata                  DATA
 0002:00020e88 00000050H .idata$2                DATA
 0002:00020ed8 00000014H .idata$3                DATA
 0002:00020eec 00000180H .idata$4                DATA
 0002:0002106c 000006eeH .idata$6                DATA
 0003:00000000 00000830H .data                   DATA
 0003:00000830 00000240H .data$r                 DATA
 0003:00000a70 00001888H .bss                    DATA

  Address         Publics by Value              Rva+Base       Lib:Object

 0000:00000000       ___guard_longjmp_table     00000000     <absolute>
 0000:00000000       ___hybrid_code_map_count   00000000     <absolute>
 0000:00000000       ___hybrid_auxiliary_iat    00000000     <absolute>
 0000:00000000       ___dynamic_value_reloc_table 00000000     <absolute>
 0000:00000000       ___enclave_config          00000000     <absolute>
 0000:00000000       ___guard_iat_count         00000000     <absolute>
 0000:00000000       __except_list              00000000     <absolute>
 0000:00000000       ___guard_iat_table         00000000     <absolute>
 0000:00000000       ___guard_fids_table        00000000     <absolute>
 0000:00000000       ___safe_se_handler_table   00000000     <absolute>
 0000:00000000       ___guard_fids_count        00000000     <absolute>
 0000:00000000       ___safe_se_handler_count   00000000     <absolute>
 0000:00000000       ___guard_longjmp_count     00000000     <absolute>
 0000:00000000       ___hybrid_code_map         00000000     <absolute>
 0000:00000100       ___guard_flags             00000100     <absolute>
 0000:00000000       ___ImageBase               10000000     <linker-defined>
 0001:00000000       ?sgdSqrt@@YANN@Z           10001000 f i sg_vs2008_32:sgd.obj
 0001:00000010       ?sgdSquare@@YANN@Z         10001010 f i sg_vs2008_32:sgd.obj
 0001:00000020       ?sgdAbs@@YANN@Z            10001020 f i sg_vs2008_32:sgd.obj
 0001:00000040       ?sgdASin@@YANN@Z           10001040 f i sg_vs2008_32:sgd.obj
 0001:00000050       ?sgdACos@@YANN@Z           10001050 f i sg_vs2008_32:sgd.obj
 0001:00000060       ?sgdATan2@@YANNN@Z         10001060 f i sg_vs2008_32:sgd.obj
 0001:00000080       ?sgdSin@@YANN@Z            10001080 f i sg_vs2008_32:sgd.obj
 0001:00000090       ?sgdCos@@YANN@Z            10001090 f i sg_vs2008_32:sgd.obj
 0001:000000a0       ?sgdZeroVec3@@YAXQAN@Z     100010a0 f i sg_vs2008_32:sgd.obj
 0001:000000b0       ?sgdSetVec3@@YAXQANNNN@Z   100010b0 f i sg_vs2008_32:sgd.obj
 0001:000000d0       ?sgdSetVec4@@YAXQANNNNN@Z  100010d0 f i sg_vs2008_32:sgd.obj
 0001:000000f0       ?sgdCopyVec3@@YAXQANQBN@Z  100010f0 f i sg_vs2008_32:sgd.obj
 0001:00000110       ?sgdCopyVec4@@YAXQANQBN@Z  10001110 f i sg_vs2008_32:sgd.obj
 0001:00000130       ?sgdAddVec3@@YAXQANQBN1@Z  10001130 f i sg_vs2008_32:sgd.obj
 0001:00000160       ?sgdSubVec2@@YAXQANQBN1@Z  10001160 f i sg_vs2008_32:sgd.obj
 0001:00000180       ?sgdSubVec3@@YAXQANQBN1@Z  10001180 f i sg_vs2008_32:sgd.obj
 0001:000001b0       ?sgdNegateVec3@@YAXQAN@Z   100011b0 f i sg_vs2008_32:sgd.obj
 0001:000001d0       ?sgdScaleVec2@@YAXQANN@Z   100011d0 f i sg_vs2008_32:sgd.obj
 0001:000001f0       ?sgdScaleVec3@@YAXQANN@Z   100011f0 f i sg_vs2008_32:sgd.obj
 0001:00000210       ?sgdScaleVec3@@YAXQANQBNN@Z 10001210 f i sg_vs2008_32:sgd.obj
 0001:00000240       ?sgdScaleVec4@@YAXQANQBNN@Z 10001240 f i sg_vs2008_32:sgd.obj
 0001:00000270       ?sgdAddScaledVec3@@YAXQANQBN1N@Z 10001270 f i sg_vs2008_32:sgd.obj
 0001:000002a0       ?sgdScalarProductVec2@@YANQBN0@Z 100012a0 f i sg_vs2008_32:sgd.obj
 0001:000002c0       ?sgdScalarProductVec3@@YANQBN0@Z 100012c0 f i sg_vs2008_32:sgd.obj
 0001:000002e0       ?sgdScalarProductVec4@@YANQBN0@Z 100012e0 f i sg_vs2008_32:sgd.obj
 0001:00000310       ?sgdDistanceSquaredVec3@@YANQBN0@Z 10001310 f i sg_vs2008_32:sgd.obj
 0001:00000340       ?sgdDistanceVec3@@YANQBN0@Z 10001340 f i sg_vs2008_32:sgd.obj
 0001:00000370       ?sgdLengthVec2@@YANQBN@Z   10001370 f i sg_vs2008_32:sgd.obj
 0001:00000390       ?sgdLengthVec3@@YANQBN@Z   10001390 f i sg_vs2008_32:sgd.obj
 0001:000003c0       ?sgdNormaliseVec2@@YAXQAN@Z 100013c0 f i sg_vs2008_32:sgd.obj
 0001:000003f0       ?sgdNormaliseVec3@@YAXQAN@Z 100013f0 f i sg_vs2008_32:sgd.obj
 0001:00000430       ?sgdNormaliseVec3@@YAXQANQBN@Z 10001430 f i sg_vs2008_32:sgd.obj
 0001:00000470       ?sgdCopyMat4@@YAXQAY03NQAY03$$CBN@Z 10001470 f i sg_vs2008_32:sgd.obj
 0001:000004e0       ?sgdScaleMat4@@YAXQAY03NQAY03$$CBNN@Z 100014e0 f i sg_vs2008_32:sgd.obj
 0001:00000570       ?sgdMakeIdentMat4@@YAXQAY03N@Z 10001570 f i sg_vs2008_32:sgd.obj
 0001:000005b0       ?sgdLineSegment3ToLine3@@YAXPAUsgdLine3@@UsgdLineSegment3@@@Z 100015b0 f i sg_vs2008_32:sgd.obj
 0001:00000620       ?sgdAngleBetweenNormalizedVec3@@YANQAN0@Z 10001620 f i sg_vs2008_32:sgd.obj
 0001:00000690       ?getCenter@sgdSphere@@QBEPBNXZ 10001690 f i sg_vs2008_32:sgd.obj
 0001:000006a0       ?getRadius@sgdSphere@@QBENXZ 100016a0 f i sg_vs2008_32:sgd.obj
 0001:000006b0       ?isEmpty@sgdSphere@@QBEHXZ 100016b0 f i sg_vs2008_32:sgd.obj
 0001:000006d0       ?getMin@sgdBox@@QBEPBNXZ   100016d0 f i sg_vs2008_32:sgd.obj
 0001:000006e0       ?getMax@sgdBox@@QBEPBNXZ   100016e0 f i sg_vs2008_32:sgd.obj
 0001:000006f0       ?isEmpty@sgdBox@@QBEHXZ    100016f0 f i sg_vs2008_32:sgd.obj
 0001:00000720       ?sgdVectorProductVec3@@YAXQANQBN1@Z 10001720 f   sg_vs2008_32:sgd.obj
 0001:00000760       ?_sgdClampToUnity@@YANN@Z  10001760 f i sg_vs2008_32:sgd.obj
 0001:00000790       ?sgdCompare3DSqdDist@@YAHQBN0N@Z 10001790 f   sg_vs2008_32:sgd.obj
 0001:000007f0       ?sgdMakeRotMat4@@YAXQAY03NNQBN@Z 100017f0 f   sg_vs2008_32:sgd.obj
 0001:00000920       ?sgdMakePickMatrix@@YAXQAY03NNNNNQAN@Z 10001920 f   sg_vs2008_32:sgd.obj
 0001:000009a0       ?sgdMakeLookAtMat4@@YAXQAY03NQBN11@Z 100019a0 f   sg_vs2008_32:sgd.obj
 0001:00000b20       ?sgdAngleBetweenVec3@@YANQAN0@Z 10001b20 f   sg_vs2008_32:sgd.obj
 0001:00000bc0       ?sgdAngleBetweenNormalizedVec3@@YANQAN00@Z 10001bc0 f   sg_vs2008_32:sgd.obj
 0001:00000d50       ?sgdAngleBetweenVec3@@YANQAN00@Z 10001d50 f   sg_vs2008_32:sgd.obj
 0001:00000df0       ?extend@sgdBox@@QAEXQBN@Z  10001df0 f   sg_vs2008_32:sgd.obj
 0001:00000ec0       ?extend@sgdBox@@QAEXPBV1@@Z 10001ec0 f   sg_vs2008_32:sgd.obj
 0001:00000f50       ?extend@sgdBox@@QAEXPBVsgdSphere@@@Z 10001f50 f   sg_vs2008_32:sgd.obj
 0001:00000fc0       ?intersects@sgdBox@@QBEHQBN@Z 10001fc0 f   sg_vs2008_32:sgd.obj
 0001:00001100       ?extend@sgdSphere@@QAEXQBN@Z 10002100 f   sg_vs2008_32:sgd.obj
 0001:000011b0       ?extend@sgdSphere@@QAEXPBVsgdBox@@@Z 100021b0 f   sg_vs2008_32:sgd.obj
 0001:00001340       ?extend@sgdSphere@@QAEXPBV1@@Z 10002340 f   sg_vs2008_32:sgd.obj
 0001:00001410       ?intersects@sgdSphere@@QBEHPBVsgdBox@@@Z 10002410 f   sg_vs2008_32:sgd.obj
 0001:000014c0       ?update@sgdFrustum@@AAEXXZ 100024c0 f   sg_vs2008_32:sgd.obj
 0001:000018c0       ?contains@sgdFrustum@@QBEHPBVsgdSphere@@@Z 100028c0 f   sg_vs2008_32:sgd.obj
 0001:00001a30       ?sgdDistSquaredToLineVec3@@YANUsgdLine3@@QBN@Z 10002a30 f   sg_vs2008_32:sgd.obj
 0001:00001a70       ?sgdDistSquaredToLineSegmentVec3@@YANUsgdLineSegment3@@QBN@Z 10002a70 f   sg_vs2008_32:sgd.obj
 0001:00001b80       ?sgdMakeCoordMat4@@YAXQAY03NNNNNNN@Z 10002b80 f   sg_vs2008_32:sgd.obj
 0001:00001d40       ?sgdMakeTransMat4@@YAXQAY03NQBN@Z 10002d40 f   sg_vs2008_32:sgd.obj
 0001:00001d90       ?sgdMakeTransMat4@@YAXQAY03NNNN@Z 10002d90 f   sg_vs2008_32:sgd.obj
 0001:00001de0       ?sgdSetCoord@@YAXPAUsgdCoord@@QAY03$$CBN@Z 10002de0 f   sg_vs2008_32:sgd.obj
 0001:000020e0       ?sgdMakeNormal@@YAXQANQBN1@Z 100030e0 f   sg_vs2008_32:sgd.obj
 0001:00002130       ?sgdMakeNormal@@YAXQANQBN11@Z 10003130 f   sg_vs2008_32:sgd.obj
 0001:000021d0       ?sgdMultMat4@@YAXQAY03NQAY03$$CBN1@Z 100031d0 f   sg_vs2008_32:sgd.obj
 0001:00002280       ?sgdTransposeNegateMat4@@YAXQAY03NQAY03$$CBN@Z 10003280 f   sg_vs2008_32:sgd.obj
 0001:00002320       ?sgdTransposeNegateMat4@@YAXQAY03N@Z 10003320 f   sg_vs2008_32:sgd.obj
 0001:00002350       ?sgdInvertMat4@@YAXQAY03NQAY03$$CBN@Z 10003350 f   sg_vs2008_32:sgd.obj
 0001:00002570       ?sgdXformVec3@@YAXQANQBNQAY03$$CBN@Z 10003570 f   sg_vs2008_32:sgd.obj
 0001:000025d0       ?sgdXformPnt3@@YAXQANQBNQAY03$$CBN@Z 100035d0 f   sg_vs2008_32:sgd.obj
 0001:00002630       ?sgdXformPnt4@@YAXQANQBNQAY03$$CBN@Z 10003630 f   sg_vs2008_32:sgd.obj
 0001:000026c0       ?sgdFullXformPnt3@@YAXQANQBNQAY03$$CBN@Z 100036c0 f   sg_vs2008_32:sgd.obj
 0001:00002720       ?sgdHPRfromVec3@@YAXQAN0@Z 10003720 f   sg_vs2008_32:sgd.obj
 0001:000027c0       ?sgdQuatToAngleAxis@@YAXPANQANQBN@Z 100037c0 f   sg_vs2008_32:sgd.obj
 0001:00002840       ?sgdAngleAxisToQuat@@YAXQANNQBN@Z 10003840 f   sg_vs2008_32:sgd.obj
 0001:000028e0       ?sgdMatrixToQuat@@YAXQANQAY03$$CBN@Z 100038e0 f   sg_vs2008_32:sgd.obj
 0001:00002a40       ?sgdMultQuat@@YAXQANQBN1@Z 10003a40 f   sg_vs2008_32:sgd.obj
 0001:00002b10       ?sgdMultQuat2@@YAXQANQBN1@Z 10003b10 f   sg_vs2008_32:sgd.obj
 0001:00002be0       ?sgdEulerToQuat@@YAXQANQBN@Z 10003be0 f   sg_vs2008_32:sgd.obj
 0001:00002cd0       ?sgdQuatToEuler@@YAXQANQBN@Z 10003cd0 f   sg_vs2008_32:sgd.obj
 0001:00002e30       ?sgdQuatToMatrix@@YAXQAY03NQBN@Z 10003e30 f   sg_vs2008_32:sgd.obj
 0001:00002f00       ?sgdMakeRotMat42@@YAXQAY03NQAN@Z 10003f00 f   sg_vs2008_32:sgd.obj
 0001:00002fd0       ?sgdSlerpQuat2@@YAXQANQBN1N@Z 10003fd0 f   sg_vs2008_32:sgd.obj
 0001:000030f0       ?sgdSlerpQuat@@YAXQANQBN1N@Z 100040f0 f   sg_vs2008_32:sgd.obj
 0001:000031e0       ?sgdRotateVecQuat@@YAXQAN0@Z 100041e0 f   sg_vs2008_32:sgd.obj
 0001:000032d0       ?sgdRotateCoordQuat@@YAXQAN0@Z 100042d0 f   sg_vs2008_32:sgd.obj
 0001:000033c0       ?sgdDistSquaredToLineLineSegment@@YANUsgdLineSegment3@@UsgdLine3@@@Z 100043c0 f   sg_vs2008_32:sgd.obj
 0001:000035d0       ?sgdReflectInPlaneVec3@@YAXQANQBN1@Z 100045d0 f   sg_vs2008_32:sgd.obj
 0001:00003620       ?sgdClassifyMat4@@YAHQAY03$$CBN@Z 10004620 f   sg_vs2008_32:sgd.obj
 0001:000038e0       ?sgdTriangleSolver_SAStoArea@@YANNNN@Z 100048e0 f   sg_vs2008_32:sgd.obj
 0001:00003900       ?sgdTriangleSolver_SSStoArea@@YANNNN@Z 10004900 f   sg_vs2008_32:sgd.obj
 0001:00003950       ?sgdTriangleSolver_SSStoAAA@@YAXNNNPAN00@Z 10004950 f   sg_vs2008_32:sgd.obj
 0001:00003af0       ?sgdTriangleSolver_SAStoASA@@YAXNNNPAN00@Z 10004af0 f   sg_vs2008_32:sgd.obj
 0001:00003b70       ?sgdTriangleSolver_ASAtoSAS@@YAXNNNPAN00@Z 10004b70 f   sg_vs2008_32:sgd.obj
 0001:00003c20       ?sgdTriangleSolver_ASStoSAA@@YAXNNNHPAN00@Z 10004c20 f   sg_vs2008_32:sgd.obj
 0001:00003cb0       ?sgdTriangleSolver_SAAtoASS@@YAXNNNPAN00@Z 10004cb0 f   sg_vs2008_32:sgd.obj
 0001:00003d00       ?sgdTriArea@@YANQAN00@Z    10004d00 f   sg_vs2008_32:sgd.obj
 0001:00003de0       ?getOutcode@sgdFrustum@@ABEHQBN@Z 10004de0 f   sg_vs2008_32:sgd.obj
 0001:00003ec0       ?contains@sgdFrustum@@QBEHQBN@Z 10004ec0 f   sg_vs2008_32:sgd.obj
 0001:00003ee0       ?contains@sgdFrustum@@QBEHPBVsgdBox@@@Z 10004ee0 f   sg_vs2008_32:sgd.obj
 0001:00004000       ?sgdPreMultMat4@@YAXQAY03NQAY03$$CBN@Z 10005000 f   sg_vs2008_32:sgd.obj
 0001:00004040       ?sgdPostMultMat4@@YAXQAY03NQAY03$$CBN@Z 10005040 f   sg_vs2008_32:sgd.obj
 0001:00004080       ?sgdQuatToAngleAxis@@YAXPAN000QBN@Z 10005080 f   sg_vs2008_32:sgd.obj
 0001:000040c0       ?sgdAngleAxisToQuat@@YAXQANNNNN@Z 100050c0 f   sg_vs2008_32:sgd.obj
 0001:00004100       ?sgdTriangleSolver_ASAtoArea@@YANNNN@Z 10005100 f   sg_vs2008_32:sgd.obj
 0001:00004170       ?sgdTriangleSolver_ASStoArea@@YANNNNH@Z 10005170 f   sg_vs2008_32:sgd.obj
 0001:000041d0       ?sgdTriangleSolver_SAAtoArea@@YANNNN@Z 100051d0 f   sg_vs2008_32:sgd.obj
 0001:00004830       _s191355                   10005830 f   robot_base.obj
 0001:000048a0       ??$?0$$V@?$_Compressed_pair@V?$allocator@U?$_List_node@PAUtrackSeg@@PAX@std@@@std@@V?$_List_val@U?$_List_simple_types@PAUtrackSeg@@@std@@@2@$00@std@@QAE@U_Zero_then_variadic_args_t@1@@Z 100058a0 f i robot_base.obj
 0001:000048e0       ??$?0U?$_List_node@PAUtrackSeg@@PAX@std@@@?$allocator@U_Container_proxy@std@@@std@@QAE@ABV?$allocator@U?$_List_node@PAUtrackSeg@@PAX@std@@@1@@Z 100058e0 f i robot_base.obj
 0001:00004900       ??$_Allocate@$07U_Default_allocate_traits@std@@$0A@@std@@YAPAXI@Z 10005900 f i robot_base.obj
 0001:00004940       ??$_Allocate_manually_vector_aligned@U_Default_allocate_traits@std@@@std@@YAPAXI@Z 10005940 f i robot_base.obj
 0001:00004a20       ??$_Buynode@ABQAUtrackSeg@@@?$_List_buy@PAUtrackSeg@@V?$allocator@PAUtrackSeg@@@std@@@std@@QAEPAU?$_List_node@PAUtrackSeg@@PAX@1@PAU21@0ABQAUtrackSeg@@@Z 10005a20 f i robot_base.obj
 0001:00004b10       ??$_Deallocate@$07$0A@@std@@YAXPAXI@Z 10005b10 f i robot_base.obj
 0001:00004b50       ??$_Deallocate_plain@V?$allocator@U_Container_proxy@std@@@std@@$0A@@std@@YAXAAV?$allocator@U_Container_proxy@std@@@0@QAU_Container_proxy@0@@Z 10005b50 f i robot_base.obj
 0001:00004b70       ??$_Freenode0@V?$allocator@U?$_List_node@PAUtrackSeg@@PAX@std@@@std@@@?$_List_node@PAUtrackSeg@@PAX@std@@SAXAAV?$allocator@U?$_List_node@PAUtrackSeg@@PAX@std@@@1@PAU01@@Z 10005b70 f i robot_base.obj
 0001:00004c40       ??$_Get_size_of_n@$07@std@@YAII@Z 10005c40 f i robot_base.obj
 0001:00004c80       ??$_Get_size_of_n@$0M@@std@@YAII@Z 10005c80 f i robot_base.obj
 0001:00004cc0       ??$_Insert@ABQAUtrackSeg@@@?$list@PAUtrackSeg@@V?$allocator@PAUtrackSeg@@@std@@@std@@QAEXV?$_List_unchecked_const_iterator@V?$_List_val@U?$_List_simple_types@PAUtrackSeg@@@std@@@std@@U_Iterator_base0@2@@1@ABQAUtrackSeg@@@Z 10005cc0 f i robot_base.obj
 0001:00004d40       ??$_Unfancy@U_Container_proxy@std@@@std@@YAPAU_Container_proxy@0@PAU10@@Z 10005d40 f i robot_base.obj
 0001:00004d50       ??$addressof@PAU?$_List_node@PAUtrackSeg@@PAX@std@@@std@@YAPAPAU?$_List_node@PAUtrackSeg@@PAX@0@AAPAU10@@Z 10005d50 f i robot_base.obj
 0001:00004d60       ??$addressof@PAUtrackSeg@@@std@@YAPAPAUtrackSeg@@AAPAU1@@Z 10005d60 f i robot_base.obj
 0001:00004d70       ??$addressof@V?$_List_val@U?$_List_simple_types@PAUtrackSeg@@@std@@@std@@@std@@YAPAV?$_List_val@U?$_List_simple_types@PAUtrackSeg@@@std@@@0@AAV10@@Z 10005d70 f i robot_base.obj
 0001:00004d80       ??$construct@PAU?$_List_node@PAUtrackSeg@@PAX@std@@AAPAU12@@?$_Default_allocator_traits@V?$allocator@U?$_List_node@PAUtrackSeg@@PAX@std@@@std@@@std@@SAXAAV?$allocator@U?$_List_node@PAUtrackSeg@@PAX@std@@@1@QAPAU?$_List_node@PAUtrackSeg@@PAX@1@AAPAU31@@Z 10005d80 f i robot_base.obj
 0001:00004dc0       ??$construct@PAUtrackSeg@@ABQAU1@@?$_Default_allocator_traits@V?$allocator@U?$_List_node@PAUtrackSeg@@PAX@std@@@std@@@std@@SAXAAV?$allocator@U?$_List_node@PAUtrackSeg@@PAX@std@@@1@QAPAUtrackSeg@@ABQAU3@@Z 10005dc0 f i robot_base.obj
 0001:00004e00       ??$construct@U_Container_proxy@std@@U12@@?$_Default_allocator_traits@V?$allocator@U_Container_proxy@std@@@std@@@std@@SAXAAV?$allocator@U_Container_proxy@std@@@1@QAU_Container_proxy@1@$$QAU31@@Z 10005e00 f i robot_base.obj
 0001:00004e50       ??$destroy@PAU?$_List_node@PAUtrackSeg@@PAX@std@@@?$_Default_allocator_traits@V?$allocator@U?$_List_node@PAUtrackSeg@@PAX@std@@@std@@@std@@SAXAAV?$allocator@U?$_List_node@PAUtrackSeg@@PAX@std@@@1@QAPAU?$_List_node@PAUtrackSeg@@PAX@1@@Z 10005e50 f i robot_base.obj
 0001:00004e60       ??$destroy@PAUtrackSeg@@@?$_Default_allocator_traits@V?$allocator@U?$_List_node@PAUtrackSeg@@PAX@std@@@std@@@std@@SAXAAV?$allocator@U?$_List_node@PAUtrackSeg@@PAX@std@@@1@QAPAUtrackSeg@@@Z 10005e60 f i robot_base.obj
 0001:00004e70       ??$destroy@U_Container_proxy@std@@@?$_Default_allocator_traits@V?$allocator@U_Container_proxy@std@@@std@@@std@@SAXAAV?$allocator@U_Container_proxy@std@@@1@QAU_Container_proxy@1@@Z 10005e70 f i robot_base.obj
 0001:00004e80       ??$forward@AAPAU?$_List_node@PAUtrackSeg@@PAX@std@@@std@@YAAAPAU?$_List_node@PAUtrackSeg@@PAX@0@AAPAU10@@Z 10005e80 f i robot_base.obj
 0001:00004e90       ??$forward@ABQAUtrackSeg@@@std@@YAABQAUtrackSeg@@ABQAU1@@Z 10005e90 f i robot_base.obj
 0001:00004ea0       ??$forward@U_Container_proxy@std@@@std@@YA$$QAU_Container_proxy@0@AAU10@@Z 10005ea0 f i robot_base.obj
 0001:00004eb0       ??0?$_List_alloc@U?$_List_base_types@PAUtrackSeg@@V?$allocator@PAUtrackSeg@@@std@@@std@@@std@@QAE@XZ 10005eb0 f i robot_base.obj
 0001:00004f80       ??0?$_List_buy@PAUtrackSeg@@V?$allocator@PAUtrackSeg@@@std@@@std@@QAE@XZ 10005f80 f i robot_base.obj
 0001:00004fb0       ??0?$_List_unchecked_const_iterator@V?$_List_val@U?$_List_simple_types@PAUtrackSeg@@@std@@@std@@U_Iterator_base0@2@@std@@QAE@PAU?$_List_node@PAUtrackSeg@@PAX@1@PBV?$_List_val@U?$_List_simple_types@PAUtrackSeg@@@std@@@1@@Z 10005fb0 f i robot_base.obj
 0001:00004ff0       ??0?$_List_unchecked_iterator@V?$_List_val@U?$_List_simple_types@PAUtrackSeg@@@std@@@std@@@std@@QAE@PAU?$_List_node@PAUtrackSeg@@PAX@1@PBV?$_List_val@U?$_List_simple_types@PAUtrackSeg@@@std@@@1@@Z 10005ff0 f i robot_base.obj
 0001:00005030       ??0?$_List_val@U?$_List_simple_types@PAUtrackSeg@@@std@@@std@@QAE@XZ 10006030 f i robot_base.obj
 0001:00005070       ??0?$allocator@U?$_List_node@PAUtrackSeg@@PAX@std@@@std@@QAE@XZ 10006070 f i robot_base.obj
 0001:00005090       ??0?$list@PAUtrackSeg@@V?$allocator@PAUtrackSeg@@@std@@@std@@QAE@XZ 10006090 f i robot_base.obj
 0001:000050c0       ??0_Container_base12@std@@QAE@XZ 100060c0 f i robot_base.obj
 0001:000050e0       ??0_Container_proxy@std@@QAE@XZ 100060e0 f i robot_base.obj
 0001:00005110       ??1?$_Compressed_pair@V?$allocator@U?$_List_node@PAUtrackSeg@@PAX@std@@@std@@V?$_List_val@U?$_List_simple_types@PAUtrackSeg@@@std@@@2@$00@std@@QAE@XZ 10006110 f i robot_base.obj
 0001:00005140       ??1?$_List_alloc@U?$_List_base_types@PAUtrackSeg@@V?$allocator@PAUtrackSeg@@@std@@@std@@@std@@QAE@XZ 10006140 f i robot_base.obj
 0001:000051b0       ??1?$_List_buy@PAUtrackSeg@@V?$allocator@PAUtrackSeg@@@std@@@std@@QAE@XZ 100061b0 f i robot_base.obj
 0001:000051e0       ??1?$_List_val@U?$_List_simple_types@PAUtrackSeg@@@std@@@std@@QAE@XZ 100061e0 f i robot_base.obj
 0001:00005210       ??1?$list@PAUtrackSeg@@V?$allocator@PAUtrackSeg@@@std@@@std@@QAE@XZ 10006210 f i robot_base.obj
 0001:00005270       ??1_Container_base12@std@@QAE@XZ 10006270 f i robot_base.obj
 0001:000052a0       ??2@YAPAXIPAX@Z            100062a0 f i robot_base.obj
 0001:000052b0       ??8?$_List_unchecked_const_iterator@V?$_List_val@U?$_List_simple_types@PAUtrackSeg@@@std@@@std@@U_Iterator_base0@2@@std@@QBE_NABV01@@Z 100062b0 f i robot_base.obj
 0001:000052f0       ??9?$_List_unchecked_const_iterator@V?$_List_val@U?$_List_simple_types@PAUtrackSeg@@@std@@@std@@U_Iterator_base0@2@@std@@QBE_NABV01@@Z 100062f0 f i robot_base.obj
 0001:00005340       ??D?$_List_unchecked_const_iterator@V?$_List_val@U?$_List_simple_types@PAUtrackSeg@@@std@@@std@@U_Iterator_base0@2@@std@@QBEABQAUtrackSeg@@XZ 10006340 f i robot_base.obj
 0001:00005360       ??D?$_List_unchecked_iterator@V?$_List_val@U?$_List_simple_types@PAUtrackSeg@@@std@@@std@@@std@@QBEAAPAUtrackSeg@@XZ 10006360 f i robot_base.obj
 0001:00005390       ??E?$_List_unchecked_const_iterator@V?$_List_val@U?$_List_simple_types@PAUtrackSeg@@@std@@@std@@U_Iterator_base0@2@@std@@QAEAAV01@XZ 10006390 f i robot_base.obj
 0001:000053c0       ??E?$_List_unchecked_iterator@V?$_List_val@U?$_List_simple_types@PAUtrackSeg@@@std@@@std@@@std@@QAEAAV01@XZ 100063c0 f i robot_base.obj
 0001:000053f0       ?_Adjust_manually_vector_aligned@std@@YAXAAPAXAAI@Z 100063f0 f i robot_base.obj
 0001:000054b0       ?_Adopt@_Iterator_base0@std@@QAEXPBX@Z 100064b0 f i robot_base.obj
 0001:000054d0       ?_Alloc_proxy@?$_List_alloc@U?$_List_base_types@PAUtrackSeg@@V?$allocator@PAUtrackSeg@@@std@@@std@@@std@@QAEXXZ 100064d0 f i robot_base.obj
 0001:000055b0       ?_Allocate@_Default_allocate_traits@std@@SAPAXI@Z 100065b0 f i robot_base.obj
 0001:000055d0       ?_Buyheadnode@?$_List_alloc@U?$_List_base_types@PAUtrackSeg@@V?$allocator@PAUtrackSeg@@@std@@@std@@@std@@QAEPAU?$_List_node@PAUtrackSeg@@PAX@2@XZ 100065d0 f i robot_base.obj
 0001:00005600       ?_Buynode0@?$_List_alloc@U?$_List_base_types@PAUtrackSeg@@V?$allocator@PAUtrackSeg@@@std@@@std@@@std@@QAEPAU?$_List_node@PAUtrackSeg@@PAX@2@PAU32@0@Z 10006600 f i robot_base.obj
 0001:00005710       ?_Clrcont@_Iterator_base12@std@@QAEXXZ 10006710 f i robot_base.obj
 0001:00005730       ?_Free_proxy@?$_List_alloc@U?$_List_base_types@PAUtrackSeg@@V?$allocator@PAUtrackSeg@@@std@@@std@@@std@@QAEXXZ 10006730 f i robot_base.obj
 0001:000057f0       ?_Freeheadnode@?$_List_alloc@U?$_List_base_types@PAUtrackSeg@@V?$allocator@PAUtrackSeg@@@std@@@std@@@std@@QAEXPAU?$_List_node@PAUtrackSeg@@PAX@2@@Z 100067f0 f i robot_base.obj
 0001:00005830       ?_Freenode@?$_List_buy@PAUtrackSeg@@V?$allocator@PAUtrackSeg@@@std@@@std@@QAEXPAU?$_List_node@PAUtrackSeg@@PAX@2@@Z 10006830 f i robot_base.obj
 0001:00005890       ?_Get_data@?$_List_alloc@U?$_List_base_types@PAUtrackSeg@@V?$allocator@PAUtrackSeg@@@std@@@std@@@std@@QAEAAV?$_List_val@U?$_List_simple_types@PAUtrackSeg@@@std@@@2@XZ 10006890 f i robot_base.obj
 0001:000058c0       ?_Get_data@?$_List_alloc@U?$_List_base_types@PAUtrackSeg@@V?$allocator@PAUtrackSeg@@@std@@@std@@@std@@QBEABV?$_List_val@U?$_List_simple_types@PAUtrackSeg@@@std@@@2@XZ 100068c0 f i robot_base.obj
 0001:000058f0       ?_Get_first@?$_Compressed_pair@V?$allocator@U?$_List_node@PAUtrackSeg@@PAX@std@@@std@@V?$_List_val@U?$_List_simple_types@PAUtrackSeg@@@std@@@2@$00@std@@QAEAAV?$allocator@U?$_List_node@PAUtrackSeg@@PAX@std@@@2@XZ 100068f0 f i robot_base.obj
 0001:00005910       ?_Get_first@?$_Compressed_pair@V?$allocator@U?$_List_node@PAUtrackSeg@@PAX@std@@@std@@V?$_List_val@U?$_List_simple_types@PAUtrackSeg@@@std@@@2@$00@std@@QBEABV?$allocator@U?$_List_node@PAUtrackSeg@@PAX@std@@@2@XZ 10006910 f i robot_base.obj
 0001:00005930       ?_Get_second@?$_Compressed_pair@V?$allocator@U?$_List_node@PAUtrackSeg@@PAX@std@@@std@@V?$_List_val@U?$_List_simple_types@PAUtrackSeg@@@std@@@2@$00@std@@QAEAAV?$_List_val@U?$_List_simple_types@PAUtrackSeg@@@std@@@2@XZ 10006930 f i robot_base.obj
 0001:00005950       ?_Get_second@?$_Compressed_pair@V?$allocator@U?$_List_node@PAUtrackSeg@@PAX@std@@@std@@V?$_List_val@U?$_List_simple_types@PAUtrackSeg@@@std@@@2@$00@std@@QBEABV?$_List_val@U?$_List_simple_types@PAUtrackSeg@@@std@@@2@XZ 10006950 f i robot_base.obj
 0001:00005970       ?_Getal@?$_List_alloc@U?$_List_base_types@PAUtrackSeg@@V?$allocator@PAUtrackSeg@@@std@@@std@@@std@@QAEAAV?$allocator@U?$_List_node@PAUtrackSeg@@PAX@std@@@2@XZ 10006970 f i robot_base.obj
 0001:000059a0       ?_Getal@?$_List_alloc@U?$_List_base_types@PAUtrackSeg@@V?$allocator@PAUtrackSeg@@@std@@@std@@@std@@QBEABV?$allocator@U?$_List_node@PAUtrackSeg@@PAX@std@@@2@XZ 100069a0 f i robot_base.obj
 0001:000059d0       ?_Getpfirst@?$_List_alloc@U?$_List_base_types@PAUtrackSeg@@V?$allocator@PAUtrackSeg@@@std@@@std@@@std@@QBEPAPAU_Iterator_base12@2@XZ 100069d0 f i robot_base.obj
 0001:00005a00       ?_Getpfirst@_Container_base12@std@@QBEPAPAU_Iterator_base12@2@XZ 10006a00 f i robot_base.obj
 0001:00005a40       ?_Getpnext@_Iterator_base12@std@@QAEPAPAU12@XZ 10006a40 f i robot_base.obj
 0001:00005a60       ?_Incsize@?$list@PAUtrackSeg@@V?$allocator@PAUtrackSeg@@@std@@@std@@QAEXI@Z 10006a60 f i robot_base.obj
 0001:00005ad0       ?_Myhead@?$_List_alloc@U?$_List_base_types@PAUtrackSeg@@V?$allocator@PAUtrackSeg@@@std@@@std@@@std@@QAEAAPAU?$_List_node@PAUtrackSeg@@PAX@2@XZ 10006ad0 f i robot_base.obj
 0001:00005b00       ?_Myproxy@?$_List_alloc@U?$_List_base_types@PAUtrackSeg@@V?$allocator@PAUtrackSeg@@@std@@@std@@@std@@QAEAAPAU_Container_proxy@2@XZ 10006b00 f i robot_base.obj
 0001:00005b30       ?_Mysize@?$_List_alloc@U?$_List_base_types@PAUtrackSeg@@V?$allocator@PAUtrackSeg@@@std@@@std@@@std@@QAEAAIXZ 10006b30 f i robot_base.obj
 0001:00005b60       ?_Orphan_all@?$_List_alloc@U?$_List_base_types@PAUtrackSeg@@V?$allocator@PAUtrackSeg@@@std@@@std@@@std@@QAEXXZ 10006b60 f i robot_base.obj
 0001:00005b90       ?_Orphan_all@_Container_base12@std@@QAEXXZ 10006b90 f i robot_base.obj
 0001:00005c70       ?_Orphan_ptr@?$list@PAUtrackSeg@@V?$allocator@PAUtrackSeg@@@std@@@std@@QAEXPAU?$_List_node@PAUtrackSeg@@PAX@2@@Z 10006c70 f i robot_base.obj
 0001:00005d90       ?_Tidy@?$list@PAUtrackSeg@@V?$allocator@PAUtrackSeg@@@std@@@std@@QAEXXZ 10006d90 f i robot_base.obj
 0001:00005dc0       ?_Unchecked_begin@?$list@PAUtrackSeg@@V?$allocator@PAUtrackSeg@@@std@@@std@@QAE?AV?$_List_unchecked_iterator@V?$_List_val@U?$_List_simple_types@PAUtrackSeg@@@std@@@std@@@2@XZ 10006dc0 f i robot_base.obj
 0001:00005e00       ?_Unchecked_end@?$list@PAUtrackSeg@@V?$allocator@PAUtrackSeg@@@std@@@std@@QAE?AV?$_List_unchecked_iterator@V?$_List_val@U?$_List_simple_types@PAUtrackSeg@@@std@@@std@@@2@XZ 10006e00 f i robot_base.obj
 0001:00005e40       ?__empty_global_delete@@YAXPAX@Z 10006e40 f i robot_base.obj
 0001:00005e50       ?__empty_global_delete@@YAXPAXI@Z 10006e50 f i robot_base.obj
 0001:00005e60       ?allocate@?$allocator@U?$_List_node@PAUtrackSeg@@PAX@std@@@std@@QAEPAU?$_List_node@PAUtrackSeg@@PAX@2@I@Z 10006e60 f i robot_base.obj
 0001:00005ea0       ?allocate@?$allocator@U_Container_proxy@std@@@std@@QAEPAU_Container_proxy@2@I@Z 10006ea0 f i robot_base.obj
 0001:00005ee0       ?clear@?$list@PAUtrackSeg@@V?$allocator@PAUtrackSeg@@@std@@@std@@QAEXXZ 10006ee0 f i robot_base.obj
 0001:00005fc0       ?deallocate@?$_Default_allocator_traits@V?$allocator@U?$_List_node@PAUtrackSeg@@PAX@std@@@std@@@std@@SAXAAV?$allocator@U?$_List_node@PAUtrackSeg@@PAX@std@@@2@QAU?$_List_node@PAUtrackSeg@@PAX@2@I@Z 10006fc0 f i robot_base.obj
 0001:00005fe0       ?deallocate@?$_Default_allocator_traits@V?$allocator@U_Container_proxy@std@@@std@@@std@@SAXAAV?$allocator@U_Container_proxy@std@@@2@QAU_Container_proxy@2@I@Z 10006fe0 f i robot_base.obj
 0001:00006000       ?deallocate@?$allocator@U?$_List_node@PAUtrackSeg@@PAX@std@@@std@@QAEXQAU?$_List_node@PAUtrackSeg@@PAX@2@I@Z 10007000 f i robot_base.obj
 0001:00006030       ?max_size@?$_Default_allocator_traits@V?$allocator@U?$_List_node@PAUtrackSeg@@PAX@std@@@std@@@std@@SAIABV?$allocator@U?$_List_node@PAUtrackSeg@@PAX@std@@@2@@Z 10007030 f i robot_base.obj
 0001:00006040       ?max_size@?$list@PAUtrackSeg@@V?$allocator@PAUtrackSeg@@@std@@@std@@QBEIXZ 10007040 f i robot_base.obj
 0001:00006070       ?push_front@?$list@PAUtrackSeg@@V?$allocator@PAUtrackSeg@@@std@@@std@@QAEXABQAUtrackSeg@@@Z 10007070 f i robot_base.obj
 0001:000060c0       ?sgdMakeCoordMat4@@YAXQAY03NPBUsgdCoord@@@Z 100070c0 f i robot_base.obj
 0001:000060f0       ?sgdMakeCoordMat4@@YAXQAY03NQBN1@Z 100070f0 f i robot_base.obj
 0001:00006196       ?_tgf_win_strdup@@YAPADPBD@Z 10007196 f   tgf:tgf.dll
 0001:0000619c       ?RtTrackSideTgAngleL@@YAMPAUtTrkLocPos@@@Z 1000719c f   robottools:robottools.dll
 0001:000061b0       ??$__vcrt_va_start_verify_argument_type@PBD@@YAXXZ 100071b0 f i ul_vs2017_32:ulError.obj
 0001:000061c0       ??$__vcrt_va_start_verify_argument_type@QBD@@YAXXZ 100071c0 f i ul_vs2017_32:ulError.obj
 0001:000061d0       ?ulClearError@@YAXXZ       100071d0 f   ul_vs2017_32:ulError.obj
 0001:000061e0       ?ulGetError@@YAPADXZ       100071e0 f   ul_vs2017_32:ulError.obj
 0001:000061f0       ?ulGetErrorCallback@@YAP6AXW4ulSeverity@@PAD@ZXZ 100071f0 f   ul_vs2017_32:ulError.obj
 0001:00006200       ?ulSetError@@YAXW4ulSeverity@@PBDZZ 10007200 f   ul_vs2017_32:ulError.obj
 0001:00006290       ?ulSetErrorCallback@@YAXP6AXW4ulSeverity@@PAD@Z@Z 10007290 f   ul_vs2017_32:ulError.obj
 0001:000062a0       ___local_stdio_printf_options 100072a0 f i ul_vs2017_32:ulError.obj
 0001:000062b0       _fprintf                   100072b0 f i ul_vs2017_32:ulError.obj
 0001:000062d3       _MessageBoxA@16            100072d3 f   user32:USER32.dll
 0001:000062e0       ??0_Init_locks@std@@QAE@XZ 100072e0 f   libcpmtd:xlock.obj
 0001:00006330       ??0_Lockit@std@@QAE@H@Z    10007330 f   libcpmtd:xlock.obj
 0001:00006380       ??0_Lockit@std@@QAE@XZ     10007380 f   libcpmtd:xlock.obj
 0001:000063c0       ??1_Init_locks@std@@QAE@XZ 100073c0 f   libcpmtd:xlock.obj
 0001:00006410       ??1_Lockit@std@@QAE@XZ     10007410 f   libcpmtd:xlock.obj
 0001:00006450       ?_Init_locks_ctor@_Init_locks@std@@CAXPAV12@@Z 10007450 f   libcpmtd:xlock.obj
 0001:000064a0       ?_Init_locks_dtor@_Init_locks@std@@CAXPAV12@@Z 100074a0 f   libcpmtd:xlock.obj
 0001:000064f0       ?_Lockit_ctor@_Lockit@std@@CAXPAV12@@Z 100074f0 f   libcpmtd:xlock.obj
 0001:00006510       ?_Lockit_ctor@_Lockit@std@@CAXPAV12@H@Z 10007510 f   libcpmtd:xlock.obj
 0001:00006550       ?_Lockit_ctor@_Lockit@std@@SAXH@Z 10007550 f   libcpmtd:xlock.obj
 0001:00006580       ?_Lockit_dtor@_Lockit@std@@CAXPAV12@@Z 10007580 f   libcpmtd:xlock.obj
 0001:000065a0       ?_Lockit_dtor@_Lockit@std@@SAXH@Z 100075a0 f   libcpmtd:xlock.obj
 0001:000065d0       __Lock_at_thread_exit_mutex 100075d0 f   libcpmtd:xlock.obj
 0001:000065f0       __Unlock_at_thread_exit_mutex 100075f0 f   libcpmtd:xlock.obj
 0001:00006610       ??0bad_alloc@std@@QAE@ABV01@@Z 10007610 f i libcpmtd:xthrow.obj
 0001:00006640       ??0bad_alloc@std@@QAE@XZ   10007640 f i libcpmtd:xthrow.obj
 0001:00006670       ??0bad_function_call@std@@QAE@ABV01@@Z 10007670 f i libcpmtd:xthrow.obj
 0001:000066a0       ??0bad_function_call@std@@QAE@XZ 100076a0 f i libcpmtd:xthrow.obj
 0001:000066c0       ??0exception@std@@QAE@ABV01@@Z 100076c0 f i libcpmtd:xthrow.obj
 0001:00006700       ??0exception@std@@QAE@QBD@Z 10007700 f i libcpmtd:xthrow.obj
 0001:00006750       ??0exception@std@@QAE@QBDH@Z 10007750 f i libcpmtd:xthrow.obj
 0001:00006780       ??0exception@std@@QAE@XZ   10007780 f i libcpmtd:xthrow.obj
 0001:000067b0       ??0invalid_argument@std@@QAE@ABV01@@Z 100077b0 f i libcpmtd:xthrow.obj
 0001:000067e0       ??0invalid_argument@std@@QAE@PBD@Z 100077e0 f i libcpmtd:xthrow.obj
 0001:00006810       ??0length_error@std@@QAE@ABV01@@Z 10007810 f i libcpmtd:xthrow.obj
 0001:00006840       ??0length_error@std@@QAE@PBD@Z 10007840 f i libcpmtd:xthrow.obj
 0001:00006870       ??0logic_error@std@@QAE@ABV01@@Z 10007870 f i libcpmtd:xthrow.obj
 0001:000068a0       ??0logic_error@std@@QAE@PBD@Z 100078a0 f i libcpmtd:xthrow.obj
 0001:000068d0       ??0out_of_range@std@@QAE@ABV01@@Z 100078d0 f i libcpmtd:xthrow.obj
 0001:00006900       ??0out_of_range@std@@QAE@PBD@Z 10007900 f i libcpmtd:xthrow.obj
 0001:00006930       ??0overflow_error@std@@QAE@ABV01@@Z 10007930 f i libcpmtd:xthrow.obj
 0001:00006960       ??0overflow_error@std@@QAE@PBD@Z 10007960 f i libcpmtd:xthrow.obj
 0001:00006990       ??0regex_error@std@@QAE@ABV01@@Z 10007990 f i libcpmtd:xthrow.obj
 0001:000069d0       ??0regex_error@std@@QAE@W4error_type@regex_constants@1@@Z 100079d0 f i libcpmtd:xthrow.obj
 0001:00006a10       ??0runtime_error@std@@QAE@ABV01@@Z 10007a10 f i libcpmtd:xthrow.obj
 0001:00006a40       ??0runtime_error@std@@QAE@PBD@Z 10007a40 f i libcpmtd:xthrow.obj
 0001:00006a70       ??1bad_alloc@std@@UAE@XZ   10007a70 f i libcpmtd:xthrow.obj
 0001:00006a90       ??1bad_function_call@std@@UAE@XZ 10007a90 f i libcpmtd:xthrow.obj
 0001:00006ab0       ??1exception@std@@UAE@XZ   10007ab0 f i libcpmtd:xthrow.obj
 0001:00006ae0       ??1invalid_argument@std@@UAE@XZ 10007ae0 f i libcpmtd:xthrow.obj
 0001:00006b00       ??1length_error@std@@UAE@XZ 10007b00 f i libcpmtd:xthrow.obj
 0001:00006b20       ??1logic_error@std@@UAE@XZ 10007b20 f i libcpmtd:xthrow.obj
 0001:00006b40       ??1out_of_range@std@@UAE@XZ 10007b40 f i libcpmtd:xthrow.obj
 0001:00006b60       ??1overflow_error@std@@UAE@XZ 10007b60 f i libcpmtd:xthrow.obj
 0001:00006b80       ??1regex_error@std@@UAE@XZ 10007b80 f i libcpmtd:xthrow.obj
 0001:00006ba0       ??1runtime_error@std@@UAE@XZ 10007ba0 f i libcpmtd:xthrow.obj
 0001:00006bc0       ??_Ebad_alloc@std@@UAEPAXI@Z 10007bc0 f i libcpmtd:xthrow.obj
 0001:00006bc0       ??_Gbad_alloc@std@@UAEPAXI@Z 10007bc0 f i libcpmtd:xthrow.obj
 0001:00006bf0       ??_Gbad_function_call@std@@UAEPAXI@Z 10007bf0 f i libcpmtd:xthrow.obj
 0001:00006bf0       ??_Ebad_function_call@std@@UAEPAXI@Z 10007bf0 f i libcpmtd:xthrow.obj
 0001:00006c20       ??_Eexception@std@@UAEPAXI@Z 10007c20 f i libcpmtd:xthrow.obj
 0001:00006c20       ??_Gexception@std@@UAEPAXI@Z 10007c20 f i libcpmtd:xthrow.obj
 0001:00006c50       ??_Ginvalid_argument@std@@UAEPAXI@Z 10007c50 f i libcpmtd:xthrow.obj
 0001:00006c50       ??_Einvalid_argument@std@@UAEPAXI@Z 10007c50 f i libcpmtd:xthrow.obj
 0001:00006c80       ??_Elength_error@std@@UAEPAXI@Z 10007c80 f i libcpmtd:xthrow.obj
 0001:00006c80       ??_Glength_error@std@@UAEPAXI@Z 10007c80 f i libcpmtd:xthrow.obj
 0001:00006cb0       ??_Glogic_error@std@@UAEPAXI@Z 10007cb0 f i libcpmtd:xthrow.obj
 0001:00006cb0       ??_Elogic_error@std@@UAEPAXI@Z 10007cb0 f i libcpmtd:xthrow.obj
 0001:00006ce0       ??_Gout_of_range@std@@UAEPAXI@Z 10007ce0 f i libcpmtd:xthrow.obj
 0001:00006ce0       ??_Eout_of_range@std@@UAEPAXI@Z 10007ce0 f i libcpmtd:xthrow.obj
 0001:00006d10       ??_Goverflow_error@std@@UAEPAXI@Z 10007d10 f i libcpmtd:xthrow.obj
 0001:00006d10       ??_Eoverflow_error@std@@UAEPAXI@Z 10007d10 f i libcpmtd:xthrow.obj
 0001:00006d40       ??_Eregex_error@std@@UAEPAXI@Z 10007d40 f i libcpmtd:xthrow.obj
 0001:00006d40       ??_Gregex_error@std@@UAEPAXI@Z 10007d40 f i libcpmtd:xthrow.obj
 0001:00006d70       ??_Gruntime_error@std@@UAEPAXI@Z 10007d70 f i libcpmtd:xthrow.obj
 0001:00006d70       ??_Eruntime_error@std@@UAEPAXI@Z 10007d70 f i libcpmtd:xthrow.obj
 0001:00006da0       ?_Stringify@regex_error@std@@CAPBDW4error_type@regex_constants@2@@Z 10007da0 f i libcpmtd:xthrow.obj
 0001:00006e70       ?_Xbad_alloc@std@@YAXXZ    10007e70 f   libcpmtd:xthrow.obj
 0001:00006e90       ?_Xbad_function_call@std@@YAXXZ 10007e90 f   libcpmtd:xthrow.obj
 0001:00006eb0       ?_Xinvalid_argument@std@@YAXPBD@Z 10007eb0 f   libcpmtd:xthrow.obj
 0001:00006ee0       ?_Xlength_error@std@@YAXPBD@Z 10007ee0 f   libcpmtd:xthrow.obj
 0001:00006f10       ?_Xout_of_range@std@@YAXPBD@Z 10007f10 f   libcpmtd:xthrow.obj
 0001:00006f40       ?_Xoverflow_error@std@@YAXPBD@Z 10007f40 f   libcpmtd:xthrow.obj
 0001:00006f70       ?_Xregex_error@std@@YAXW4error_type@regex_constants@1@@Z 10007f70 f   libcpmtd:xthrow.obj
 0001:00006fa0       ?_Xruntime_error@std@@YAXPBD@Z 10007fa0 f   libcpmtd:xthrow.obj
 0001:00006fd0       ?what@bad_function_call@std@@UBEPBDXZ 10007fd0 f i libcpmtd:xthrow.obj
 0001:00006fe0       ?what@exception@std@@UBEPBDXZ 10007fe0 f i libcpmtd:xthrow.obj
 0001:00007010       __Mtxdst                   10008010 f   libcpmtd:xmtx.obj
 0001:00007020       __Mtxinit                  10008020 f   libcpmtd:xmtx.obj
 0001:00007040       __Mtxlock                  10008040 f   libcpmtd:xmtx.obj
 0001:00007050       __Mtxunlock                10008050 f   libcpmtd:xmtx.obj
 0001:000075f0       ___crtAcquireSRWLockExclusive 100085f0 f   libcpmtd:winapisupp.obj
 0001:00007630       ___crtCloseThreadpoolTimer 10008630 f   libcpmtd:winapisupp.obj
 0001:00007670       ___crtCloseThreadpoolWait  10008670 f   libcpmtd:winapisupp.obj
 0001:000076b0       ___crtCloseThreadpoolWork  100086b0 f   libcpmtd:winapisupp.obj
 0001:000076f0       ___crtCreateEventExW       100086f0 f   libcpmtd:winapisupp.obj
 0001:00007760       ___crtCreateSemaphoreExW   10008760 f   libcpmtd:winapisupp.obj
 0001:000077f0       ___crtCreateSymbolicLinkW  100087f0 f   libcpmtd:winapisupp.obj
 0001:00007840       ___crtCreateThreadpoolTimer 10008840 f   libcpmtd:winapisupp.obj
 0001:00007890       ___crtCreateThreadpoolWait 10008890 f   libcpmtd:winapisupp.obj
 0001:000078e0       ___crtCreateThreadpoolWork 100088e0 f   libcpmtd:winapisupp.obj
 0001:00007920       ___crtFlsAlloc             10008920 f   libcpmtd:winapisupp.obj
 0001:00007960       ___crtFlsFree              10008960 f   libcpmtd:winapisupp.obj
 0001:000079b0       ___crtFlsGetValue          100089b0 f   libcpmtd:winapisupp.obj
 0001:00007a00       ___crtFlsSetValue          10008a00 f   libcpmtd:winapisupp.obj
 0001:00007a50       ___crtFlushProcessWriteBuffers 10008a50 f   libcpmtd:winapisupp.obj
 0001:00007a90       ___crtFreeLibraryWhenCallbackReturns 10008a90 f   libcpmtd:winapisupp.obj
 0001:00007ad0       ___crtGetCurrentProcessorNumber 10008ad0 f   libcpmtd:winapisupp.obj
 0001:00007b10       ___crtGetFileInformationByHandleEx 10008b10 f   libcpmtd:winapisupp.obj
 0001:00007b60       ___crtGetSystemTimePreciseAsFileTime 10008b60 f   libcpmtd:winapisupp.obj
 0001:00007bb0       ___crtGetTickCount64       10008bb0 f   libcpmtd:winapisupp.obj
 0001:00007bf0       ___crtInitOnceExecuteOnce  10008bf0 f   libcpmtd:winapisupp.obj
 0001:00007d00       ___crtInitializeConditionVariable 10008d00 f   libcpmtd:winapisupp.obj
 0001:00007d40       ___crtInitializeCriticalSectionEx 10008d40 f   libcpmtd:winapisupp.obj
 0001:00007da0       ___crtInitializeSRWLock    10008da0 f   libcpmtd:winapisupp.obj
 0001:00007de0       ___crtIsPackagedApp        10008de0 f   libcpmtd:winapisupp.obj
 0001:00007e20       ___crtReleaseSRWLockExclusive 10008e20 f   libcpmtd:winapisupp.obj
 0001:00007e60       ___crtSetFileInformationByHandle 10008e60 f   libcpmtd:winapisupp.obj
 0001:00007eb0       ___crtSetThreadpoolTimer   10008eb0 f   libcpmtd:winapisupp.obj
 0001:00007f00       ___crtSetThreadpoolWait    10008f00 f   libcpmtd:winapisupp.obj
 0001:00007f40       ___crtSleepConditionVariableCS 10008f40 f   libcpmtd:winapisupp.obj
 0001:00007f80       ___crtSleepConditionVariableSRW 10008f80 f   libcpmtd:winapisupp.obj
 0001:00007fd0       ___crtSubmitThreadpoolWork 10008fd0 f   libcpmtd:winapisupp.obj
 0001:00008010       ___crtTryAcquireSRWLockExclusive 10009010 f   libcpmtd:winapisupp.obj
 0001:00008050       ___crtWaitForThreadpoolTimerCallbacks 10009050 f   libcpmtd:winapisupp.obj
 0001:00008090       ___crtWakeAllConditionVariable 10009090 f   libcpmtd:winapisupp.obj
 0001:000080d0       ___crtWakeConditionVariable 100090d0 f   libcpmtd:winapisupp.obj
 0001:00008110       ___crt_IsPackagedAppHelper 10009110 f   libcpmtd:winapisupp.obj
 0001:00008170       ??2@YAPAXI@Z               10009170 f   LIBCMTD:new_scalar.obj
 0001:000081c0       ??3@YAXPAXI@Z              100091c0 f   LIBCMTD:delete_scalar_size.obj
 0001:000081e0       @_RTC_AllocaHelper@12      100091e0 f   LIBCMTD:_stack_.obj
 0001:00008220       @_RTC_CheckStackVars2@12   10009220 f   LIBCMTD:_stack_.obj
 0001:00008300       @_RTC_CheckStackVars@8     10009300 f   LIBCMTD:_stack_.obj
 0001:00008370       __RTC_CheckEsp             10009370 f   LIBCMTD:_stack_.obj
 0001:000083b0       @__security_check_cookie@4 100093b0 f   LIBCMTD:_secchk_.obj
 0001:000083d0       __CRT_RTC_INIT             100093d0 f   LIBCMTD:_init_.obj
 0001:000083e0       __CRT_RTC_INITW            100093e0 f   LIBCMTD:_init_.obj
 0001:000083f0       __RTC_InitBase             100093f0 f   LIBCMTD:_init_.obj
 0001:00008420       __RTC_Shutdown             10009420 f   LIBCMTD:_init_.obj
 0001:000088e0       __CRT_INIT@12              100098e0 f   LIBCMTD:dll_dllmain.obj
 0001:00008900       __DllMainCRTStartup@12     10009900 f   LIBCMTD:dll_dllmain.obj
 0001:00008930       ??$__crt_fast_decode_pointer@PAP6AXXZ@@YAPAP6AXXZQAP6AXXZ@Z 10009930 f i LIBCMTD:utility.obj
 0001:00008960       ??$__crt_fast_encode_pointer@PAP6AXXZ@@YAPAP6AXXZQAP6AXXZ@Z 10009960 f i LIBCMTD:utility.obj
 0001:00008990       ?__crt_rotate_pointer_value@@YAIIH@Z 10009990 f i LIBCMTD:utility.obj
 0001:000089a0       ?configure_argv@__scrt_narrow_argv_policy@@SAHXZ 100099a0 f i LIBCMTD:utility.obj
 0001:00008a50       ?initialize_environment@__scrt_narrow_environment_policy@@SAHXZ 10009a50 f i LIBCMTD:utility.obj
 0001:00008ad0       _NtCurrentTeb              10009ad0 f i LIBCMTD:utility.obj
 0001:00008ae0       ___scrt_acquire_startup_lock 10009ae0 f   LIBCMTD:utility.obj
 0001:00008b30       ___scrt_dllmain_after_initialize_c 10009b30 f   LIBCMTD:utility.obj
 0001:00008b60       ___scrt_dllmain_before_initialize_c 10009b60 f   LIBCMTD:utility.obj
 0001:00008b80       ___scrt_dllmain_crt_thread_attach 10009b80 f   LIBCMTD:utility.obj
 0001:00008bb0       ___scrt_dllmain_crt_thread_detach 10009bb0 f   LIBCMTD:utility.obj
 0001:00008bd0       ___scrt_dllmain_exception_filter 10009bd0 f   LIBCMTD:utility.obj
 0001:00008c20       ___scrt_dllmain_uninitialize_c 10009c20 f   LIBCMTD:utility.obj
 0001:00008c50       ___scrt_dllmain_uninitialize_critical 10009c50 f   LIBCMTD:utility.obj
 0001:00008c70       ___scrt_initialize_crt     10009c70 f   LIBCMTD:utility.obj
 0001:00008cc0       ___scrt_initialize_onexit_tables 10009cc0 f   LIBCMTD:utility.obj
 0001:00008da0       ___scrt_is_nonwritable_in_current_image 10009da0 f   LIBCMTD:utility.obj
 0001:00008ed0       ___scrt_release_startup_lock 10009ed0 f   LIBCMTD:utility.obj
 0001:00008f00       ___scrt_uninitialize_crt   10009f00 f   LIBCMTD:utility.obj
 0001:00008f40       __onexit                   10009f40 f   LIBCMTD:utility.obj
 0001:00008fb0       _at_quick_exit             10009fb0 f   LIBCMTD:utility.obj
 0001:00009000       _atexit                    1000a000 f   LIBCMTD:utility.obj
 0001:00009030       ??1type_info@@UAE@XZ       1000a030 f   LIBCMTD:std_type_info_static.obj
 0001:00009050       ??_Etype_info@@UAEPAXI@Z   1000a050 f i LIBCMTD:std_type_info_static.obj
 0001:00009050       ??_Gtype_info@@UAEPAXI@Z   1000a050 f i LIBCMTD:std_type_info_static.obj
 0001:00009080       @_guard_check_icall@4      1000a080 f i LIBCMTD:checkcfg.obj
 0001:000090a0       ??0bad_alloc@std@@AAE@QBD@Z 1000a0a0 f i LIBCMTD:throw_bad_alloc.obj
 0001:000090d0       ??0bad_array_new_length@std@@QAE@ABV01@@Z 1000a0d0 f i LIBCMTD:throw_bad_alloc.obj
 0001:00009100       ??0bad_array_new_length@std@@QAE@XZ 1000a100 f i LIBCMTD:throw_bad_alloc.obj
 0001:00009130       ??1bad_array_new_length@std@@UAE@XZ 1000a130 f i LIBCMTD:throw_bad_alloc.obj
 0001:00009150       ??_Gbad_array_new_length@std@@UAEPAXI@Z 1000a150 f i LIBCMTD:throw_bad_alloc.obj
 0001:00009150       ??_Ebad_array_new_length@std@@UAEPAXI@Z 1000a150 f i LIBCMTD:throw_bad_alloc.obj
 0001:00009180       ?__scrt_throw_std_bad_alloc@@YAXXZ 1000a180 f   LIBCMTD:throw_bad_alloc.obj
 0001:000091a0       ?__scrt_throw_std_bad_array_new_length@@YAXXZ 1000a1a0 f   LIBCMTD:throw_bad_alloc.obj
 0001:000091c0       ??3@YAXPAX@Z               1000a1c0 f   LIBCMTD:delete_scalar.obj
 0001:00009270       ?_RTC_AllocaFailure@@YAXPAXPAU_RTC_ALLOCA_NODE@@H@Z 1000a270 f   LIBCMTD:_error_.obj
 0001:00009360       ?_RTC_Failure@@YAXPAXH@Z   1000a360 f   LIBCMTD:_error_.obj
 0001:000093b0       ?_RTC_StackFailure@@YAXPAXPBD@Z 1000a3b0 f   LIBCMTD:_error_.obj
 0001:00009770       __RTC_UninitUse            1000a770 f   LIBCMTD:_error_.obj
 0001:00009820       __vsprintf_s_l             1000a820 f i LIBCMTD:_error_.obj
 0001:00009850       _sprintf_s                 1000a850 f i LIBCMTD:_error_.obj
 0001:00009880       ___raise_securityfailure   1000a880 f   LIBCMTD:gs_report.obj
 0001:000098b0       ___report_gsfailure        1000a8b0 f   LIBCMTD:gs_report.obj
 0001:000099c0       ___report_rangecheckfailure 1000a9c0 f   LIBCMTD:gs_report.obj
 0001:000099d0       ___report_securityfailure  1000a9d0 f   LIBCMTD:gs_report.obj
 0001:00009ab0       ___report_securityfailureEx 1000aab0 f   LIBCMTD:gs_report.obj
 0001:00009be0       ?_RTC_GetErrorFunc@@YAP6AHHPBDH00ZZPBX@Z 1000abe0 f   LIBCMTD:_userapi_.obj
 0001:00009bf0       ?_RTC_GetErrorFuncW@@YAP6AHHPB_WH00ZZPBX@Z 1000abf0 f   LIBCMTD:_userapi_.obj
 0001:00009c00       __RTC_GetErrDesc           1000ac00 f   LIBCMTD:_userapi_.obj
 0001:00009c20       __RTC_NumErrors            1000ac20 f   LIBCMTD:_userapi_.obj
 0001:00009c30       __RTC_SetErrorFunc         1000ac30 f   LIBCMTD:_userapi_.obj
 0001:00009c50       __RTC_SetErrorFuncW        1000ac50 f   LIBCMTD:_userapi_.obj
 0001:00009c70       __RTC_SetErrorType         1000ac70 f   LIBCMTD:_userapi_.obj
 0001:00009d10       ___security_init_cookie    1000ad10 f   LIBCMTD:gs_support.obj
 0001:00009d90       _DllMain@12                1000ad90 f   LIBCMTD:dll_dllmain_stub.obj
 0001:00009da0       ?__scrt_initialize_type_info@@YAXXZ 1000ada0 f   LIBCMTD:tncleanup.obj
 0001:00009db0       ?__scrt_uninitialize_type_info@@YAXXZ 1000adb0 f   LIBCMTD:tncleanup.obj
 0001:00009dd0       ___local_stdio_scanf_options 1000add0 f i LIBCMTD:default_local_stdio_options.obj
 0001:00009de0       ___scrt_initialize_default_local_stdio_options 1000ade0 f   LIBCMTD:default_local_stdio_options.obj
 0001:00009e20       ___scrt_get_dyn_tls_init_callback 1000ae20 f   LIBCMTD:dyn_tls_init.obj
 0001:00009e30       ___scrt_fastfail           1000ae30 f   LIBCMTD:utility_desktop.obj
 0001:00009f70       ___scrt_get_show_window_mode 1000af70 f   LIBCMTD:utility_desktop.obj
 0001:00009fb0       ___scrt_initialize_winrt   1000afb0 f   LIBCMTD:utility_desktop.obj
 0001:00009fc0       ___scrt_is_managed_app     1000afc0 f   LIBCMTD:utility_desktop.obj
 0001:0000a050       ___scrt_set_unhandled_exception_filter 1000b050 f   LIBCMTD:utility_desktop.obj
 0001:0000a060       ___scrt_unhandled_exception_filter@4 1000b060 f   LIBCMTD:utility_desktop.obj
 0001:0000a0c0       __crt_debugger_hook        1000b0c0 f   LIBCMTD:utility_desktop.obj
 0001:0000a0d0       __RTC_Initialize           1000b0d0 f   LIBCMTD:_initsect_.obj
 0001:0000a100       __RTC_Terminate            1000b100 f   LIBCMTD:_initsect_.obj
 0001:0000a130       ___isa_available_init      1000b130 f   LIBCMTD:_cpu_disp_.obj
 0001:0000a410       __get_startup_argv_mode    1000b410 f   LIBCMTD:argv_mode.obj
 0001:0000a420       ___scrt_is_ucrt_dll_in_use 1000b420 f   LIBCMTD:ucrt_detection.obj
 0001:0000a450       @_guard_check_icall_nop@4  1000b450 f i LIBCMTD:guard_support.obj
 0001:0000a460       _ReadNoFence               1000b460 f i LIBCMTD:guard_support.obj
 0001:0000a480       _ReadPointerNoFence        1000b480 f i LIBCMTD:guard_support.obj
 0001:0000a4a0       __guard_icall_checks_enforced 1000b4a0 f i LIBCMTD:guard_support.obj
 0001:0000a960       ?_RTC_GetSrcLine@@YAHPAEPA_WKPAH1K@Z 1000b960 f   LIBCMTD:_pdblkup_.obj
 0001:0000acb0       _memset                    1000bcb0 f   libvcruntimed:memset.obj
 0001:0000ae10       __CxxThrowException@8      1000be10 f   libvcruntimed:throw.obj
 0001:0000aec0       ?_CallCatchBlock2@@YAPAXPAUEHRegistrationNode@@PBU_s_FuncInfo@@PAXHK@Z 1000bec0 f   libvcruntimed:trnsctrl.obj
 0001:0000af30       ?_CallSETranslator@@YAHPAUEHExceptionRecord@@PAUEHRegistrationNode@@PAX2PBU_s_FuncInfo@@H1@Z 1000bf30 f   libvcruntimed:trnsctrl.obj
 0001:0000b020       ?_GetRangeOfTrysToCheck@@YAPBU_s_TryBlockMapEntry@@PBU_s_FuncInfo@@HHPAI1@Z 1000c020 f   libvcruntimed:trnsctrl.obj
 0001:0000b0f0       ?_JumpToContinuation@@YGXPAXPAUEHRegistrationNode@@@Z 1000c0f0 f   libvcruntimed:trnsctrl.obj
 0001:0000b130       ?_UnwindNestedFrames@@YGXPAUEHRegistrationNode@@PAUEHExceptionRecord@@@Z 1000c130 f   libvcruntimed:trnsctrl.obj
 0001:0000b190       __CatchGuardHandler        1000c190 f   libvcruntimed:trnsctrl.obj
 0001:0000b1e0       __CreateFrameInfo          1000c1e0 f   libvcruntimed:trnsctrl.obj
 0001:0000b210       __FindAndUnlinkFrame       1000c210 f   libvcruntimed:trnsctrl.obj
 0001:0000b280       __TranslatorGuardHandler   1000c280 f   libvcruntimed:trnsctrl.obj
 0001:0000b330       ___CxxFrameHandler         1000c330 f   libvcruntimed:trnsctrl.obj
 0001:0000b370       ___CxxFrameHandler2        1000c370 f   libvcruntimed:trnsctrl.obj
 0001:0000b3b0       ___CxxFrameHandler3        1000c3b0 f   libvcruntimed:trnsctrl.obj
 0001:0000b3f0       ___CxxLongjmpUnwind@4      1000c3f0 f   libvcruntimed:trnsctrl.obj
 0001:0000b430       ??$?RD@__crt_public_free_policy@@QBEXQBD@Z 1000c430 f i libvcruntimed:std_exception.obj
 0001:0000b450       ??0?$__crt_unique_heap_ptr@DU__crt_public_free_policy@@@@QAE@QAD@Z 1000c450 f i libvcruntimed:std_exception.obj
 0001:0000b470       ??1?$__crt_unique_heap_ptr@DU__crt_public_free_policy@@@@QAE@XZ 1000c470 f i libvcruntimed:std_exception.obj
 0001:0000b490       ??B?$__crt_unique_heap_ptr@DU__crt_public_free_policy@@@@QBE_NXZ 1000c490 f i libvcruntimed:std_exception.obj
 0001:0000b4b0       ?detach@?$__crt_unique_heap_ptr@DU__crt_public_free_policy@@@@QAEPADXZ 1000c4b0 f i libvcruntimed:std_exception.obj
 0001:0000b4e0       ?get@?$__crt_unique_heap_ptr@DU__crt_public_free_policy@@@@QBEPADXZ 1000c4e0 f i libvcruntimed:std_exception.obj
 0001:0000b4f0       ?is_valid@?$__crt_unique_heap_ptr@DU__crt_public_free_policy@@@@QBE_NXZ 1000c4f0 f i libvcruntimed:std_exception.obj
 0001:0000b520       ?release@?$__crt_unique_heap_ptr@DU__crt_public_free_policy@@@@QAEXXZ 1000c520 f i libvcruntimed:std_exception.obj
 0001:0000b550       ___std_exception_copy      1000c550 f   libvcruntimed:std_exception.obj
 0001:0000b630       ___std_exception_destroy   1000c630 f   libvcruntimed:std_exception.obj
 0001:0000b6c0       __except_handler4          1000c6c0 f   libvcruntimed:_chandler4_.obj
 0001:0000b890       ___vcrt_initialize         1000c890 f   libvcruntimed:initialization.obj
 0001:0000b8d0       ___vcrt_thread_attach      1000c8d0 f   libvcruntimed:initialization.obj
 0001:0000b8f0       ___vcrt_thread_detach      1000c8f0 f   libvcruntimed:initialization.obj
 0001:0000b910       ___vcrt_uninitialize       1000c910 f   libvcruntimed:initialization.obj
 0001:0000b930       ___vcrt_uninitialize_critical 1000c930 f   libvcruntimed:initialization.obj
 0001:0000b970       ??$?RD@__crt_internal_free_policy@@QBEXQBD@Z 1000c970 f i libvcruntimed:std_type_info.obj
 0001:0000b990       ??$?RX@__crt_internal_free_policy@@QBEXQBX@Z 1000c990 f i libvcruntimed:std_type_info.obj
 0001:0000b9b0       ??$__crt_interlocked_compare_exchange_pointer@$$CBDPAD$$T@@YAPBDPDSBDQAD$$T@Z 1000c9b0 f i libvcruntimed:std_type_info.obj
 0001:0000b9d0       ??$__crt_interlocked_read_pointer@$$CBD@@YAPBDPDSBD@Z 1000c9d0 f i libvcruntimed:std_type_info.obj
 0001:0000b9f0       ??0?$__crt_unique_heap_ptr@DU__crt_internal_free_policy@@@@QAE@QAD@Z 1000c9f0 f i libvcruntimed:std_type_info.obj
 0001:0000ba10       ??0?$__crt_unique_heap_ptr@XU__crt_internal_free_policy@@@@QAE@QAX@Z 1000ca10 f i libvcruntimed:std_type_info.obj
 0001:0000ba30       ??1?$__crt_unique_heap_ptr@DU__crt_internal_free_policy@@@@QAE@XZ 1000ca30 f i libvcruntimed:std_type_info.obj
 0001:0000ba50       ??1?$__crt_unique_heap_ptr@XU__crt_internal_free_policy@@@@QAE@XZ 1000ca50 f i libvcruntimed:std_type_info.obj
 0001:0000ba90       ??B?$__crt_unique_heap_ptr@DU__crt_internal_free_policy@@@@QBE_NXZ 1000ca90 f i libvcruntimed:std_type_info.obj
 0001:0000bab0       ??B?$__crt_unique_heap_ptr@XU__crt_internal_free_policy@@@@QBE_NXZ 1000cab0 f i libvcruntimed:std_type_info.obj
 0001:0000bb20       ?__crt_interlocked_read_32@@YAHPDH@Z 1000cb20 f i libvcruntimed:std_type_info.obj
 0001:0000bb40       ?detach@?$__crt_unique_heap_ptr@XU__crt_internal_free_policy@@@@QAEPAXXZ 1000cb40 f i libvcruntimed:std_type_info.obj
 0001:0000bb70       ?get@?$__crt_unique_heap_ptr@DU__crt_internal_free_policy@@@@QBEPADXZ 1000cb70 f i libvcruntimed:std_type_info.obj
 0001:0000bb80       ?get@?$__crt_unique_heap_ptr@XU__crt_internal_free_policy@@@@QBEPAXXZ 1000cb80 f i libvcruntimed:std_type_info.obj
 0001:0000bb90       ?is_valid@?$__crt_unique_heap_ptr@DU__crt_internal_free_policy@@@@QBE_NXZ 1000cb90 f i libvcruntimed:std_type_info.obj
 0001:0000bbc0       ?is_valid@?$__crt_unique_heap_ptr@XU__crt_internal_free_policy@@@@QBE_NXZ 1000cbc0 f i libvcruntimed:std_type_info.obj
 0001:0000bbf0       ?release@?$__crt_unique_heap_ptr@DU__crt_internal_free_policy@@@@QAEXXZ 1000cbf0 f i libvcruntimed:std_type_info.obj
 0001:0000bc20       ?release@?$__crt_unique_heap_ptr@XU__crt_internal_free_policy@@@@QAEXXZ 1000cc20 f i libvcruntimed:std_type_info.obj
 0001:0000bc50       ___std_type_info_compare   1000cc50 f   libvcruntimed:std_type_info.obj
 0001:0000bc80       ___std_type_info_destroy_list 1000cc80 f   libvcruntimed:std_type_info.obj
 0001:0000bcc0       ___std_type_info_hash      1000ccc0 f   libvcruntimed:std_type_info.obj
 0001:0000bd20       ___std_type_info_name      1000cd20 f   libvcruntimed:std_type_info.obj
 0001:0000bf00       ___vcrt_GetModuleFileNameW 1000cf00 f   libvcruntimed:winapi_thunks.obj
 0001:0000bf20       ___vcrt_GetModuleHandleW   1000cf20 f   libvcruntimed:winapi_thunks.obj
 0001:0000bf30       ___vcrt_LoadLibraryExW     1000cf30 f   libvcruntimed:winapi_thunks.obj
 0001:0000bf50       ??$?RU__vcrt_ptd@@@__crt_internal_free_policy@@QBEXQBU__vcrt_ptd@@@Z 1000cf50 f i libvcruntimed:per_thread_data.obj
 0001:0000bf70       ??0?$__crt_unique_heap_ptr@U__vcrt_ptd@@U__crt_internal_free_policy@@@@QAE@QAU__vcrt_ptd@@@Z 1000cf70 f i libvcruntimed:per_thread_data.obj
 0001:0000bfb0       ??1?$__crt_unique_heap_ptr@U__vcrt_ptd@@U__crt_internal_free_policy@@@@QAE@XZ 1000cfb0 f i libvcruntimed:per_thread_data.obj
 0001:0000bff0       ??B?$__crt_unique_heap_ptr@U__vcrt_ptd@@U__crt_internal_free_policy@@@@QBE_NXZ 1000cff0 f i libvcruntimed:per_thread_data.obj
 0001:0000c010       ?detach@?$__crt_unique_heap_ptr@U__vcrt_ptd@@U__crt_internal_free_policy@@@@QAEPAU__vcrt_ptd@@XZ 1000d010 f i libvcruntimed:per_thread_data.obj
 0001:0000c040       ?get@?$__crt_unique_heap_ptr@U__vcrt_ptd@@U__crt_internal_free_policy@@@@QBEPAU__vcrt_ptd@@XZ 1000d040 f i libvcruntimed:per_thread_data.obj
 0001:0000c050       ?is_valid@?$__crt_unique_heap_ptr@U__vcrt_ptd@@U__crt_internal_free_policy@@@@QBE_NXZ 1000d050 f i libvcruntimed:per_thread_data.obj
 0001:0000c080       ?release@?$__crt_unique_heap_ptr@U__vcrt_ptd@@U__crt_internal_free_policy@@@@QAEXXZ 1000d080 f i libvcruntimed:per_thread_data.obj
 0001:0000c0e0       ___vcrt_freefls@4          1000d0e0 f   libvcruntimed:per_thread_data.obj
 0001:0000c110       ___vcrt_freeptd            1000d110 f   libvcruntimed:per_thread_data.obj
 0001:0000c170       ___vcrt_getptd             1000d170 f   libvcruntimed:per_thread_data.obj
 0001:0000c190       ___vcrt_getptd_noexit      1000d190 f   libvcruntimed:per_thread_data.obj
 0001:0000c2f0       ___vcrt_getptd_noinit      1000d2f0 f   libvcruntimed:per_thread_data.obj
 0001:0000c350       ___vcrt_initialize_ptd     1000d350 f   libvcruntimed:per_thread_data.obj
 0001:0000c3a0       ___vcrt_uninitialize_ptd   1000d3a0 f   libvcruntimed:per_thread_data.obj
 0001:0000c3d0       __CallSettingFrame@12      1000d3d0 f   libvcruntimed:lowhelpr.obj
 0001:0000c3f7       __NLG_Return               1000d3f7     libvcruntimed:lowhelpr.obj
 0001:0000c420       ??0bad_exception@std@@QAE@ABV01@@Z 1000d420 f i libvcruntimed:frame.obj
 0001:0000c450       ??0bad_exception@std@@QAE@XZ 1000d450 f i libvcruntimed:frame.obj
 0001:0000c480       ??1bad_exception@std@@UAE@XZ 1000d480 f i libvcruntimed:frame.obj
 0001:0000c4a0       ??8type_info@@QBE_NABV0@@Z 1000d4a0 f i libvcruntimed:frame.obj
 0001:0000c4e0       ??_Gbad_exception@std@@UAEPAXI@Z 1000d4e0 f i libvcruntimed:frame.obj
 0001:0000c4e0       ??_Ebad_exception@std@@UAEPAXI@Z 1000d4e0 f i libvcruntimed:frame.obj
 0001:0000d0d0       ?_CallMemberFunction1@@YGXQAX00@Z 1000e0d0 f i libvcruntimed:frame.obj
 0001:0000d0f0       ?_CallMemberFunction2@@YGXQAX00H@Z 1000e0f0 f i libvcruntimed:frame.obj
 0001:0000d110       ?_ValidateExecute@@YA_NP6GHXZ@Z 1000e110 f i libvcruntimed:frame.obj
 0001:0000d130       ?_ValidateRead@@YA_NPBXI@Z 1000e130 f i libvcruntimed:frame.obj
 0001:0000d150       ?_ValidateWrite@@YA_NPAXI@Z 1000e150 f i libvcruntimed:frame.obj
 0001:0000d170       ___BuildCatchObject        1000e170 f   libvcruntimed:frame.obj
 0001:0000d280       ___BuildCatchObjectHelper  1000e280 f   libvcruntimed:frame.obj
 0001:0000d5b0       ___FrameUnwindToState      1000e5b0 f   libvcruntimed:frame.obj
 0001:0000d730       ___InternalCxxFrameHandler 1000e730 f   libvcruntimed:frame.obj
 0001:0000d8e0       ___TypeMatch               1000e8e0 f   libvcruntimed:frame.obj
 0001:0000d9c0       ___vcrt_EncodePointer      1000e9c0 f i libvcruntimed:frame.obj
 0001:0000d9e0       ___except_validate_context_record 1000e9e0 f   libvcruntimed:jbcxrval.obj
 0001:0000da30       ___except_validate_jump_buffer 1000ea30 f   libvcruntimed:jbcxrval.obj
 0001:0000da50       ___except_validate_jump_buffer_common 1000ea50 f i libvcruntimed:jbcxrval.obj
 0001:0000dab0       __local_unwind4            1000eab0 f   libvcruntimed:_exsup4_.obj
 0001:0000db88       __seh_longjmp_unwind4@4    1000eb88 f   libvcruntimed:_exsup4_.obj
 0001:0000dbb0       @_EH4_CallFilterFunc@8     1000ebb0 f   libvcruntimed:_exsup4_.obj
 0001:0000dbc8       @_EH4_TransferToHandler@8  1000ebc8 f   libvcruntimed:_exsup4_.obj
 0001:0000dbe4       @_EH4_GlobalUnwind2@8      1000ebe4 f   libvcruntimed:_exsup4_.obj
 0001:0000dc00       @_EH4_LocalUnwind@16       1000ec00 f   libvcruntimed:_exsup4_.obj
 0001:0000dc20       ___vcrt_initialize_locks   1000ec20 f   libvcruntimed:locks.obj
 0001:0000dc80       ___vcrt_lock               1000ec80 f   libvcruntimed:locks.obj
 0001:0000dca0       ___vcrt_uninitialize_locks 1000eca0 f   libvcruntimed:locks.obj
 0001:0000dcf0       ___vcrt_unlock             1000ecf0 f   libvcruntimed:locks.obj
 0001:0000dd10       ??$?BX@__crt_fast_encoded_nullptr_t@@QBEPAXXZ 1000ed10 f i libvcruntimed:winapi_downlevel.obj
 0001:0000dd30       ??$__crt_fast_decode_pointer@PAX@@YAPAXQAX@Z 1000ed30 f i libvcruntimed:winapi_downlevel.obj
 0001:0000dd60       ??$__crt_fast_encode_pointer@PAX@@YAPAXQAX@Z 1000ed60 f i libvcruntimed:winapi_downlevel.obj
 0001:0000dd90       ??$__crt_interlocked_exchange_pointer@UHINSTANCE__@@PAU1@@@YAPAUHINSTANCE__@@PDSAU0@QAU0@@Z 1000ed90 f i libvcruntimed:winapi_downlevel.obj
 0001:0000dda0       ??$__crt_interlocked_exchange_pointer@UHINSTANCE__@@PAX@@YAPAUHINSTANCE__@@PDSAU0@QAX@Z 1000eda0 f i libvcruntimed:winapi_downlevel.obj
 0001:0000ddb0       ??$__crt_interlocked_exchange_pointer@XPAX@@YAPAXPDSAXQAX@Z 1000edb0 f i libvcruntimed:winapi_downlevel.obj
 0001:0000ddc0       ??$__crt_interlocked_read_pointer@UHINSTANCE__@@@@YAPAUHINSTANCE__@@PDSAU0@@Z 1000edc0 f i libvcruntimed:winapi_downlevel.obj
 0001:0000dde0       ??$__crt_interlocked_read_pointer@X@@YAPAXPDSAX@Z 1000ede0 f i libvcruntimed:winapi_downlevel.obj
 0001:0000de00       ?__crt_fast_encode_pointer@@YA?AU__crt_fast_encoded_nullptr_t@@$$T@Z 1000ee00 f i libvcruntimed:winapi_downlevel.obj
 0001:0000e200       ___vcrt_FlsAlloc           1000f200 f   libvcruntimed:winapi_downlevel.obj
 0001:0000e240       ___vcrt_FlsFree            1000f240 f   libvcruntimed:winapi_downlevel.obj
 0001:0000e280       ___vcrt_FlsGetValue        1000f280 f   libvcruntimed:winapi_downlevel.obj
 0001:0000e2c0       ___vcrt_FlsSetValue        1000f2c0 f   libvcruntimed:winapi_downlevel.obj
 0001:0000e310       ___vcrt_InitializeCriticalSectionEx 1000f310 f   libvcruntimed:winapi_downlevel.obj
 0001:0000e360       ___vcrt_initialize_winapi_thunks 1000f360 f   libvcruntimed:winapi_downlevel.obj
 0001:0000e3c0       ___vcrt_uninitialize_winapi_thunks 1000f3c0 f   libvcruntimed:winapi_downlevel.obj
 0001:0000e430       ??$?B$$A6AXXZ@__crt_fast_encoded_nullptr_t@@QBEP6AXXZXZ 1000f430 f i libvcruntimed:purevirt_data.obj
 0001:0000e450       ??$__crt_fast_encode_pointer@P6AXXZ@@YAP6AXXZQ6AXXZ@Z 1000f450 f i libvcruntimed:purevirt_data.obj
 0001:0000e480       ___vcrt_initialize_pure_virtual_call_handler 1000f480 f   libvcruntimed:purevirt_data.obj
 0001:0000e4b0       ??0Block@_HeapManager@@QAE@XZ 1000f4b0 f i libvcruntimed:undname.obj
 0001:0000e4d0       ??0DName@@QAE@AAPBDD@Z     1000f4d0 f   libvcruntimed:undname.obj
 0001:0000e700       ??0DName@@QAE@ABV0@@Z      1000f700 f i libvcruntimed:undname.obj
 0001:0000e730       ??0DName@@QAE@D@Z          1000f730 f   libvcruntimed:undname.obj
 0001:0000e770       ??0DName@@QAE@PAV0@@Z      1000f770 f   libvcruntimed:undname.obj
 0001:0000e820       ??0DName@@QAE@PBD@Z        1000f820 f   libvcruntimed:undname.obj
 0001:0000e870       ??0DName@@QAE@W4DNameStatus@@@Z 1000f870 f   libvcruntimed:undname.obj
 0001:0000e910       ??0DName@@QAE@XZ           1000f910 f i libvcruntimed:undname.obj
 0001:0000e940       ??0DName@@QAE@_J@Z         1000f940 f   libvcruntimed:undname.obj
 0001:0000ea30       ??0DName@@QAE@_K@Z         1000fa30 f   libvcruntimed:undname.obj
 0001:0000eae0       ??0DNameNode@@IAE@XZ       1000fae0 f i libvcruntimed:undname.obj
 0001:0000eb00       ??0Replicator@@QAE@XZ      1000fb00 f i libvcruntimed:undname.obj
 0001:0000eb40       ??0UnDecorator@@QAE@PBDP6APADJ@ZK@Z 1000fb40 f i libvcruntimed:undname.obj
 0001:0000ebc0       ??0charNode@@QAE@D@Z       1000fbc0 f i libvcruntimed:undname.obj
 0001:0000ebf0       ??0pDNameNode@@QAE@PAVDName@@@Z 1000fbf0 f   libvcruntimed:undname.obj
 0001:0000ec50       ??0pairNode@@QAE@PBVDNameNode@@0@Z 1000fc50 f i libvcruntimed:undname.obj
 0001:0000ec90       ??0pcharNode@@QAE@PBDH@Z   1000fc90 f   libvcruntimed:undname.obj
 0001:0000ed50       ??2@YAPAXIAAV_HeapManager@@H@Z 1000fd50 f i libvcruntimed:undname.obj
 0001:0000ed70       ??4DName@@QAEAAV0@ABV0@@Z  1000fd70 f   libvcruntimed:undname.obj
 0001:0000eda0       ??4DName@@QAEAAV0@D@Z      1000fda0 f i libvcruntimed:undname.obj
 0001:0000ede0       ??4DName@@QAEAAV0@PAV0@@Z  1000fde0 f   libvcruntimed:undname.obj
 0001:0000ee80       ??4DName@@QAEAAV0@PBD@Z    1000fe80 f   libvcruntimed:undname.obj
 0001:0000eec0       ??4DName@@QAEAAV0@W4DNameStatus@@@Z 1000fec0 f   libvcruntimed:undname.obj
 0001:0000ef40       ??AReplicator@@QBE?AVDName@@H@Z 1000ff40 f   libvcruntimed:undname.obj
 0001:0000efb0       ??H@YA?AVDName@@DABV0@@Z   1000ffb0 f i libvcruntimed:undname.obj
 0001:0000efe0       ??H@YA?AVDName@@PBDABV0@@Z 1000ffe0 f i libvcruntimed:undname.obj
 0001:0000f010       ??H@YA?AVDName@@W4DNameStatus@@ABV0@@Z 10010010 f i libvcruntimed:undname.obj
 0001:0000f040       ??HDName@@QBE?AV0@ABV0@@Z  10010040 f   libvcruntimed:undname.obj
 0001:0000f080       ??HDName@@QBE?AV0@D@Z      10010080 f   libvcruntimed:undname.obj
 0001:0000f0c0       ??HDName@@QBE?AV0@PAV0@@Z  100100c0 f   libvcruntimed:undname.obj
 0001:0000f100       ??HDName@@QBE?AV0@PBD@Z    10010100 f   libvcruntimed:undname.obj
 0001:0000f140       ??HDName@@QBE?AV0@W4DNameStatus@@@Z 10010140 f   libvcruntimed:undname.obj
 0001:0000f180       ??YDName@@QAEAAV0@ABV0@@Z  10010180 f   libvcruntimed:undname.obj
 0001:0000f1f0       ??YDName@@QAEAAV0@D@Z      100101f0 f   libvcruntimed:undname.obj
 0001:0000f270       ??YDName@@QAEAAV0@PAV0@@Z  10010270 f   libvcruntimed:undname.obj
 0001:0000f320       ??YDName@@QAEAAV0@PBD@Z    10010320 f   libvcruntimed:undname.obj
 0001:0000f3c0       ??YDName@@QAEAAV0@W4DNameStatus@@@Z 100103c0 f   libvcruntimed:undname.obj
 0001:0000f420       ??YReplicator@@QAEAAV0@ABVDName@@@Z 10010420 f   libvcruntimed:undname.obj
 0001:0000f4b0       ??_5DName@@QAEAAV0@ABV0@@Z 100104b0 f   libvcruntimed:undname.obj
 0001:0000f510       ?Constructor@_HeapManager@@QAEXP6APAXI@ZP6AXPAX@Z@Z 10010510 f i libvcruntimed:undname.obj
 0001:0000f550       ?Destructor@_HeapManager@@QAEXXZ 10010550 f i libvcruntimed:undname.obj
 0001:0000f5b0       ?UScore@UnDecorator@@SAPBDW4Tokens@@@Z 100105b0 f   libvcruntimed:undname.obj
 0001:0000f5e0       ?append@DName@@AAEXPBVDNameNode@@@Z 100105e0 f   libvcruntimed:undname.obj
 0001:0000f670       ?composeDeclaration@UnDecorator@@CA?AVDName@@ABV2@@Z 10010670 f i libvcruntimed:undname.obj
 0001:00011340       ?dbGetString@DName@@QBEPADXZ 10012340 f   libvcruntimed:undname.obj
 0001:00011360       ?doAccessSpecifiers@UnDecorator@@SAHXZ 10012360 f i libvcruntimed:undname.obj
 0001:00011390       ?doAllocationLanguage@UnDecorator@@SAHXZ 10012390 f i libvcruntimed:undname.obj
 0001:000113c0       ?doAllocationModel@UnDecorator@@SAHXZ 100123c0 f i libvcruntimed:undname.obj
 0001:000113f0       ?doEcsu@UnDecorator@@SAHXZ 100123f0 f i libvcruntimed:undname.obj
 0001:00011420       ?doEllipsis@UnDecorator@@SAHXZ 10012420 f i libvcruntimed:undname.obj
 0001:00011450       ?doFunctionReturns@UnDecorator@@SAHXZ 10012450 f i libvcruntimed:undname.obj
 0001:00011480       ?doMSKeywords@UnDecorator@@SAHXZ 10012480 f i libvcruntimed:undname.obj
 0001:000114b0       ?doMemberTypes@UnDecorator@@SAHXZ 100124b0 f i libvcruntimed:undname.obj
 0001:000114e0       ?doNameOnly@UnDecorator@@SAHXZ 100124e0 f i libvcruntimed:undname.obj
 0001:000114f0       ?doNoIdentCharCheck@UnDecorator@@SAHXZ 100124f0 f i libvcruntimed:undname.obj
 0001:00011500       ?doPchar@DName@@AAEXPBDH@Z 10012500 f   libvcruntimed:undname.obj
 0001:00011640       ?doPtr64@UnDecorator@@SAHXZ 10012640 f i libvcruntimed:undname.obj
 0001:00011670       ?doRestrictionSpec@UnDecorator@@SAHXZ 10012670 f i libvcruntimed:undname.obj
 0001:000116a0       ?doThisTypes@UnDecorator@@SAHXZ 100126a0 f i libvcruntimed:undname.obj
 0001:000116d0       ?doThrowTypes@UnDecorator@@SAHXZ 100126d0 f i libvcruntimed:undname.obj
 0001:00011700       ?doTypeOnly@UnDecorator@@SAHXZ 10012700 f i libvcruntimed:undname.obj
 0001:00011710       ?doUnderScore@UnDecorator@@SAHXZ 10012710 f i libvcruntimed:undname.obj
 0001:00011740       ?getArgumentList@UnDecorator@@CA?AVDName@@XZ 10012740 f   libvcruntimed:undname.obj
 0001:00011890       ?getArgumentTypes@UnDecorator@@CA?AVDName@@XZ 10012890 f   libvcruntimed:undname.obj
 0001:000119f0       ?getArrayType@UnDecorator@@CA?AVDName@@ABV2@@Z 100129f0 f i libvcruntimed:undname.obj
 0001:00011c30       ?getBasedType@UnDecorator@@CA?AVDName@@XZ 10012c30 f   libvcruntimed:undname.obj
 0001:00011cf0       ?getBasicDataType@UnDecorator@@CA?AVDName@@ABV2@@Z 10012cf0 f   libvcruntimed:undname.obj
 0001:000122e0       ?getCHPEName@UnDecorator@@QAEPADPADH@Z 100132e0 f i libvcruntimed:undname.obj
 0001:00012440       ?getCallIndex@UnDecorator@@CA?AVDName@@XZ 10013440 f i libvcruntimed:undname.obj
 0001:00012460       ?getCallingConvention@UnDecorator@@CA?AVDName@@XZ 10013460 f   libvcruntimed:undname.obj
 0001:000125f0       ?getDataIndirectType@UnDecorator@@CA?AVDName@@ABV2@PBD0H@Z 100135f0 f   libvcruntimed:undname.obj
 0001:00012db0       ?getDataIndirectType@UnDecorator@@CA?AVDName@@XZ 10013db0 f i libvcruntimed:undname.obj
 0001:00012df0       ?getDataType@UnDecorator@@CA?AVDName@@PAV2@@Z 10013df0 f   libvcruntimed:undname.obj
 0001:00012f10       ?getDecoratedName@UnDecorator@@CA?AVDName@@XZ 10013f10 f   libvcruntimed:undname.obj
 0001:00013310       ?getDimension@UnDecorator@@CA?AVDName@@_N@Z 10014310 f   libvcruntimed:undname.obj
 0001:000135c0       ?getDispatchTarget@UnDecorator@@CA?AVDName@@XZ 100145c0 f   libvcruntimed:undname.obj
 0001:00013660       ?getDisplacement@UnDecorator@@CA?AVDName@@XZ 10014660 f i libvcruntimed:undname.obj
 0001:00013680       ?getECSUDataType@UnDecorator@@CA?AVDName@@XZ 10014680 f   libvcruntimed:undname.obj
 0001:00013850       ?getECSUName@UnDecorator@@CA?AVDName@@XZ 10014850 f i libvcruntimed:undname.obj
 0001:00013870       ?getEnumType@UnDecorator@@CA?AVDName@@XZ 10014870 f i libvcruntimed:undname.obj
 0001:000139c0       ?getExtendedDataIndirectType@UnDecorator@@CA?AVDName@@AAPBDAA_NH@Z 100149c0 f   libvcruntimed:undname.obj
 0001:00013c10       ?getExternalDataType@UnDecorator@@CA?AVDName@@ABV2@@Z 10014c10 f i libvcruntimed:undname.obj
 0001:00013ca0       ?getFunctionIndirectType@UnDecorator@@CA?AVDName@@ABV2@@Z 10014ca0 f   libvcruntimed:undname.obj
 0001:00014140       ?getGuardNumber@UnDecorator@@CA?AVDName@@XZ 10015140 f i libvcruntimed:undname.obj
 0001:00014160       ?getLastChar@DName@@QBEDXZ 10015160 f i libvcruntimed:undname.obj
 0001:000141a0       ?getLastChar@DNameStatusNode@@UBEDXZ 100151a0 f i libvcruntimed:undname.obj
 0001:000141d0       ?getLastChar@charNode@@UBEDXZ 100151d0 f i libvcruntimed:undname.obj
 0001:000141f0       ?getLastChar@pDNameNode@@UBEDXZ 100151f0 f i libvcruntimed:undname.obj
 0001:00014220       ?getLastChar@pairNode@@UBEDXZ 10015220 f i libvcruntimed:undname.obj
 0001:00014290       ?getLastChar@pcharNode@@UBEDXZ 10015290 f i libvcruntimed:undname.obj
 0001:000142d0       ?getLexicalFrame@UnDecorator@@CA?AVDName@@XZ 100152d0 f i libvcruntimed:undname.obj
 0001:00014310       ?getMemory@_HeapManager@@QAEPAXIH@Z 10015310 f   libvcruntimed:undname.obj
 0001:00014430       ?getNoexcept@UnDecorator@@CA?AVDName@@XZ 10015430 f   libvcruntimed:undname.obj
 0001:000144a0       ?getNumberOfDimensions@UnDecorator@@CAHXZ 100154a0 f   libvcruntimed:undname.obj
 0001:000145a0       ?getOperatorName@UnDecorator@@CA?AVDName@@_NPA_N@Z 100155a0 f i libvcruntimed:undname.obj
 0001:00014fd0       ?getPointerType@UnDecorator@@CA?AVDName@@ABV2@0@Z 10015fd0 f i libvcruntimed:undname.obj
 0001:00015000       ?getPointerTypeArray@UnDecorator@@CA?AVDName@@ABV2@0@Z 10016000 f i libvcruntimed:undname.obj
 0001:00015030       ?getPrimaryDataType@UnDecorator@@CA?AVDName@@ABV2@@Z 10016030 f   libvcruntimed:undname.obj
 0001:00015430       ?getPtrRefDataType@UnDecorator@@CA?AVDName@@ABV2@H@Z 10016430 f   libvcruntimed:undname.obj
 0001:00015660       ?getPtrRefType@UnDecorator@@CA?AVDName@@ABV2@0PBD@Z 10016660 f   libvcruntimed:undname.obj
 0001:000157d0       ?getReferenceType@UnDecorator@@CA?AVDName@@ABV2@0PBD@Z 100167d0 f i libvcruntimed:undname.obj
 0001:000157f0       ?getRestrictionSpec@UnDecorator@@CA?AVDName@@XZ 100167f0 f   libvcruntimed:undname.obj
 0001:00015960       ?getReturnType@UnDecorator@@CA?AVDName@@PAV2@@Z 10016960 f   libvcruntimed:undname.obj
 0001:000159b0       ?getScope@UnDecorator@@CA?AVDName@@XZ 100169b0 f   libvcruntimed:undname.obj
 0001:00015ea0       ?getScopedName@UnDecorator@@CA?AVDName@@XZ 10016ea0 f   libvcruntimed:undname.obj
 0001:00015fc0       ?getSignedDimension@UnDecorator@@CA?AVDName@@XZ 10016fc0 f   libvcruntimed:undname.obj
 0001:00016040       ?getStorageConvention@UnDecorator@@CA?AVDName@@XZ 10017040 f i libvcruntimed:undname.obj
 0001:00016060       ?getString@DName@@QBEPADPAD0@Z 10017060 f i libvcruntimed:undname.obj
 0001:000160b0       ?getString@DName@@QBEPADPADH@Z 100170b0 f i libvcruntimed:undname.obj
 0001:00016140       ?getString@DNameStatusNode@@UBEPADPAD0@Z 10017140 f i libvcruntimed:undname.obj
 0001:00016180       ?getString@charNode@@UBEPADPAD0@Z 10017180 f i libvcruntimed:undname.obj
 0001:000161b0       ?getString@pDNameNode@@UBEPADPAD0@Z 100171b0 f i libvcruntimed:undname.obj
 0001:000161f0       ?getString@pairNode@@UBEPADPAD0@Z 100171f0 f i libvcruntimed:undname.obj
 0001:00016270       ?getString@pcharNode@@UBEPADPAD0@Z 10017270 f i libvcruntimed:undname.obj
 0001:000162a0       ?getStringEncoding@UnDecorator@@CA?AVDName@@PBDH@Z 100172a0 f   libvcruntimed:undname.obj
 0001:000163b0       ?getStringHelper@@YAPADPADPBD1H@Z 100173b0 f i libvcruntimed:undname.obj
 0001:000163f0       ?getSymbolName@UnDecorator@@CA?AVDName@@XZ 100173f0 f i libvcruntimed:undname.obj
 0001:00016480       ?getTemplateArgumentList@UnDecorator@@CA?AVDName@@XZ 10017480 f   libvcruntimed:undname.obj
 0001:00016870       ?getTemplateConstant@UnDecorator@@CA?AVDName@@XZ 10017870 f   libvcruntimed:undname.obj
 0001:00016e20       ?getTemplateName@UnDecorator@@CA?AVDName@@_N@Z 10017e20 f   libvcruntimed:undname.obj
 0001:00016ff0       ?getThisType@UnDecorator@@CA?AVDName@@XZ 10017ff0 f i libvcruntimed:undname.obj
 0001:00017030       ?getThrowTypes@UnDecorator@@CA?AVDName@@XZ 10018030 f   libvcruntimed:undname.obj
 0001:00017080       ?getTypeEncoding@UnDecorator@@CAHXZ 10018080 f i libvcruntimed:undname.obj
 0001:00017b00       ?getUndecoratedName@UnDecorator@@QAEPADPADH@Z 10018b00 f i libvcruntimed:undname.obj
 0001:00017c40       ?getVCallThunkType@UnDecorator@@CA?AVDName@@XZ 10018c40 f i libvcruntimed:undname.obj
 0001:00017ca0       ?getVbTableType@UnDecorator@@CA?AVDName@@ABV2@@Z 10018ca0 f i libvcruntimed:undname.obj
 0001:00017cc0       ?getVdispMapType@UnDecorator@@CA?AVDName@@ABV2@@Z 10018cc0 f i libvcruntimed:undname.obj
 0001:00017d30       ?getVfTableType@UnDecorator@@CA?AVDName@@ABV2@@Z 10018d30 f i libvcruntimed:undname.obj
 0001:00017ef0       ?getZName@UnDecorator@@CA?AVDName@@_N0@Z 10018ef0 f   libvcruntimed:undname.obj
 0001:000181c0       ?haveTemplateParameters@UnDecorator@@SAHXZ 100191c0 f i libvcruntimed:undname.obj
 0001:000181d0       ?isArray@DName@@QBEHXZ     100191d0 f i libvcruntimed:undname.obj
 0001:000181f0       ?isComArray@DName@@QBEHXZ  100191f0 f i libvcruntimed:undname.obj
 0001:00018210       ?isEmpty@DName@@QBEHXZ     10019210 f i libvcruntimed:undname.obj
 0001:00018240       ?isFull@Replicator@@QBEHXZ 10019240 f i libvcruntimed:undname.obj
 0001:00018270       ?isNoTE@DName@@QBEHXZ      10019270 f i libvcruntimed:undname.obj
 0001:00018290       ?isPinPtr@DName@@QBEHXZ    10019290 f i libvcruntimed:undname.obj
 0001:000182b0       ?isPtrRef@DName@@QBEHXZ    100192b0 f i libvcruntimed:undname.obj
 0001:000182d0       ?isUDC@DName@@QBEHXZ       100192d0 f i libvcruntimed:undname.obj
 0001:00018310       ?isUDTThunk@DName@@QBEHXZ  10019310 f i libvcruntimed:undname.obj
 0001:00018350       ?isVCallThunk@DName@@QBEHXZ 10019350 f i libvcruntimed:undname.obj
 0001:00018370       ?isValid@DName@@QBEHXZ     10019370 f i libvcruntimed:undname.obj
 0001:000183b0       ?length@DName@@QBEHXZ      100193b0 f i libvcruntimed:undname.obj
 0001:000183f0       ?length@DNameStatusNode@@UBEHXZ 100193f0 f i libvcruntimed:undname.obj
 0001:00018410       ?length@charNode@@UBEHXZ   10019410 f i libvcruntimed:undname.obj
 0001:00018420       ?length@pDNameNode@@UBEHXZ 10019420 f i libvcruntimed:undname.obj
 0001:00018450       ?length@pairNode@@UBEHXZ   10019450 f i libvcruntimed:undname.obj
 0001:000184c0       ?length@pcharNode@@UBEHXZ  100194c0 f i libvcruntimed:undname.obj
 0001:000184e0       ?make@DNameStatusNode@@SAPBV1@W4DNameStatus@@@Z 100194e0 f i libvcruntimed:undname.obj
 0001:00018510       ?parseDecoratedName@UnDecorator@@CA?AVDName@@XZ 10019510 f   libvcruntimed:undname.obj
 0001:00018690       ?setIsArray@DName@@QAEXXZ  10019690 f i libvcruntimed:undname.obj
 0001:000186b0       ?setIsComArray@DName@@QAEXXZ 100196b0 f i libvcruntimed:undname.obj
 0001:000186d0       ?setIsNoTE@DName@@QAEXXZ   100196d0 f i libvcruntimed:undname.obj
 0001:000186f0       ?setIsPinPtr@DName@@QAEXXZ 100196f0 f i libvcruntimed:undname.obj
 0001:00018710       ?setIsUDC@DName@@QAEXXZ    10019710 f i libvcruntimed:undname.obj
 0001:00018740       ?setIsVCallThunk@DName@@QAEXXZ 10019740 f i libvcruntimed:undname.obj
 0001:00018760       ?setPtrRef@DName@@QAEAAV1@XZ 10019760 f i libvcruntimed:undname.obj
 0001:00018780       ?status@DName@@QBE?AW4DNameStatus@@XZ 10019780 f i libvcruntimed:undname.obj
 0001:00018880       ___unDName                 10019880 f   libvcruntimed:undname.obj
 0001:000188b0       ___unDNameEx               100198b0 f   libvcruntimed:undname.obj
 0001:00018980       _unDNameGenerateCHPE       10019980 f   libvcruntimed:undname.obj
 0001:000189e0       __global_unwind2           100199e0 f   libvcruntimed:_exsup_.obj
 0001:00018a46       __local_unwind2            10019a46 f   libvcruntimed:_exsup_.obj
 0001:00018aca       __abnormal_termination     10019aca f   libvcruntimed:_exsup_.obj
 0001:00018af0       __NLG_Notify1              10019af0 f   libvcruntimed:_exsup_.obj
 0001:00018afc       __NLG_Notify               10019afc f   libvcruntimed:_exsup_.obj
 0001:00018b13       __NLG_Dispatch2            10019b13     libvcruntimed:_exsup_.obj
 0001:00018b13       __NLG_Dispatch             10019b13     libvcruntimed:_exsup_.obj
 0001:00018b1b       __NLG_Call                 10019b1b f   libvcruntimed:_exsup_.obj
 0001:00018b1d       __NLG_Return2              10019b1d     libvcruntimed:_exsup_.obj
 0001:00018b50       __get_unexpected           10019b50 f   libvcruntimed:unexpected.obj
 0001:00018b70       _set_unexpected            10019b70 f   libvcruntimed:unexpected.obj
 0001:00018ba0       _unexpected                10019ba0 f   libvcruntimed:unexpected.obj
 0001:00018be0       _memmove                   10019be0 f   libvcruntimed:memmove.obj
 0001:00019160       ___DestructExceptionObject 1001a160 f   libvcruntimed:ehhelpers.obj
 0001:00019290       ?_CallMemberFunction0@@YGXQAX0@Z 1001a290 f i libvcruntimed:ehhelpers.obj
 0001:000192b0       ?raw_name@type_info@@QBEPBDXZ 1001a2b0 f i libvcruntimed:ehhelpers.obj
 0001:000192d0       __IsExceptionObjectToBeDestroyed 1001a2d0 f   libvcruntimed:ehhelpers.obj
 0001:00019310       __SetWinRTOutOfMemoryExceptionCallback 1001a310 f   libvcruntimed:ehhelpers.obj
 0001:00019320       ___AdjustPointer           1001a320 f   libvcruntimed:ehhelpers.obj
 0001:00019370       ___FrameUnwindFilter       1001a370 f   libvcruntimed:ehhelpers.obj
 0001:000193f0       ___GetPlatformExceptionInfo 1001a3f0 f   libvcruntimed:ehhelpers.obj
 0001:00019470       ___current_exception       1001a470 f   libvcruntimed:ehhelpers.obj
 0001:00019480       ___current_exception_context 1001a480 f   libvcruntimed:ehhelpers.obj
 0001:00019490       ___processing_throw        1001a490 f   libvcruntimed:ehhelpers.obj
 0001:000194a0       ___std_terminate           1001a4a0 f   libvcruntimed:ehhelpers.obj
 0001:000194b0       ___uncaught_exception      1001a4b0 f   libvcruntimed:ehhelpers.obj
 0001:000194e0       ___uncaught_exceptions     1001a4e0 f   libvcruntimed:ehhelpers.obj
 0001:00019510       __is_exception_typeof      1001a510 f   libvcruntimed:ehhelpers.obj
 0001:000195f0       ??$__crt_fast_decode_pointer@P6AXXZ@@YAP6AXXZQ6AXXZ@Z 1001a5f0 f i libvcruntimed:purevirt.obj
 0001:00019620       ??$__crt_interlocked_exchange_pointer@$$A6AXXZP6AXXZ@@YAP6AXXZPDS6AXXZQ6AXXZ@Z 1001a620 f i libvcruntimed:purevirt.obj
 0001:00019630       ??$__crt_interlocked_read_pointer@$$A6AXXZ@@YAP6AXXZPDS6AXXZ@Z 1001a630 f i libvcruntimed:purevirt.obj
 0001:00019650       __get_purecall_handler     1001a650 f   libvcruntimed:purevirt.obj
 0001:00019670       __purecall                 1001a670 f   libvcruntimed:purevirt.obj
 0001:000196a0       __set_purecall_handler     1001a6a0 f   libvcruntimed:purevirt.obj
 0001:000196d0       _memcpy                    1001a6d0 f   libvcruntimed:memcpy.obj
 0001:00019c50       ??$__crt_fast_decode_pointer@P6AXPB_W00II@Z@@YAP6AXPB_W00II@ZQ6AX000II@Z@Z 1001ac50 f i libucrtd:invalid_parameter.obj
[...]
 0002:000206e8       __sehtable$__CrtDoForAllClientObjects 1009e6e8     libucrtd:debug_heap.obj
 0002:00020708       __sehtable$__CrtIsMemoryBlock 1009e708     libucrtd:debug_heap.obj
 0002:00020728       __sehtable$__CrtMemCheckpoint 1009e728     libucrtd:debug_heap.obj
 0002:00020748       __sehtable$__CrtMemDumpAllObjectsSince 1009e748     libucrtd:debug_heap.obj
 0002:00020768       __sehtable$__CrtSetDbgFlag 1009e768     libucrtd:debug_heap.obj
 0002:00020788       __sehtable$__expand_dbg    1009e788     libucrtd:debug_heap.obj
 0002:000207a8       __sehtable$__free_dbg      1009e7a8     libucrtd:debug_heap.obj
 0002:000207c8       __sehtable$__msize_dbg     1009e7c8     libucrtd:debug_heap.obj
 0002:000207e8       __sehtable$__realloc_dbg   1009e7e8     libucrtd:debug_heap.obj
 0002:00020808       __sehtable$?is_bad_read_pointer@@YA_NQBXI@Z 1009e808     libucrtd:debug_heap.obj
 0002:00020828       __sehtable$?validate_heap_if_required_nolock@@YAXXZ 1009e828     libucrtd:debug_heap.obj
 0002:00020848       __sehtable$?heap_alloc_dbg_internal@@YAPAXIHQBDH@Z 1009e848     libucrtd:debug_heap.obj
 0002:00020868       __sehtable$__CrtSetDbgBlockType 1009e868     libucrtd:debug_heap.obj
 0002:00020888       __sehtable$_terminate      1009e888     libucrtd:terminate.obj
 0002:000208a8       __sehtable$??$?RV<lambda_15ade71b0218206bbe3333a0c9b79046>@@AAV<lambda_da44e0f8b0f19ba52fefafb335991732>@@V<lambda_207f2d024fc103971653565357d6cd41>@@@?$__crt_seh_guarded_call@X@@QAEX$$QAV<lambda_15ade71b0218206bbe3333a0c9b79046>@@AAV<lambda_da44e0f8b0f19ba52fefafb335991732>@@$$QAV<lambda_207f2d024fc103971653565357d6cd41>@@@Z 1009e8a8     libucrtd:per_thread_data.obj
 0002:000208c8       __sehtable$??$?RV<lambda_a7e850c220f1c8d1e6efeecdedd162c6>@@AAV<lambda_46720907175c18b6c9d2717bc0d2d362>@@V<lambda_9048902d66e8d99359bc9897bbb930a8>@@@?$__crt_seh_guarded_call@X@@QAEX$$QAV<lambda_a7e850c220f1c8d1e6efeecdedd162c6>@@AAV<lambda_46720907175c18b6c9d2717bc0d2d362>@@$$QAV<lambda_9048902d66e8d99359bc9897bbb930a8>@@@Z 1009e8c8     libucrtd:per_thread_data.obj
 0002:000208e8       __sehtable$??$?RV<lambda_eb0e2b1d104b126d27395a74edba6f03>@@AAV<lambda_d51eb34c9f7d53dbc39f6b791b6a3e42>@@V<lambda_f7564ebddb1f0eaf818ab6f3eade8363>@@@?$__crt_seh_guarded_call@X@@QAEX$$QAV<lambda_eb0e2b1d104b126d27395a74edba6f03>@@AAV<lambda_d51eb34c9f7d53dbc39f6b791b6a3e42>@@$$QAV<lambda_f7564ebddb1f0eaf818ab6f3eade8363>@@@Z 1009e8e8     libucrtd:per_thread_data.obj
 0002:00020908       __sehtable$??$?RV<lambda_6affb1475c98b40b75cdec977db92e3c>@@AAV<lambda_b8d4b9c228a6ecc3f80208dbb4b4a104>@@V<lambda_608742c3c92a14382c1684fc64f96c88>@@@?$__crt_seh_guarded_call@X@@QAEX$$QAV<lambda_6affb1475c98b40b75cdec977db92e3c>@@AAV<lambda_b8d4b9c228a6ecc3f80208dbb4b4a104>@@$$QAV<lambda_608742c3c92a14382c1684fc64f96c88>@@@Z 1009e908     libucrtd:per_thread_data.obj
 0002:00020928       __sehtable$__VCrtDbgReportA 1009e928     libucrtd:dbgrptt.obj
 0002:00020950       __sehtable$__VCrtDbgReportW 1009e950     libucrtd:dbgrptt.obj
 0002:00020978       __sehtable$_signal         1009e978     libucrtd:signal.obj
 0002:00020998       __sehtable$_raise          1009e998     libucrtd:signal.obj
 0002:000209b8       __sehtable$?ctrlevent_capture@@YGHK@Z 1009e9b8     libucrtd:signal.obj
 0002:000209d8       __sehtable$??$?RV<lambda_cbab9ec6f41b0180b23cc171c22676b0>@@AAV<lambda_44731a7d0e6d81c3e6aa82d741081786>@@V<lambda_4b292cb8dd18144e164572427af410ab>@@@?$__crt_seh_guarded_call@P6AXH@Z@@QAEP6AXH@Z$$QAV<lambda_cbab9ec6f41b0180b23cc171c22676b0>@@AAV<lambda_44731a7d0e6d81c3e6aa82d741081786>@@$$QAV<lambda_4b292cb8dd18144e164572427af410ab>@@@Z 1009e9d8     libucrtd:signal.obj
 0002:000209f8       __sehtable$??$?RV<lambda_93797fb4802c957ba6a7f08e1250235b>@@AAV<lambda_1f3ce6bd48e0aa2e72a71c02eee379d3>@@V<lambda_56cae30c9364c9b6c15aeaac05d0418e>@@@?$__crt_seh_guarded_call@H@@QAEH$$QAV<lambda_93797fb4802c957ba6a7f08e1250235b>@@AAV<lambda_1f3ce6bd48e0aa2e72a71c02eee379d3>@@$$QAV<lambda_56cae30c9364c9b6c15aeaac05d0418e>@@@Z 1009e9f8     libucrtd:winapi_thunks.obj
 0002:00020a18       __sehtable$__fcloseall     1009ea18     libucrtd:closeall.obj
 0002:00020a38       __sehtable$??$?RV<lambda_2866be3712abc81a800a822484c830d8>@@AAV<lambda_39ca0ed439415581b5b15c265174cece>@@V<lambda_2b24c74d71094a6cd0cb82e44167d71b>@@@?$__crt_seh_guarded_call@X@@QAEX$$QAV<lambda_2866be3712abc81a800a822484c830d8>@@AAV<lambda_39ca0ed439415581b5b15c265174cece>@@$$QAV<lambda_2b24c74d71094a6cd0cb82e44167d71b>@@@Z 1009ea38     libucrtd:fflush.obj
 0002:00020a58       __sehtable$??$?RV<lambda_2cc53f568c5a2bb6f192f930a45d44ea>@@AAV<lambda_ab61a845afdef5b7c387490eaf3616ee>@@V<lambda_c2ffc0b7726aa6be21d5f0026187e748>@@@?$__crt_seh_guarded_call@X@@QAEX$$QAV<lambda_2cc53f568c5a2bb6f192f930a45d44ea>@@AAV<lambda_ab61a845afdef5b7c387490eaf3616ee>@@$$QAV<lambda_c2ffc0b7726aa6be21d5f0026187e748>@@@Z 1009ea58     libucrtd:fflush.obj
 0002:00020a78       __sehtable$??$?RV<lambda_6d20deecaf4856105ebacbad442d1079>@@AAV<lambda_9a32fed5bf61b6b509b2d3f6003082a1>@@V<lambda_63ea2239ed67c638ddbae41947fdf875>@@@?$__crt_seh_guarded_call@H@@QAEH$$QAV<lambda_6d20deecaf4856105ebacbad442d1079>@@AAV<lambda_9a32fed5bf61b6b509b2d3f6003082a1>@@$$QAV<lambda_63ea2239ed67c638ddbae41947fdf875>@@@Z 1009ea78     libucrtd:fflush.obj
 0002:00020a98       __sehtable$___acrt_initialize_lowio 1009ea98     libucrtd:ioinit.obj
 0002:00020ab4       __unwindtable$?fp_format_a@@YAHQBNPADIQADIH_NIQAU__crt_locale_pointers@@@Z 1009eab4     libucrtd:cvt.obj
 0002:00020abc       __ehfuncinfo$?fp_format_a@@YAHQBNPADIQADIH_NIQAU__crt_locale_pointers@@@Z 1009eabc     libucrtd:cvt.obj
 0002:00020ae0       __sehtable$_fputwc         1009eae0     libucrtd:fputwc.obj
 0002:00020b00       __sehtable$_fputc          1009eb00     libucrtd:fputc.obj
 0002:00020b20       __sehtable$__free_locale   1009eb20     libucrtd:wsetlocale.obj
 0002:00020b48       __sehtable$??$?RV<lambda_e5124f882df8998aaf41531e079ba474>@@AAV<lambda_3e16ef9562a7dcce91392c22ab16ea36>@@V<lambda_e25ca0880e6ef98be67edffd8c599615>@@@?$__crt_seh_guarded_call@X@@QAEX$$QAV<lambda_e5124f882df8998aaf41531e079ba474>@@AAV<lambda_3e16ef9562a7dcce91392c22ab16ea36>@@$$QAV<lambda_e25ca0880e6ef98be67edffd8c599615>@@@Z 1009eb48     libucrtd:wsetlocale.obj
 0002:00020b68       __sehtable$??$?RV<lambda_82aef432098b982f9ede325b418aa67a>@@AAV<lambda_862e9a3f04921db6ca1ce3faa2bf3edf>@@V<lambda_ffabc152e504b53d7492b9889b10c020>@@@?$__crt_seh_guarded_call@X@@QAEX$$QAV<lambda_82aef432098b982f9ede325b418aa67a>@@AAV<lambda_862e9a3f04921db6ca1ce3faa2bf3edf>@@$$QAV<lambda_ffabc152e504b53d7492b9889b10c020>@@@Z 1009eb68     libucrtd:wsetlocale.obj
 0002:00020b88       __sehtable$??$?RV<lambda_6673f7c4c09a5d469d0c27ae364621ce>@@AAV<lambda_ebab98244f73a74f49db879bf13fa982>@@V<lambda_be20789b7a146653eab82509ec35b419>@@@?$__crt_seh_guarded_call@X@@QAEX$$QAV<lambda_6673f7c4c09a5d469d0c27ae364621ce>@@AAV<lambda_ebab98244f73a74f49db879bf13fa982>@@$$QAV<lambda_be20789b7a146653eab82509ec35b419>@@@Z 1009eb88     libucrtd:wsetlocale.obj
 0002:00020ba8       __sehtable$??$?RV<lambda_5aca6e4a77f47620ae296dd2bf7df44b>@@AAV<lambda_83b361a92f54c43571b0e2550f1ca11b>@@V<lambda_acc1f0b9df63543a239ac3c23b7e9024>@@@?$__crt_seh_guarded_call@X@@QAEX$$QAV<lambda_5aca6e4a77f47620ae296dd2bf7df44b>@@AAV<lambda_83b361a92f54c43571b0e2550f1ca11b>@@$$QAV<lambda_acc1f0b9df63543a239ac3c23b7e9024>@@@Z 1009eba8     libucrtd:wsetlocale.obj
 0002:00020bc8       __sehtable$??$?RV<lambda_28046e706cdbdd81e2f3eeec17c4365a>@@AAV<lambda_0e7520ab7ffb6a26c49fc53cef5efe99>@@AAV<lambda_8dff2cf36a5417162780cd64fa2883ef>@@@?$__crt_seh_guarded_call@X@@QAEX$$QAV<lambda_28046e706cdbdd81e2f3eeec17c4365a>@@AAV<lambda_0e7520ab7ffb6a26c49fc53cef5efe99>@@AAV<lambda_8dff2cf36a5417162780cd64fa2883ef>@@@Z 1009ebc8     libucrtd:wsetlocale.obj
 0002:00020be8       __sehtable$?update_thread_multibyte_data_internal@@YAPAU__crt_multibyte_data@@QAU__acrt_ptd@@QAPAU1@@Z 1009ebe8     libucrtd:mbctype.obj
 0002:00020c08       __sehtable$??$?RV<lambda_b5fb591949065c3fa449bad279e8c939>@@AAV<lambda_6c10a39a819b864ce80acc26b314dcd3>@@V<lambda_e567670a9eae49807d365f3e9c117712>@@@?$__crt_seh_guarded_call@X@@QAEX$$QAV<lambda_b5fb591949065c3fa449bad279e8c939>@@AAV<lambda_6c10a39a819b864ce80acc26b314dcd3>@@$$QAV<lambda_e567670a9eae49807d365f3e9c117712>@@@Z 1009ec08     libucrtd:mbctype.obj
 0002:00020c28       __sehtable$___acrt_update_thread_locale_data 1009ec28     libucrtd:locale_refcounting.obj
 0002:00020c44       __unwindtable$?_wcstombs_l_helper@@YAIPADPB_WIPAU__crt_locale_pointers@@@Z 1009ec44     libucrtd:wcstombs.obj
 0002:00020c4c       __ehfuncinfo$?_wcstombs_l_helper@@YAIPADPB_WIPAU__crt_locale_pointers@@@Z 1009ec4c     libucrtd:wcstombs.obj
 0002:00020c70       __sehtable$_fclose         1009ec70     libucrtd:fclose.obj
 0002:00020c90       __sehtable$??$?RV<lambda_73934b50d04267ee15484ada9e51f93a>@@AAV<lambda_5533cddd4bda0037814beee657757329>@@V<lambda_505f522a38cc75b1e009910344c75d09>@@@?$__crt_seh_guarded_call@H@@QAEH$$QAV<lambda_73934b50d04267ee15484ada9e51f93a>@@AAV<lambda_5533cddd4bda0037814beee657757329>@@$$QAV<lambda_505f522a38cc75b1e009910344c75d09>@@@Z 1009ec90     libucrtd:commit.obj
 0002:00020cb0       __sehtable$__write         1009ecb0     libucrtd:write.obj
 0002:00020cd0       __sehtable$__open_osfhandle 1009ecd0     libucrtd:osfinfo.obj
 0002:00020cf0       __sehtable$__alloc_osfhnd  1009ecf0     libucrtd:osfinfo.obj
 0002:00020d10       __sehtable$___acrt_lowio_ensure_fh_exists 1009ed10     libucrtd:osfinfo.obj
 0002:00020d2c       __unwindtable$?shortsort@@YAXPAD0IP6AHPBX1@Z@Z 1009ed2c     libucrtd:qsort.obj
 0002:00020d34       __ehfuncinfo$?shortsort@@YAXPAD0IP6AHPBX1@Z@Z 1009ed34     libucrtd:qsort.obj
 0002:00020d58       __sehtable$___set_fpsr_sse2 1009ed58     libucrtd:fpctrl.obj
 0002:00020d78       __sehtable$??$?RV<lambda_e683defbe2e5a27c42b5544acbb13393>@@AAV<lambda_4e7105787b7b0e0227fbf2b2d883fa65>@@V<lambda_80a887151cae997482d53eaa74bb832b>@@@?$__crt_seh_guarded_call@H@@QAEH$$QAV<lambda_e683defbe2e5a27c42b5544acbb13393>@@AAV<lambda_4e7105787b7b0e0227fbf2b2d883fa65>@@$$QAV<lambda_80a887151cae997482d53eaa74bb832b>@@@Z 1009ed78     libucrtd:close.obj
 0002:00020d98       __sehtable$?__acrt_stdio_allocate_stream@@YA?AV__crt_stdio_stream@@XZ 1009ed98     libucrtd:stream.obj
 0002:00020db8       __sehtable$??$common_lseek@J@@YAJHJH@Z 1009edb8     libucrtd:lseek.obj
 0002:00020dd8       __sehtable$??$common_lseek@_J@@YA_JH_JH@Z 1009edd8     libucrtd:lseek.obj
 0002:00020df8       __sehtable$??$?RV<lambda_f828341fbe69b7c0d4c527b01f22877f>@@AAV<lambda_9e0b6ab72a5b3ae37ad997d08b519f50>@@V<lambda_f01deac0a8d65d6e0411edf7e0af5775>@@@?$__crt_seh_guarded_call@G@@QAEG$$QAV<lambda_f828341fbe69b7c0d4c527b01f22877f>@@AAV<lambda_9e0b6ab72a5b3ae37ad997d08b519f50>@@$$QAV<lambda_f01deac0a8d65d6e0411edf7e0af5775>@@@Z 1009edf8     libucrtd:putwch.obj
 0002:00020e18       __sehtable$__IsNonwritableInCurrentImage 1009ee18     LIBCMTD:pesect.obj
 0002:00020e40       .edata                     1009ee40     robot_base.exp
 0002:00020e68       rgpv                       1009ee68     robot_base.exp
 0002:00020e6c       rgszName                   1009ee6c     robot_base.exp
 0002:00020e70       rgwOrd                     1009ee70     robot_base.exp
 0002:00020e72       szName                     1009ee72     robot_base.exp
 0002:00020e7e       $N00001                    1009ee7e     robot_base.exp
 0002:0002107e       .idata$6                   1009f07e     tgf:tgf.dll
 0002:0002109c       .idata$6                   1009f09c     robottools:robottools.dll
 0002:000210ba       .idata$6                   1009f0ba     user32:USER32.dll
 0002:0002174c       .idata$6                   1009f74c     kernel32:KERNEL32.dll
 0003:00000020       ?_ulSeverityText@@3PAPBDA  100a0020     ul_vs2017_32:ulError.obj
 0003:0000002c       ?init@std@@3JA             100a002c     libcpmtd:xlock.obj
 0003:00000030       ?isPackaged@?1??__crtIsPackagedApp@@9@4HA 100a0030     libcpmtd:winapisupp.obj
 0003:00000060       ?__vcrt_flsindex@@3KA      100a0060     libvcruntimed:per_thread_data.obj
 0003:00000128       ?__acrt_current_request_number@@3JA 100a0128     libucrtd:debug_heap.obj
 0003:00000150       ?__acrt_flsindex@@3KA      100a0150     libucrtd:per_thread_data.obj
 0003:00000170       ?errno_no_memory@@3HA      100a0170     libucrtd:errno.obj
 0003:00000174       ?doserrno_no_memory@@3KA   100a0174     libucrtd:errno.obj
 0003:000001b0       ?__acrt_debug_fill_threshold@@3IA 100a01b0     libucrtd:debug_fill_threshold.obj
 0003:000001b4       __ctype_loc_style          100a01b4     libucrtd:wsetlocale.obj
 0003:000004a0       __mbctypes                 100a04a0     libucrtd:mbctype.obj
 0003:000005a8       __mbcasemaps               100a05a8     libucrtd:mbctype.obj
 0003:000006a8       ?__rgctypeflag@@3PADA      100a06a8     libucrtd:mbctype.obj
 0003:000006b0       ?__rgcode_page_info@@3PAUcode_page_info@@A 100a06b0     libucrtd:mbctype.obj
 0003:00000810       ?__DAZ_ENABLED@?1??__set_fpsr_sse2@@9@9 100a0810     libucrtd:fpctrl.obj
 0003:00000820       ?__dcrt_lowio_console_output_handle@@3PAXA 100a0820     libucrtd:initcon.obj
 0003:00000a7c       ?curTrack@@3PAUtTrack@@A   100a0a7c     robot_base.obj
 0003:00000a80       ?_ulErrorBuffer@@3PADA     100a0a80     ul_vs2017_32:ulError.obj
 0003:00000e80       ?_ulErrorCB@@3P6AXW4ulSeverity@@PAD@ZA 100a0e80     ul_vs2017_32:ulError.obj
 0003:00000e90       ?initlocks@std@@3V_Init_locks@1@A 100a0e90     libcpmtd:xlock.obj
 0003:00000e98       ?mtx@std@@3PAU_RTL_CRITICAL_SECTION@@A 100a0e98     libcpmtd:xlock.obj
 0003:00000ff8       ?init@?1??_RTC_InitBase@@9@4_NA 100a0ff8     LIBCMTD:_init_.obj
 0003:00000ffc       ?__proc_attached@@3HA      100a0ffc     LIBCMTD:dll_dllmain.obj
 0003:00001000       ?module_local_atexit_table@@3U_onexit_table_t@@A 100a1000     LIBCMTD:utility.obj
 0003:0000100c       ?module_local_at_quick_exit_table@@3U_onexit_table_t@@A 100a100c     LIBCMTD:utility.obj
 0003:00001018       ?module_local_atexit_table_initialized@@3_NA 100a1018     LIBCMTD:utility.obj
 0003:00001024       ?is_initialized_as_dll@@3_NA 100a1024     LIBCMTD:utility.obj
 0003:00001028       _GS_ExceptionRecord        100a1028     LIBCMTD:gs_report.obj
 0003:00001078       _GS_ContextRecord          100a1078     LIBCMTD:gs_report.obj
 0003:00001344       ?_RTC_ErrorReportFunc@@3P6AHHPBDH00ZZA 100a1344     LIBCMTD:_userapi_.obj
 0003:00001348       ?_RTC_ErrorReportFuncW@@3P6AHHPB_WH00ZZA 100a1348     LIBCMTD:_userapi_.obj
 0003:0000136c       ?mspdb@@3PAUHINSTANCE__@@A 100a136c     LIBCMTD:_pdblkup_.obj
 0003:00001370       ?alreadyTried@?1??GetPdbDll@@YAPAUHINSTANCE__@@XZ@4_NA 100a1370     LIBCMTD:_pdblkup_.obj
 0003:00001371       ?PDBOK@?1??_RTC_GetSrcLine@@YAHPAEPA_WKPAH1K@Z@4_NA 100a1371     LIBCMTD:_pdblkup_.obj
 0003:00001374       ?__vcrt_startup_thread_ptd@@3U__vcrt_ptd@@A 100a1374     libvcruntimed:per_thread_data.obj
 0003:0000139c       ___vcrt_lock_table         100a139c     libvcruntimed:locks.obj
 0003:000013b4       ___vcrt_locks_initialized  100a13b4     libvcruntimed:locks.obj
 0003:000013b8       ?module_handles@@3PAPAUHINSTANCE__@@A 100a13b8     libvcruntimed:winapi_downlevel.obj
 0003:000013c4       ?encoded_function_pointers@@3PAPAXA 100a13c4     libvcruntimed:winapi_downlevel.obj
 0003:00001404       ?heap@@3V_HeapManager@@A   100a1404     libvcruntimed:undname.obj
 0003:00001418       ?buf@?1??dbGetString@DName@@QBEPADXZ@4PADA 100a1418     libvcruntimed:undname.obj
 0003:0000146c       ?__acrt_invalid_parameter_handler@@3V?$dual_state_global@P6AXPB_W00II@Z@__crt_state_management@@A 100a146c     libucrtd:invalid_parameter.obj
 0003:0000147c       ?c_termination_complete@@3JA 100a147c     libucrtd:exit.obj
 0003:00001480       ?thread_local_exit_callback_func@@3P6GXPAXK0@ZA 100a1480     libucrtd:exit.obj
 0003:00001488       ?__acrt_lock_table@@3PAU_RTL_CRITICAL_SECTION@@A 100a1488     libucrtd:locks.obj
 0003:000015d8       ?__acrt_locks_initialized@@3IA 100a15d8     libucrtd:locks.obj
 0003:000015dc       ?__acrt_new_handler@@3V?$dual_state_global@P6AHI@Z@__crt_state_management@@A 100a15dc     libucrtd:new_handler.obj
 0003:000015e0       ?program_name@?1???$common_configure_argv@D@@YAHW4_crt_argv_mode@@@Z@4PADA 100a15e0     libucrtd:argv_parsing.obj
 0003:000016e8       ?program_name@?1???$common_configure_argv@_W@@YAHW4_crt_argv_mode@@@Z@4PA_WA 100a16e8     libucrtd:argv_parsing.obj
 0003:0000191c       ?__acrt_first_block@@3PAU_CrtMemBlockHeader@@A 100a191c     libucrtd:debug_heap.obj
 0003:00001920       ?__acrt_last_block@@3PAU_CrtMemBlockHeader@@A 100a1920     libucrtd:debug_heap.obj
 0003:00001924       ?__acrt_total_allocations@@3IA 100a1924     libucrtd:debug_heap.obj
 0003:00001928       ?__acrt_current_allocations@@3IA 100a1928     libucrtd:debug_heap.obj
 0003:0000192c       ?__acrt_max_allocations@@3IA 100a192c     libucrtd:debug_heap.obj
 0003:00001930       ?__acrt_check_frequency@@3IA 100a1930     libucrtd:debug_heap.obj
 0003:00001934       ?__acrt_check_counter@@3IA 100a1934     libucrtd:debug_heap.obj
 0003:0000193c       ?heap_validation_pending@@3_NA 100a193c     libucrtd:debug_heap.obj
 0003:0000194c       ?console_ctrl_handler_installed@@3_NA 100a194c     libucrtd:signal.obj
 0003:00001950       ?ctrlc_action@@3V?$dual_state_global@P6AXH@Z@__crt_state_management@@A 100a1950     libucrtd:signal.obj
 0003:00001954       ?ctrlbreak_action@@3V?$dual_state_global@P6AXH@Z@__crt_state_management@@A 100a1954     libucrtd:signal.obj
 0003:00001958       ?abort_action@@3V?$dual_state_global@P6AXH@Z@__crt_state_management@@A 100a1958     libucrtd:signal.obj
 0003:0000195c       ?term_action@@3V?$dual_state_global@P6AXH@Z@__crt_state_management@@A 100a195c     libucrtd:signal.obj
 0003:00001968       ?module_handles@@3PAPAUHINSTANCE__@@A 100a1968     libucrtd:winapi_thunks.obj
 0003:000019b8       ?encoded_function_pointers@@3PAPAXA 100a19b8     libucrtd:winapi_thunks.obj
 0003:00001a40       ?static_enum_proc@?1??enum_system_locales_ex_nolock@@YAHQ6GHPA_WKJ@Z@Z@4P6GH0KJ@ZA 100a1a40     libucrtd:winapi_thunks.obj
 0003:00001c4c       ?enable_percent_n@@3IA     100a1c4c     libucrtd:printf_count_output.obj
 0003:00001c60       ?state_cache@?1???$get_cached_win_policy@Ubegin_thread_init_policy_properties@?1??__acrt_get_begin_thread_init_policy@@YA?AW4begin_thread_init_policy@@XZ@@@YA?AW4begin_thread_init_policy@@W4AppPolicyThreadInitializationType@@@Z@4JA 100a1c60     libucrtd:win_policies.obj
 0003:00001c64       ?state_cache@?1???$get_cached_win_policy@Udeveloper_information_policy_properties@?1??__acrt_get_developer_information_policy@@YA?AW4developer_information_policy@@XZ@@@YA?AW4developer_information_policy@@W4AppPolicyShowDeveloperDiagnostic@@@Z@4JA 100a1c64     libucrtd:win_policies.obj
 0003:00001c68       ?state_cache@?1???$get_cached_win_policy@Uwindowing_model_policy_properties@?1??__acrt_get_windowing_model_policy@@YA?AW4windowing_model_policy@@XZ@@@YA?AW4windowing_model_policy@@W4AppPolicyWindowingModel@@@Z@4JA 100a1c68     libucrtd:win_policies.obj
 0003:00001c78       ?fSystemSet@@3HA           100a1c78     libucrtd:mbctype.obj
 0003:00001c7c       ?initialized@?1??__acrt_initialize_multibyte@@9@4_NA 100a1c7c     libucrtd:mbctype.obj
 0003:00001ca0       ?user_matherr@@3V?$dual_state_global@P6AHPAU_exception@@@Z@__crt_state_management@@A 100a1ca0     libucrtd:matherr.obj
 0003:00001ca4       ?__acrt_global_new_mode@@3V?$dual_state_global@J@__crt_state_management@@A 100a1ca4     libucrtd:new_mode.obj
 0003:00001ca8       ?__acrt_app_type@@3W4_crt_app_type@@A 100a1ca8     libucrtd:report_runtime_error.obj
 0003:00001cb0       ?outmsg@?9??__acrt_report_runtime_error@@9@4PA_WA 100a1cb0     libucrtd:report_runtime_error.obj
 0003:000022d8       __pmatherr_set             100a22d8     libucrtd:libm_error.obj
 0003:000022e4       ___acrt_error_mode         100a22e4     libucrtd:set_error_mode.obj
