 s191355

 Timestamp is 5c409863 (Thu Jan 17 14:59:47 2019)

 Preferred load address is 10000000

 Start         Length     Name                   Class
 0001:00000000 00004270H .text                   CODE
 0001:00004270 00040420H .text$mn                CODE
 0001:00044690 00000050H .text$x                 CODE
 0002:00000000 00000164H .idata$5                DATA
 0002:00000164 00000004H .00cfg                  DATA
 0002:00000168 00000004H .CRT$XCA                DATA
 0002:0000016c 00000004H .CRT$XCZ                DATA
 0002:00000170 00000004H .CRT$XIA                DATA
 0002:00000174 0000000cH .CRT$XIC                DATA
 0002:00000180 00000004H .CRT$XIZ                DATA
 0002:00000184 00000004H .CRT$XPA                DATA
 0002:00000188 00000008H .CRT$XPX                DATA
 0002:00000190 00000004H .CRT$XPXA               DATA
 0002:00000194 00000004H .CRT$XPZ                DATA
 0002:00000198 00000004H .CRT$XTA                DATA
 0002:0000019c 00000004H .CRT$XTZ                DATA
 0002:000001a0 00000000H .gfids$y                DATA
 0002:000001a0 0000b148H .rdata                  DATA
 0002:0000b2e8 000005b0H .rdata$r                DATA
 0002:0000b898 000002f8H .rdata$zzzdbg           DATA
 0002:0000bb90 00000004H .rtc$IAA                DATA
 0002:0000bb94 00000004H .rtc$IZZ                DATA
 0002:0000bb98 00000004H .rtc$TAA                DATA
 0002:0000bb9c 00000004H .rtc$TZZ                DATA
 0002:0000bba0 00000ae0H .xdata$x                DATA
 0002:0000c680 00000048H .edata                  DATA
 0002:0000c6c8 00000050H .idata$2                DATA
 0002:0000c718 00000014H .idata$3                DATA
 0002:0000c72c 00000164H .idata$4                DATA
 0002:0000c890 0000067eH .idata$6                DATA
 0003:00000000 000007f0H .data                   DATA
 0003:000007f0 00000240H .data$r                 DATA
 0003:00000a30 00001684H .bss                    DATA

  Address         Publics by Value              Rva+Base       Lib:Object

 0000:00000000       ___guard_longjmp_count     00000000     <absolute>
 0000:00000000       __except_list              00000000     <absolute>
 0000:00000000       ___hybrid_auxiliary_iat    00000000     <absolute>
 0000:00000000       ___guard_fids_count        00000000     <absolute>
 0000:00000000       ___guard_iat_table         00000000     <absolute>
 0000:00000000       ___safe_se_handler_count   00000000     <absolute>
 0000:00000000       ___dynamic_value_reloc_table 00000000     <absolute>
 0000:00000000       ___guard_iat_count         00000000     <absolute>
 0000:00000000       ___hybrid_code_map         00000000     <absolute>
 0000:00000000       ___enclave_config          00000000     <absolute>
 0000:00000000       ___hybrid_code_map_count   00000000     <absolute>
 0000:00000000       ___guard_longjmp_table     00000000     <absolute>
 0000:00000000       ___guard_fids_table        00000000     <absolute>
 0000:00000000       ___safe_se_handler_table   00000000     <absolute>
 0000:00000100       ___guard_flags             00000100     <absolute>
 0000:00000000       ___ImageBase               10000000     <linker-defined>
 0001:00000000       ?sgdSqrt@@YANN@Z           10001000 f i sg_vs2008_32:sgd.obj
 0001:00000010       ?sgdSquare@@YANN@Z         10001010 f i sg_vs2008_32:sgd.obj
 0001:00000020       ?sgdAbs@@YANN@Z            10001020 f i sg_vs2008_32:sgd.obj
 0001:00000040       ?sgdASin@@YANN@Z           10001040 f i sg_vs2008_32:sgd.obj
 0001:00000050       ?sgdACos@@YANN@Z           10001050 f i sg_vs2008_32:sgd.obj
 0001:00000060       ?sgdATan2@@YANNN@Z         10001060 f i sg_vs2008_32:sgd.obj
 0001:00000080       ?sgdSin@@YANN@Z            10001080 f i sg_vs2008_32:sgd.obj
 0001:00000090       ?sgdCos@@YANN@Z            10001090 f i sg_vs2008_32:sgd.obj
 0001:000000a0       ?sgdZeroVec3@@YAXQAN@Z     100010a0 f i sg_vs2008_32:sgd.obj
 0001:000000b0       ?sgdSetVec3@@YAXQANNNN@Z   100010b0 f i sg_vs2008_32:sgd.obj
 0001:000000d0       ?sgdSetVec4@@YAXQANNNNN@Z  100010d0 f i sg_vs2008_32:sgd.obj
 0001:000000f0       ?sgdCopyVec3@@YAXQANQBN@Z  100010f0 f i sg_vs2008_32:sgd.obj
 0001:00000110       ?sgdCopyVec4@@YAXQANQBN@Z  10001110 f i sg_vs2008_32:sgd.obj
 0001:00000130       ?sgdAddVec3@@YAXQANQBN1@Z  10001130 f i sg_vs2008_32:sgd.obj
 0001:00000160       ?sgdSubVec2@@YAXQANQBN1@Z  10001160 f i sg_vs2008_32:sgd.obj
 0001:00000180       ?sgdSubVec3@@YAXQANQBN1@Z  10001180 f i sg_vs2008_32:sgd.obj
 0001:000001b0       ?sgdNegateVec3@@YAXQAN@Z   100011b0 f i sg_vs2008_32:sgd.obj
 0001:000001d0       ?sgdScaleVec2@@YAXQANN@Z   100011d0 f i sg_vs2008_32:sgd.obj
 0001:000001f0       ?sgdScaleVec3@@YAXQANN@Z   100011f0 f i sg_vs2008_32:sgd.obj
 0001:00000210       ?sgdScaleVec3@@YAXQANQBNN@Z 10001210 f i sg_vs2008_32:sgd.obj
 0001:00000240       ?sgdScaleVec4@@YAXQANQBNN@Z 10001240 f i sg_vs2008_32:sgd.obj
 0001:00000270       ?sgdAddScaledVec3@@YAXQANQBN1N@Z 10001270 f i sg_vs2008_32:sgd.obj
 0001:000002a0       ?sgdScalarProductVec2@@YANQBN0@Z 100012a0 f i sg_vs2008_32:sgd.obj
 0001:000002c0       ?sgdScalarProductVec3@@YANQBN0@Z 100012c0 f i sg_vs2008_32:sgd.obj
 0001:000002e0       ?sgdScalarProductVec4@@YANQBN0@Z 100012e0 f i sg_vs2008_32:sgd.obj
 0001:00000310       ?sgdDistanceSquaredVec3@@YANQBN0@Z 10001310 f i sg_vs2008_32:sgd.obj
 0001:00000340       ?sgdDistanceVec3@@YANQBN0@Z 10001340 f i sg_vs2008_32:sgd.obj
 0001:00000370       ?sgdLengthVec2@@YANQBN@Z   10001370 f i sg_vs2008_32:sgd.obj
 0001:00000390       ?sgdLengthVec3@@YANQBN@Z   10001390 f i sg_vs2008_32:sgd.obj
 0001:000003c0       ?sgdNormaliseVec2@@YAXQAN@Z 100013c0 f i sg_vs2008_32:sgd.obj
 0001:000003f0       ?sgdNormaliseVec3@@YAXQAN@Z 100013f0 f i sg_vs2008_32:sgd.obj
 0001:00000430       ?sgdNormaliseVec3@@YAXQANQBN@Z 10001430 f i sg_vs2008_32:sgd.obj
 0001:00000470       ?sgdCopyMat4@@YAXQAY03NQAY03$$CBN@Z 10001470 f i sg_vs2008_32:sgd.obj
 0001:000004e0       ?sgdScaleMat4@@YAXQAY03NQAY03$$CBNN@Z 100014e0 f i sg_vs2008_32:sgd.obj
 0001:00000570       ?sgdMakeIdentMat4@@YAXQAY03N@Z 10001570 f i sg_vs2008_32:sgd.obj
 0001:000005b0       ?sgdLineSegment3ToLine3@@YAXPAUsgdLine3@@UsgdLineSegment3@@@Z 100015b0 f i sg_vs2008_32:sgd.obj
 0001:00000620       ?sgdAngleBetweenNormalizedVec3@@YANQAN0@Z 10001620 f i sg_vs2008_32:sgd.obj
 0001:00000690       ?getCenter@sgdSphere@@QBEPBNXZ 10001690 f i sg_vs2008_32:sgd.obj
 0001:000006a0       ?getRadius@sgdSphere@@QBENXZ 100016a0 f i sg_vs2008_32:sgd.obj
 0001:000006b0       ?isEmpty@sgdSphere@@QBEHXZ 100016b0 f i sg_vs2008_32:sgd.obj
 0001:000006d0       ?getMin@sgdBox@@QBEPBNXZ   100016d0 f i sg_vs2008_32:sgd.obj
 0001:000006e0       ?getMax@sgdBox@@QBEPBNXZ   100016e0 f i sg_vs2008_32:sgd.obj
 0001:000006f0       ?isEmpty@sgdBox@@QBEHXZ    100016f0 f i sg_vs2008_32:sgd.obj
 0001:00000720       ?sgdVectorProductVec3@@YAXQANQBN1@Z 10001720 f   sg_vs2008_32:sgd.obj
 0001:00000760       ?_sgdClampToUnity@@YANN@Z  10001760 f i sg_vs2008_32:sgd.obj
 0001:00000790       ?sgdCompare3DSqdDist@@YAHQBN0N@Z 10001790 f   sg_vs2008_32:sgd.obj
 0001:000007f0       ?sgdMakeRotMat4@@YAXQAY03NNQBN@Z 100017f0 f   sg_vs2008_32:sgd.obj
 0001:00000920       ?sgdMakePickMatrix@@YAXQAY03NNNNNQAN@Z 10001920 f   sg_vs2008_32:sgd.obj
 0001:000009a0       ?sgdMakeLookAtMat4@@YAXQAY03NQBN11@Z 100019a0 f   sg_vs2008_32:sgd.obj
 0001:00000b20       ?sgdAngleBetweenVec3@@YANQAN0@Z 10001b20 f   sg_vs2008_32:sgd.obj
 0001:00000bc0       ?sgdAngleBetweenNormalizedVec3@@YANQAN00@Z 10001bc0 f   sg_vs2008_32:sgd.obj
 0001:00000d50       ?sgdAngleBetweenVec3@@YANQAN00@Z 10001d50 f   sg_vs2008_32:sgd.obj
 0001:00000df0       ?extend@sgdBox@@QAEXQBN@Z  10001df0 f   sg_vs2008_32:sgd.obj
 0001:00000ec0       ?extend@sgdBox@@QAEXPBV1@@Z 10001ec0 f   sg_vs2008_32:sgd.obj
 0001:00000f50       ?extend@sgdBox@@QAEXPBVsgdSphere@@@Z 10001f50 f   sg_vs2008_32:sgd.obj
 0001:00000fc0       ?intersects@sgdBox@@QBEHQBN@Z 10001fc0 f   sg_vs2008_32:sgd.obj
 0001:00001100       ?extend@sgdSphere@@QAEXQBN@Z 10002100 f   sg_vs2008_32:sgd.obj
 0001:000011b0       ?extend@sgdSphere@@QAEXPBVsgdBox@@@Z 100021b0 f   sg_vs2008_32:sgd.obj
 0001:00001340       ?extend@sgdSphere@@QAEXPBV1@@Z 10002340 f   sg_vs2008_32:sgd.obj
 0001:00001410       ?intersects@sgdSphere@@QBEHPBVsgdBox@@@Z 10002410 f   sg_vs2008_32:sgd.obj
 0001:000014c0       ?update@sgdFrustum@@AAEXXZ 100024c0 f   sg_vs2008_32:sgd.obj
 0001:000018c0       ?contains@sgdFrustum@@QBEHPBVsgdSphere@@@Z 100028c0 f   sg_vs2008_32:sgd.obj
 0001:00001a30       ?sgdDistSquaredToLineVec3@@YANUsgdLine3@@QBN@Z 10002a30 f   sg_vs2008_32:sgd.obj
 0001:00001a70       ?sgdDistSquaredToLineSegmentVec3@@YANUsgdLineSegment3@@QBN@Z 10002a70 f   sg_vs2008_32:sgd.obj
 0001:00001b80       ?sgdMakeCoordMat4@@YAXQAY03NNNNNNN@Z 10002b80 f   sg_vs2008_32:sgd.obj
 0001:00001d40       ?sgdMakeTransMat4@@YAXQAY03NQBN@Z 10002d40 f   sg_vs2008_32:sgd.obj
 0001:00001d90       ?sgdMakeTransMat4@@YAXQAY03NNNN@Z 10002d90 f   sg_vs2008_32:sgd.obj
 0001:00001de0       ?sgdSetCoord@@YAXPAUsgdCoord@@QAY03$$CBN@Z 10002de0 f   sg_vs2008_32:sgd.obj
 0001:000020e0       ?sgdMakeNormal@@YAXQANQBN1@Z 100030e0 f   sg_vs2008_32:sgd.obj
 0001:00002130       ?sgdMakeNormal@@YAXQANQBN11@Z 10003130 f   sg_vs2008_32:sgd.obj
 0001:000021d0       ?sgdMultMat4@@YAXQAY03NQAY03$$CBN1@Z 100031d0 f   sg_vs2008_32:sgd.obj
 0001:00002280       ?sgdTransposeNegateMat4@@YAXQAY03NQAY03$$CBN@Z 10003280 f   sg_vs2008_32:sgd.obj
 0001:00002320       ?sgdTransposeNegateMat4@@YAXQAY03N@Z 10003320 f   sg_vs2008_32:sgd.obj
 0001:00002350       ?sgdInvertMat4@@YAXQAY03NQAY03$$CBN@Z 10003350 f   sg_vs2008_32:sgd.obj
 0001:00002570       ?sgdXformVec3@@YAXQANQBNQAY03$$CBN@Z 10003570 f   sg_vs2008_32:sgd.obj
 0001:000025d0       ?sgdXformPnt3@@YAXQANQBNQAY03$$CBN@Z 100035d0 f   sg_vs2008_32:sgd.obj
 0001:00002630       ?sgdXformPnt4@@YAXQANQBNQAY03$$CBN@Z 10003630 f   sg_vs2008_32:sgd.obj
 0001:000026c0       ?sgdFullXformPnt3@@YAXQANQBNQAY03$$CBN@Z 100036c0 f   sg_vs2008_32:sgd.obj
 0001:00002720       ?sgdHPRfromVec3@@YAXQAN0@Z 10003720 f   sg_vs2008_32:sgd.obj
 0001:000027c0       ?sgdQuatToAngleAxis@@YAXPANQANQBN@Z 100037c0 f   sg_vs2008_32:sgd.obj
 0001:00002840       ?sgdAngleAxisToQuat@@YAXQANNQBN@Z 10003840 f   sg_vs2008_32:sgd.obj
 0001:000028e0       ?sgdMatrixToQuat@@YAXQANQAY03$$CBN@Z 100038e0 f   sg_vs2008_32:sgd.obj
 0001:00002a40       ?sgdMultQuat@@YAXQANQBN1@Z 10003a40 f   sg_vs2008_32:sgd.obj
 0001:00002b10       ?sgdMultQuat2@@YAXQANQBN1@Z 10003b10 f   sg_vs2008_32:sgd.obj
 0001:00002be0       ?sgdEulerToQuat@@YAXQANQBN@Z 10003be0 f   sg_vs2008_32:sgd.obj
 0001:00002cd0       ?sgdQuatToEuler@@YAXQANQBN@Z 10003cd0 f   sg_vs2008_32:sgd.obj
 0001:00002e30       ?sgdQuatToMatrix@@YAXQAY03NQBN@Z 10003e30 f   sg_vs2008_32:sgd.obj
 0001:00002f00       ?sgdMakeRotMat42@@YAXQAY03NQAN@Z 10003f00 f   sg_vs2008_32:sgd.obj
 0001:00002fd0       ?sgdSlerpQuat2@@YAXQANQBN1N@Z 10003fd0 f   sg_vs2008_32:sgd.obj
 0001:000030f0       ?sgdSlerpQuat@@YAXQANQBN1N@Z 100040f0 f   sg_vs2008_32:sgd.obj
 0001:000031e0       ?sgdRotateVecQuat@@YAXQAN0@Z 100041e0 f   sg_vs2008_32:sgd.obj
 0001:000032d0       ?sgdRotateCoordQuat@@YAXQAN0@Z 100042d0 f   sg_vs2008_32:sgd.obj
 0001:000033c0       ?sgdDistSquaredToLineLineSegment@@YANUsgdLineSegment3@@UsgdLine3@@@Z 100043c0 f   sg_vs2008_32:sgd.obj
 0001:000035d0       ?sgdReflectInPlaneVec3@@YAXQANQBN1@Z 100045d0 f   sg_vs2008_32:sgd.obj
 0001:00003620       ?sgdClassifyMat4@@YAHQAY03$$CBN@Z 10004620 f   sg_vs2008_32:sgd.obj
 0001:000038e0       ?sgdTriangleSolver_SAStoArea@@YANNNN@Z 100048e0 f   sg_vs2008_32:sgd.obj
 0001:00003900       ?sgdTriangleSolver_SSStoArea@@YANNNN@Z 10004900 f   sg_vs2008_32:sgd.obj
 0001:00003950       ?sgdTriangleSolver_SSStoAAA@@YAXNNNPAN00@Z 10004950 f   sg_vs2008_32:sgd.obj
 0001:00003af0       ?sgdTriangleSolver_SAStoASA@@YAXNNNPAN00@Z 10004af0 f   sg_vs2008_32:sgd.obj
 0001:00003b70       ?sgdTriangleSolver_ASAtoSAS@@YAXNNNPAN00@Z 10004b70 f   sg_vs2008_32:sgd.obj
 0001:00003c20       ?sgdTriangleSolver_ASStoSAA@@YAXNNNHPAN00@Z 10004c20 f   sg_vs2008_32:sgd.obj
 0001:00003cb0       ?sgdTriangleSolver_SAAtoASS@@YAXNNNPAN00@Z 10004cb0 f   sg_vs2008_32:sgd.obj
 0001:00003d00       ?sgdMakeCoordMat4@@YAXQAY03NQBN1@Z 10004d00 f i sg_vs2008_32:sgd.obj
 0001:00003d40       ?sgdTriArea@@YANQAN00@Z    10004d40 f   sg_vs2008_32:sgd.obj
 0001:00003e20       ?getOutcode@sgdFrustum@@ABEHQBN@Z 10004e20 f   sg_vs2008_32:sgd.obj
 0001:00003f00       ?contains@sgdFrustum@@QBEHQBN@Z 10004f00 f   sg_vs2008_32:sgd.obj
 0001:00003f20       ?contains@sgdFrustum@@QBEHPBVsgdBox@@@Z 10004f20 f   sg_vs2008_32:sgd.obj
 0001:00004040       ?sgdPreMultMat4@@YAXQAY03NQAY03$$CBN@Z 10005040 f   sg_vs2008_32:sgd.obj
 0001:00004080       ?sgdPostMultMat4@@YAXQAY03NQAY03$$CBN@Z 10005080 f   sg_vs2008_32:sgd.obj
 0001:000040c0       ?sgdQuatToAngleAxis@@YAXPAN000QBN@Z 100050c0 f   sg_vs2008_32:sgd.obj
 0001:00004100       ?sgdAngleAxisToQuat@@YAXQANNNNN@Z 10005100 f   sg_vs2008_32:sgd.obj
 0001:00004140       ?sgdTriangleSolver_ASAtoArea@@YANNNN@Z 10005140 f   sg_vs2008_32:sgd.obj
 0001:000041b0       ?sgdTriangleSolver_ASStoArea@@YANNNNH@Z 100051b0 f   sg_vs2008_32:sgd.obj
 0001:00004210       ?sgdTriangleSolver_SAAtoArea@@YANNNN@Z 10005210 f   sg_vs2008_32:sgd.obj
 0001:00004630       _s191355                   10005630 f   robot_base.obj
 0001:00004680       ??$_Buynode@ABQAUtrackSeg@@@?$_List_buy@PAUtrackSeg@@V?$allocator@PAUtrackSeg@@@std@@@std@@QAEPAU?$_List_node@PAUtrackSeg@@PAX@1@PAU21@0ABQAUtrackSeg@@@Z 10005680 f i robot_base.obj
 0001:000046a0       ??1?$list@PAUtrackSeg@@V?$allocator@PAUtrackSeg@@@std@@@std@@QAE@XZ 100056a0 f i robot_base.obj
 0001:000046f0       ?_Buynode0@?$_List_alloc@U?$_List_base_types@PAUtrackSeg@@V?$allocator@PAUtrackSeg@@@std@@@std@@@std@@QAEPAU?$_List_node@PAUtrackSeg@@PAX@2@PAU32@0@Z 100056f0 f i robot_base.obj
 0001:00004720       ?sgdMakeCoordMat4@@YAXQAY03NPBUsgdCoord@@@Z 10005720 f i robot_base.obj
 0001:0000474f       ?_tgf_win_strdup@@YAPADPBD@Z 1000574f f   tgf:tgf.dll
 0001:00004755       ?RtTrackSideTgAngleL@@YAMPAUtTrkLocPos@@@Z 10005755 f   robottools:robottools.dll
 0001:00004760       ??$__vcrt_va_start_verify_argument_type@PBD@@YAXXZ 10005760 f i ul_vs2017_32:ulError.obj
 0001:00004770       ??$__vcrt_va_start_verify_argument_type@QBD@@YAXXZ 10005770 f i ul_vs2017_32:ulError.obj
 0001:00004780       ?ulClearError@@YAXXZ       10005780 f   ul_vs2017_32:ulError.obj
 0001:00004790       ?ulGetError@@YAPADXZ       10005790 f   ul_vs2017_32:ulError.obj
 0001:000047a0       ?ulGetErrorCallback@@YAP6AXW4ulSeverity@@PAD@ZXZ 100057a0 f   ul_vs2017_32:ulError.obj
 0001:000047b0       ?ulSetError@@YAXW4ulSeverity@@PBDZZ 100057b0 f   ul_vs2017_32:ulError.obj
 0001:00004840       ?ulSetErrorCallback@@YAXP6AXW4ulSeverity@@PAD@Z@Z 10005840 f   ul_vs2017_32:ulError.obj
 0001:00004850       ___local_stdio_printf_options 10005850 f i ul_vs2017_32:ulError.obj
 0001:00004860       _fprintf                   10005860 f i ul_vs2017_32:ulError.obj
 0001:00004883       _MessageBoxA@16            10005883 f   user32:USER32.dll
 0001:00004889       ??0bad_alloc@std@@QAE@ABV01@@Z 10005889 f i libcpmt:xthrow.obj
 0001:000048a4       ??0bad_alloc@std@@QAE@XZ   100058a4 f i libcpmt:xthrow.obj
 0001:000048bc       ??0bad_function_call@std@@QAE@ABV01@@Z 100058bc f i libcpmt:xthrow.obj
 0001:000048d7       ??0bad_function_call@std@@QAE@XZ 100058d7 f i libcpmt:xthrow.obj
 0001:000048e8       ??0exception@std@@QAE@ABV01@@Z 100058e8 f i libcpmt:xthrow.obj
 0001:00004914       ??0exception@std@@QAE@QBD@Z 10005914 f i libcpmt:xthrow.obj
 0001:0000494b       ??0exception@std@@QAE@QBDH@Z 1000594b f i libcpmt:xthrow.obj
 0001:00004968       ??0exception@std@@QAE@XZ   10005968 f i libcpmt:xthrow.obj
 0001:00004979       ??0invalid_argument@std@@QAE@ABV01@@Z 10005979 f i libcpmt:xthrow.obj
 0001:00004994       ??0invalid_argument@std@@QAE@PBD@Z 10005994 f i libcpmt:xthrow.obj
 0001:000049b5       ??0length_error@std@@QAE@ABV01@@Z 100059b5 f i libcpmt:xthrow.obj
 0001:000049d0       ??0length_error@std@@QAE@PBD@Z 100059d0 f i libcpmt:xthrow.obj
 0001:000049f1       ??0logic_error@std@@QAE@ABV01@@Z 100059f1 f i libcpmt:xthrow.obj
 0001:00004a0c       ??0logic_error@std@@QAE@PBD@Z 10005a0c f i libcpmt:xthrow.obj
 0001:00004a2d       ??0out_of_range@std@@QAE@ABV01@@Z 10005a2d f i libcpmt:xthrow.obj
 0001:00004a48       ??0out_of_range@std@@QAE@PBD@Z 10005a48 f i libcpmt:xthrow.obj
 0001:00004a69       ??0overflow_error@std@@QAE@ABV01@@Z 10005a69 f i libcpmt:xthrow.obj
 0001:00004a84       ??0overflow_error@std@@QAE@PBD@Z 10005a84 f i libcpmt:xthrow.obj
 0001:00004aa5       ??0regex_error@std@@QAE@ABV01@@Z 10005aa5 f i libcpmt:xthrow.obj
 0001:00004ac9       ??0regex_error@std@@QAE@W4error_type@regex_constants@1@@Z 10005ac9 f i libcpmt:xthrow.obj
 0001:00004af9       ??0runtime_error@std@@QAE@ABV01@@Z 10005af9 f i libcpmt:xthrow.obj
 0001:00004b14       ??0runtime_error@std@@QAE@PBD@Z 10005b14 f i libcpmt:xthrow.obj
 0001:00004b35       ??1bad_alloc@std@@UAE@XZ   10005b35 f i libcpmt:xthrow.obj
 0001:00004b46       ??1bad_function_call@std@@UAE@XZ 10005b46 f i libcpmt:xthrow.obj
 0001:00004b57       ??1exception@std@@UAE@XZ   10005b57 f i libcpmt:xthrow.obj
 0001:00004b68       ??1invalid_argument@std@@UAE@XZ 10005b68 f i libcpmt:xthrow.obj
 0001:00004b79       ??1length_error@std@@UAE@XZ 10005b79 f i libcpmt:xthrow.obj
 0001:00004b8a       ??1logic_error@std@@UAE@XZ 10005b8a f i libcpmt:xthrow.obj
 0001:00004b9b       ??1out_of_range@std@@UAE@XZ 10005b9b f i libcpmt:xthrow.obj
 0001:00004bac       ??1overflow_error@std@@UAE@XZ 10005bac f i libcpmt:xthrow.obj
 0001:00004bbd       ??1regex_error@std@@UAE@XZ 10005bbd f i libcpmt:xthrow.obj
 0001:00004bce       ??1runtime_error@std@@UAE@XZ 10005bce f i libcpmt:xthrow.obj
 0001:00004bdf       ??_Gbad_alloc@std@@UAEPAXI@Z 10005bdf f i libcpmt:xthrow.obj
 0001:00004bdf       ??_Ebad_alloc@std@@UAEPAXI@Z 10005bdf f i libcpmt:xthrow.obj
 0001:00004c0c       ??_Gbad_function_call@std@@UAEPAXI@Z 10005c0c f i libcpmt:xthrow.obj
 0001:00004c0c       ??_Ebad_function_call@std@@UAEPAXI@Z 10005c0c f i libcpmt:xthrow.obj
 0001:00004c39       ??_Gexception@std@@UAEPAXI@Z 10005c39 f i libcpmt:xthrow.obj
 0001:00004c39       ??_Eexception@std@@UAEPAXI@Z 10005c39 f i libcpmt:xthrow.obj
 0001:00004c66       ??_Einvalid_argument@std@@UAEPAXI@Z 10005c66 f i libcpmt:xthrow.obj
 0001:00004c66       ??_Ginvalid_argument@std@@UAEPAXI@Z 10005c66 f i libcpmt:xthrow.obj
 0001:00004c93       ??_Elength_error@std@@UAEPAXI@Z 10005c93 f i libcpmt:xthrow.obj
 0001:00004c93       ??_Glength_error@std@@UAEPAXI@Z 10005c93 f i libcpmt:xthrow.obj
 0001:00004cc0       ??_Glogic_error@std@@UAEPAXI@Z 10005cc0 f i libcpmt:xthrow.obj
 0001:00004cc0       ??_Elogic_error@std@@UAEPAXI@Z 10005cc0 f i libcpmt:xthrow.obj
 0001:00004ced       ??_Eout_of_range@std@@UAEPAXI@Z 10005ced f i libcpmt:xthrow.obj
 0001:00004ced       ??_Gout_of_range@std@@UAEPAXI@Z 10005ced f i libcpmt:xthrow.obj
 0001:00004d1a       ??_Goverflow_error@std@@UAEPAXI@Z 10005d1a f i libcpmt:xthrow.obj
 0001:00004d1a       ??_Eoverflow_error@std@@UAEPAXI@Z 10005d1a f i libcpmt:xthrow.obj
 0001:00004d47       ??_Gregex_error@std@@UAEPAXI@Z 10005d47 f i libcpmt:xthrow.obj
 0001:00004d47       ??_Eregex_error@std@@UAEPAXI@Z 10005d47 f i libcpmt:xthrow.obj
 0001:00004d74       ??_Gruntime_error@std@@UAEPAXI@Z 10005d74 f i libcpmt:xthrow.obj
 0001:00004d74       ??_Eruntime_error@std@@UAEPAXI@Z 10005d74 f i libcpmt:xthrow.obj
 0001:00004da1       ?_Stringify@regex_error@std@@CAPBDW4error_type@regex_constants@2@@Z 10005da1 f i libcpmt:xthrow.obj
 0001:00004e61       ?_Xbad_alloc@std@@YAXXZ    10005e61 f   libcpmt:xthrow.obj
 0001:00004e7e       ?_Xbad_function_call@std@@YAXXZ 10005e7e f   libcpmt:xthrow.obj
 0001:00004e9b       ?_Xinvalid_argument@std@@YAXPBD@Z 10005e9b f   libcpmt:xthrow.obj
 0001:00004ebb       ?_Xlength_error@std@@YAXPBD@Z 10005ebb f   libcpmt:xthrow.obj
 0001:00004edb       ?_Xout_of_range@std@@YAXPBD@Z 10005edb f   libcpmt:xthrow.obj
 0001:00004efb       ?_Xoverflow_error@std@@YAXPBD@Z 10005efb f   libcpmt:xthrow.obj
 0001:00004f1b       ?_Xregex_error@std@@YAXW4error_type@regex_constants@1@@Z 10005f1b f   libcpmt:xthrow.obj
 0001:00004f3b       ?_Xruntime_error@std@@YAXPBD@Z 10005f3b f   libcpmt:xthrow.obj
 0001:00004f5b       ?what@bad_function_call@std@@UBEPBDXZ 10005f5b f i libcpmt:xthrow.obj
 0001:00004f61       ?what@exception@std@@UBEPBDXZ 10005f61 f i libcpmt:xthrow.obj
 0001:00004f6e       ??2@YAPAXI@Z               10005f6e f   LIBCMT:new_scalar.obj
 0001:00004f9e       ??3@YAXPAXI@Z              10005f9e f   LIBCMT:delete_scalar_size.obj
 0001:000052e3       __CRT_INIT@12              100062e3 f   LIBCMT:dll_dllmain.obj
 0001:000052ec       __DllMainCRTStartup@12     100062ec f   LIBCMT:dll_dllmain.obj
 0001:0000530f       ??1type_info@@UAE@XZ       1000630f f   LIBCMT:std_type_info_static.obj
 0001:00005316       ??_Gtype_info@@UAEPAXI@Z   10006316 f i LIBCMT:std_type_info_static.obj
 0001:00005316       ??_Etype_info@@UAEPAXI@Z   10006316 f i LIBCMT:std_type_info_static.obj
 0001:00005339       ??0bad_alloc@std@@AAE@QBD@Z 10006339 f i LIBCMT:throw_bad_alloc.obj
 0001:00005356       ??0bad_array_new_length@std@@QAE@ABV01@@Z 10006356 f i LIBCMT:throw_bad_alloc.obj
 0001:00005371       ??0bad_array_new_length@std@@QAE@XZ 10006371 f i LIBCMT:throw_bad_alloc.obj
 0001:00005389       ??1bad_array_new_length@std@@UAE@XZ 10006389 f i LIBCMT:throw_bad_alloc.obj
 0001:0000539a       ??_Ebad_array_new_length@std@@UAEPAXI@Z 1000639a f i LIBCMT:throw_bad_alloc.obj
 0001:0000539a       ??_Gbad_array_new_length@std@@UAEPAXI@Z 1000639a f i LIBCMT:throw_bad_alloc.obj
 0001:000053c7       ?__scrt_throw_std_bad_alloc@@YAXXZ 100063c7 f   LIBCMT:throw_bad_alloc.obj
 0001:000053e4       ?__scrt_throw_std_bad_array_new_length@@YAXXZ 100063e4 f   LIBCMT:throw_bad_alloc.obj
 0001:00005401       ??3@YAXPAX@Z               10006401 f   LIBCMT:delete_scalar.obj
 0001:00005455       ___security_init_cookie    10006455 f   LIBCMT:gs_support.obj
 0001:000054a0       _DllMain@12                100064a0 f   LIBCMT:dll_dllmain_stub.obj
 0001:000054a6       ?__scrt_initialize_type_info@@YAXXZ 100064a6 f   LIBCMT:tncleanup.obj
 0001:000054b2       ?__scrt_uninitialize_type_info@@YAXXZ 100064b2 f   LIBCMT:tncleanup.obj
 0001:000054be       ___local_stdio_scanf_options 100064be f i LIBCMT:default_local_stdio_options.obj
 0001:000054c4       ___scrt_initialize_default_local_stdio_options 100064c4 f   LIBCMT:default_local_stdio_options.obj
 0001:000054e1       ??$__crt_fast_decode_pointer@PAP6AXXZ@@YAPAP6AXXZQAP6AXXZ@Z 100064e1 f i LIBCMT:utility.obj
 0001:000054f5       ??$__crt_fast_encode_pointer@PAP6AXXZ@@YAPAP6AXXZQAP6AXXZ@Z 100064f5 f i LIBCMT:utility.obj
 0001:00005512       ?__crt_rotate_pointer_value@@YAIIH@Z 10006512 f i LIBCMT:utility.obj
 0001:0000551f       ?configure_argv@__scrt_narrow_argv_policy@@SAHXZ 1000651f f i LIBCMT:utility.obj
 0001:00005570       ?initialize_environment@__scrt_narrow_environment_policy@@SAHXZ 10006570 f i LIBCMT:utility.obj
 0001:000055a8       _NtCurrentTeb              100065a8 f i LIBCMT:utility.obj
 0001:000055af       ___scrt_acquire_startup_lock 100065af f   LIBCMT:utility.obj
 0001:000055e4       ___scrt_dllmain_after_initialize_c 100065e4 f   LIBCMT:utility.obj
 0001:0000560f       ___scrt_dllmain_before_initialize_c 1000660f f   LIBCMT:utility.obj
 0001:0000561d       ___scrt_dllmain_crt_thread_attach 1000661d f   LIBCMT:utility.obj
 0001:0000563c       ___scrt_dllmain_crt_thread_detach 1000663c f   LIBCMT:utility.obj
 0001:00005649       ___scrt_dllmain_exception_filter 10006649 f   LIBCMT:utility.obj
 0001:0000567c       ___scrt_dllmain_uninitialize_c 1000667c f   LIBCMT:utility.obj
 0001:0000569f       ___scrt_dllmain_uninitialize_critical 1000669f f   LIBCMT:utility.obj
 0001:000056ac       ___scrt_initialize_crt     100066ac f   LIBCMT:utility.obj
 0001:000056e5       ___scrt_initialize_onexit_tables 100066e5 f   LIBCMT:utility.obj
 0001:0000578f       ___scrt_is_nonwritable_in_current_image 1000678f f   LIBCMT:utility.obj
 0001:00005819       ___scrt_release_startup_lock 10006819 f   LIBCMT:utility.obj
 0001:00005836       ___scrt_uninitialize_crt   10006836 f   LIBCMT:utility.obj
 0001:0000585e       __onexit                   1000685e f   LIBCMT:utility.obj
 0001:00005899       _at_quick_exit             10006899 f   LIBCMT:utility.obj
 0001:000058ca       _atexit                    100068ca f   LIBCMT:utility.obj
 0001:000058df       ___scrt_get_dyn_tls_init_callback 100068df f   LIBCMT:dyn_tls_init.obj
 0001:000058e5       ___scrt_fastfail           100068e5 f   LIBCMT:utility_desktop.obj
 0001:00005a01       ___scrt_get_show_window_mode 10006a01 f   LIBCMT:utility_desktop.obj
 0001:00005a34       ___scrt_initialize_winrt   10006a34 f   LIBCMT:utility_desktop.obj
 0001:00005a37       ___scrt_is_managed_app     10006a37 f   LIBCMT:utility_desktop.obj
 0001:00005a7b       ___scrt_set_unhandled_exception_filter 10006a7b f   LIBCMT:utility_desktop.obj
 0001:00005a87       ___scrt_unhandled_exception_filter@4 10006a87 f   LIBCMT:utility_desktop.obj
 0001:00005ac8       __crt_debugger_hook        10006ac8 f   LIBCMT:utility_desktop.obj
 0001:00005ad0       __RTC_Initialize           10006ad0 f   LIBCMT:_initsect_.obj
 0001:00005afb       __RTC_Terminate            10006afb f   LIBCMT:_initsect_.obj
 0001:00005b26       @_guard_check_icall@4      10006b26 f i LIBCMT:checkcfg.obj
 0001:00005b30       __SEH_prolog4              10006b30 f   LIBCMT:_sehprolg4_.obj
 0001:00005b76       __SEH_epilog4              10006b76 f   LIBCMT:_sehprolg4_.obj
 0001:00005b8b       ___isa_available_init      10006b8b f   LIBCMT:_cpu_disp_.obj
 0001:00005d24       __get_startup_argv_mode    10006d24 f   LIBCMT:argv_mode.obj
 0001:00005d28       ___scrt_is_ucrt_dll_in_use 10006d28 f   LIBCMT:ucrt_detection.obj
 0001:00005d34       @_guard_check_icall_nop@4  10006d34 f i LIBCMT:guard_support.obj
 0001:00005d35       _ReadNoFence               10006d35 f i LIBCMT:guard_support.obj
 0001:00005d3f       _ReadPointerNoFence        10006d3f f i LIBCMT:guard_support.obj
 0001:00005d49       __guard_icall_checks_enforced 10006d49 f i LIBCMT:guard_support.obj
 0001:00005d5b       @__security_check_cookie@4 10006d5b f   LIBCMT:_secchk_.obj
 0001:00005d6c       ___raise_securityfailure   10006d6c f   LIBCMT:gs_report.obj
 0001:00005d94       ___report_gsfailure        10006d94 f   LIBCMT:gs_report.obj
 0001:00005e8f       ___report_rangecheckfailure 10006e8f f   LIBCMT:gs_report.obj
 0001:00005e9b       ___report_securityfailure  10006e9b f   LIBCMT:gs_report.obj
 0001:00005f6b       ___report_securityfailureEx 10006f6b f   LIBCMT:gs_report.obj
 0001:00006081       __CxxThrowException@8      10007081 f   libvcruntime:throw.obj
 0001:000060ef       ?_CallCatchBlock2@@YAPAXPAUEHRegistrationNode@@PBU_s_FuncInfo@@PAXHK@Z 100070ef f   libvcruntime:trnsctrl.obj
 0001:0000614f       ?_CallSETranslator@@YAHPAUEHExceptionRecord@@PAUEHRegistrationNode@@PAX2PBU_s_FuncInfo@@H1@Z 1000714f f   libvcruntime:trnsctrl.obj
 0001:0000622c       ?_GetRangeOfTrysToCheck@@YAPBU_s_TryBlockMapEntry@@PBU_s_FuncInfo@@HHPAI1@Z 1000722c f   libvcruntime:trnsctrl.obj
 0001:000062a4       ?_JumpToContinuation@@YGXPAXPAUEHRegistrationNode@@@Z 100072a4 f   libvcruntime:trnsctrl.obj
 0001:000062d6       ?_UnwindNestedFrames@@YGXPAUEHRegistrationNode@@PAUEHExceptionRecord@@@Z 100072d6 f   libvcruntime:trnsctrl.obj
 0001:0000632b       __CatchGuardHandler        1000732b f   libvcruntime:trnsctrl.obj
 0001:0000635c       __CreateFrameInfo          1000735c f   libvcruntime:trnsctrl.obj
 0001:00006380       __FindAndUnlinkFrame       10007380 f   libvcruntime:trnsctrl.obj
 0001:000063c5       __TranslatorGuardHandler   100073c5 f   libvcruntime:trnsctrl.obj
 0001:00006464       ___CxxFrameHandler         10007464 f   libvcruntime:trnsctrl.obj
 0001:0000649a       ___CxxFrameHandler2        1000749a f   libvcruntime:trnsctrl.obj
 0001:000064d0       ___CxxFrameHandler3        100074d0 f   libvcruntime:trnsctrl.obj
 0001:00006506       ___CxxLongjmpUnwind@4      10007506 f   libvcruntime:trnsctrl.obj
 0001:00006530       _memset                    10007530 f   libvcruntime:memset.obj
 0001:0000668a       ??$?RD@__crt_public_free_policy@@QBEXQBD@Z 1000768a f i libvcruntime:std_exception.obj
 0001:0000669a       ??0?$__crt_unique_heap_ptr@DU__crt_public_free_policy@@@@QAE@QAD@Z 1000769a f i libvcruntime:std_exception.obj
 0001:000066a8       ??1?$__crt_unique_heap_ptr@DU__crt_public_free_policy@@@@QAE@XZ 100076a8 f i libvcruntime:std_exception.obj
 0001:000066b8       ??B?$__crt_unique_heap_ptr@DU__crt_public_free_policy@@@@QBE_NXZ 100076b8 f i libvcruntime:std_exception.obj
 0001:000066bf       ?detach@?$__crt_unique_heap_ptr@DU__crt_public_free_policy@@@@QAEPADXZ 100076bf f i libvcruntime:std_exception.obj
 0001:000066c5       ?get@?$__crt_unique_heap_ptr@DU__crt_public_free_policy@@@@QBEPADXZ 100076c5 f i libvcruntime:std_exception.obj
 0001:000066c8       ?is_valid@?$__crt_unique_heap_ptr@DU__crt_public_free_policy@@@@QBE_NXZ 100076c8 f i libvcruntime:std_exception.obj
 0001:000066cf       ?release@?$__crt_unique_heap_ptr@DU__crt_public_free_policy@@@@QAEXXZ 100076cf f i libvcruntime:std_exception.obj
 0001:000066df       ___std_exception_copy      100076df f   libvcruntime:std_exception.obj
 0001:00006742       ___std_exception_destroy   10007742 f   libvcruntime:std_exception.obj
 0001:000067b0       __except_handler4          100077b0 f   libvcruntime:_chandler4_.obj
 0001:0000691b       ??$?RD@__crt_internal_free_policy@@QBEXQBD@Z 1000791b f i libvcruntime:std_type_info.obj
 0001:0000692b       ??$?RX@__crt_internal_free_policy@@QBEXQBX@Z 1000792b f i libvcruntime:std_type_info.obj
 0001:0000693b       ??$__crt_interlocked_compare_exchange_pointer@$$CBDPAD$$T@@YAPBDPDSBDQAD$$T@Z 1000793b f i libvcruntime:std_type_info.obj
 0001:0000694d       ??$__crt_interlocked_read_pointer@$$CBD@@YAPBDPDSBD@Z 1000794d f i libvcruntime:std_type_info.obj
 0001:00006957       ??0?$__crt_unique_heap_ptr@DU__crt_internal_free_policy@@@@QAE@QAD@Z 10007957 f i libvcruntime:std_type_info.obj
 0001:00006965       ??0?$__crt_unique_heap_ptr@XU__crt_internal_free_policy@@@@QAE@QAX@Z 10007965 f i libvcruntime:std_type_info.obj
 0001:00006973       ??1?$__crt_unique_heap_ptr@DU__crt_internal_free_policy@@@@QAE@XZ 10007973 f i libvcruntime:std_type_info.obj
 0001:00006983       ??1?$__crt_unique_heap_ptr@XU__crt_internal_free_policy@@@@QAE@XZ 10007983 f i libvcruntime:std_type_info.obj
 0001:0000699f       ??B?$__crt_unique_heap_ptr@DU__crt_internal_free_policy@@@@QBE_NXZ 1000799f f i libvcruntime:std_type_info.obj
 0001:000069a6       ??B?$__crt_unique_heap_ptr@XU__crt_internal_free_policy@@@@QBE_NXZ 100079a6 f i libvcruntime:std_type_info.obj
 0001:000069cd       ?__crt_interlocked_read_32@@YAHPDH@Z 100079cd f i libvcruntime:std_type_info.obj
 0001:000069d7       ?detach@?$__crt_unique_heap_ptr@XU__crt_internal_free_policy@@@@QAEPAXXZ 100079d7 f i libvcruntime:std_type_info.obj
 0001:000069dd       ?get@?$__crt_unique_heap_ptr@DU__crt_internal_free_policy@@@@QBEPADXZ 100079dd f i libvcruntime:std_type_info.obj
 0001:000069e0       ?get@?$__crt_unique_heap_ptr@XU__crt_internal_free_policy@@@@QBEPAXXZ 100079e0 f i libvcruntime:std_type_info.obj
 0001:000069e3       ?is_valid@?$__crt_unique_heap_ptr@DU__crt_internal_free_policy@@@@QBE_NXZ 100079e3 f i libvcruntime:std_type_info.obj
 0001:000069ea       ?is_valid@?$__crt_unique_heap_ptr@XU__crt_internal_free_policy@@@@QBE_NXZ 100079ea f i libvcruntime:std_type_info.obj
 0001:000069f1       ?release@?$__crt_unique_heap_ptr@DU__crt_internal_free_policy@@@@QAEXXZ 100079f1 f i libvcruntime:std_type_info.obj
 0001:00006a01       ?release@?$__crt_unique_heap_ptr@XU__crt_internal_free_policy@@@@QAEXXZ 10007a01 f i libvcruntime:std_type_info.obj
 0001:00006a11       ___std_type_info_compare   10007a11 f   libvcruntime:std_type_info.obj
 0001:00006a4d       ___std_type_info_destroy_list 10007a4d f   libvcruntime:std_type_info.obj
 0001:00006a70       ___std_type_info_hash      10007a70 f   libvcruntime:std_type_info.obj
 0001:00006a96       ___std_type_info_name      10007a96 f   libvcruntime:std_type_info.obj
 0001:00006b5b       ___vcrt_initialize         10007b5b f   libvcruntime:initialization.obj
 0001:00006b84       ___vcrt_thread_attach      10007b84 f   libvcruntime:initialization.obj
 0001:00006b8f       ___vcrt_thread_detach      10007b8f f   libvcruntime:initialization.obj
 0001:00006b9a       ___vcrt_uninitialize       10007b9a f   libvcruntime:initialization.obj
 0001:00006bb9       ___vcrt_uninitialize_critical 10007bb9 f   libvcruntime:initialization.obj
 0001:00006bc2       ??$?RU__vcrt_ptd@@@__crt_internal_free_policy@@QBEXQBU__vcrt_ptd@@@Z 10007bc2 f i libvcruntime:per_thread_data.obj
 0001:00006bd2       ??0?$__crt_unique_heap_ptr@U__vcrt_ptd@@U__crt_internal_free_policy@@@@QAE@QAU__vcrt_ptd@@@Z 10007bd2 f i libvcruntime:per_thread_data.obj
 0001:00006bef       ??1?$__crt_unique_heap_ptr@U__vcrt_ptd@@U__crt_internal_free_policy@@@@QAE@XZ 10007bef f i libvcruntime:per_thread_data.obj
 0001:00006c08       ??B?$__crt_unique_heap_ptr@U__vcrt_ptd@@U__crt_internal_free_policy@@@@QBE_NXZ 10007c08 f i libvcruntime:per_thread_data.obj
 0001:00006c0f       ?detach@?$__crt_unique_heap_ptr@U__vcrt_ptd@@U__crt_internal_free_policy@@@@QAEPAU__vcrt_ptd@@XZ 10007c0f f i libvcruntime:per_thread_data.obj
 0001:00006c15       ?get@?$__crt_unique_heap_ptr@U__vcrt_ptd@@U__crt_internal_free_policy@@@@QBEPAU__vcrt_ptd@@XZ 10007c15 f i libvcruntime:per_thread_data.obj
 0001:00006c18       ?is_valid@?$__crt_unique_heap_ptr@U__vcrt_ptd@@U__crt_internal_free_policy@@@@QBE_NXZ 10007c18 f i libvcruntime:per_thread_data.obj
 0001:00006c1f       ?release@?$__crt_unique_heap_ptr@U__vcrt_ptd@@U__crt_internal_free_policy@@@@QAEXXZ 10007c1f f i libvcruntime:per_thread_data.obj
 0001:00006c49       ___vcrt_freefls@4          10007c49 f   libvcruntime:per_thread_data.obj
 0001:00006c65       ___vcrt_freeptd            10007c65 f   libvcruntime:per_thread_data.obj
 0001:00006ca8       ___vcrt_getptd             10007ca8 f   libvcruntime:per_thread_data.obj
 0001:00006cb6       ___vcrt_getptd_noexit      10007cb6 f   libvcruntime:per_thread_data.obj
 0001:00006d48       ___vcrt_getptd_noinit      10007d48 f   libvcruntime:per_thread_data.obj
 0001:00006d7f       ___vcrt_initialize_ptd     10007d7f f   libvcruntime:per_thread_data.obj
 0001:00006dc5       ___vcrt_uninitialize_ptd   10007dc5 f   libvcruntime:per_thread_data.obj
 0001:00006de0       __CallSettingFrame@12      10007de0 f   libvcruntime:lowhelpr.obj
 0001:00006e07       __NLG_Return               10007e07     libvcruntime:lowhelpr.obj
 0001:00006e2c       ??0bad_exception@std@@QAE@ABV01@@Z 10007e2c f i libvcruntime:frame.obj
 0001:00006e47       ??0bad_exception@std@@QAE@XZ 10007e47 f i libvcruntime:frame.obj
 0001:00006e5f       ??1bad_exception@std@@UAE@XZ 10007e5f f i libvcruntime:frame.obj
 0001:00006e70       ??8type_info@@QBE_NABV0@@Z 10007e70 f i libvcruntime:frame.obj
 0001:00006e8f       ??_Ebad_exception@std@@UAEPAXI@Z 10007e8f f i libvcruntime:frame.obj
 0001:00006e8f       ??_Gbad_exception@std@@UAEPAXI@Z 10007e8f f i libvcruntime:frame.obj
 0001:000076cc       ?_CallMemberFunction1@@YGXQAX00@Z 100086cc f i libvcruntime:frame.obj
 0001:000076dc       ?_CallMemberFunction2@@YGXQAX00H@Z 100086dc f i libvcruntime:frame.obj
 0001:000076ef       ?_ValidateExecute@@YA_NP6GHXZ@Z 100086ef f i libvcruntime:frame.obj
 0001:000076fb       ?_ValidateRead@@YA_NPBXI@Z 100086fb f i libvcruntime:frame.obj
 0001:00007707       ?_ValidateWrite@@YA_NPAXI@Z 10008707 f i libvcruntime:frame.obj
 0001:00007713       ___BuildCatchObject        10008713 f   libvcruntime:frame.obj
 0001:000077a2       ___BuildCatchObjectHelper  100087a2 f   libvcruntime:frame.obj
 0001:000078d5       ___FrameUnwindToState      100088d5 f   libvcruntime:frame.obj
 0001:000079a2       ___InternalCxxFrameHandler 100089a2 f   libvcruntime:frame.obj
 0001:00007a9e       ___TypeMatch               10008a9e f   libvcruntime:frame.obj
 0001:00007b2c       ___vcrt_EncodePointer      10008b2c f i libvcruntime:frame.obj
 0001:00007b45       ___except_validate_context_record 10008b45 f   libvcruntime:jbcxrval.obj
 0001:00007b75       ___except_validate_jump_buffer 10008b75 f   libvcruntime:jbcxrval.obj
 0001:00007ba2       ___except_validate_jump_buffer_common 10008ba2 f i libvcruntime:jbcxrval.obj
 0001:00007be0       __local_unwind4            10008be0 f   libvcruntime:_exsup4_.obj
 0001:00007cb8       __seh_longjmp_unwind4@4    10008cb8 f   libvcruntime:_exsup4_.obj
 0001:00007ce0       @_EH4_CallFilterFunc@8     10008ce0 f   libvcruntime:_exsup4_.obj
 0001:00007cf8       @_EH4_TransferToHandler@8  10008cf8 f   libvcruntime:_exsup4_.obj
 0001:00007d14       @_EH4_GlobalUnwind2@8      10008d14 f   libvcruntime:_exsup4_.obj
 0001:00007d30       @_EH4_LocalUnwind@16       10008d30 f   libvcruntime:_exsup4_.obj
 0001:00007d47       ??0Block@_HeapManager@@QAE@XZ 10008d47 f i libvcruntime:undname.obj
 0001:00007d4d       ??0DName@@QAE@AAPBDD@Z     10008d4d f   libvcruntime:undname.obj
 0001:00007dff       ??0DName@@QAE@ABV0@@Z      10008dff f i libvcruntime:undname.obj
 0001:00007e15       ??0DName@@QAE@D@Z          10008e15 f   libvcruntime:undname.obj
 0001:00007e3a       ??0DName@@QAE@PAV0@@Z      10008e3a f   libvcruntime:undname.obj
 0001:00007e82       ??0DName@@QAE@PBD@Z        10008e82 f   libvcruntime:undname.obj
 0001:00007eb5       ??0DName@@QAE@W4DNameStatus@@@Z 10008eb5 f   libvcruntime:undname.obj
 0001:00007ee6       ??0DName@@QAE@XZ           10008ee6 f i libvcruntime:undname.obj
 0001:00007ef0       ??0DName@@QAE@_J@Z         10008ef0 f   libvcruntime:undname.obj
 0001:00007f7e       ??0DName@@QAE@_K@Z         10008f7e f   libvcruntime:undname.obj
 0001:00007fe6       ??0DNameNode@@IAE@XZ       10008fe6 f i libvcruntime:undname.obj
 0001:00007fef       ??0Replicator@@QAE@XZ      10008fef f i libvcruntime:undname.obj
 0001:00007ffe       ??0UnDecorator@@QAE@PBDP6APADJ@ZK@Z 10008ffe f i libvcruntime:undname.obj
 0001:0000804a       ??0charNode@@QAE@D@Z       1000904a f i libvcruntime:undname.obj
 0001:0000805f       ??0pDNameNode@@QAE@PAVDName@@@Z 1000905f f   libvcruntime:undname.obj
 0001:00008087       ??0pairNode@@QAE@PBVDNameNode@@0@Z 10009087 f i libvcruntime:undname.obj
 0001:000080a6       ??0pcharNode@@QAE@PBDH@Z   100090a6 f   libvcruntime:undname.obj
 0001:00008106       ??2@YAPAXIAAV_HeapManager@@H@Z 10009106 f i libvcruntime:undname.obj
 0001:0000811b       ??4DName@@QAEAAV0@ABV0@@Z  1000911b f   libvcruntime:undname.obj
 0001:00008131       ??4DName@@QAEAAV0@D@Z      10009131 f i libvcruntime:undname.obj
 0001:00008156       ??4DName@@QAEAAV0@PAV0@@Z  10009156 f   libvcruntime:undname.obj
 0001:00008198       ??4DName@@QAEAAV0@PBD@Z    10009198 f   libvcruntime:undname.obj
 0001:000081c3       ??4DName@@QAEAAV0@W4DNameStatus@@@Z 100091c3 f   libvcruntime:undname.obj
 0001:000081e4       ??AReplicator@@QBE?AVDName@@H@Z 100091e4 f   libvcruntime:undname.obj
 0001:00008220       ??H@YA?AVDName@@DABV0@@Z   10009220 f i libvcruntime:undname.obj
 0001:00008244       ??H@YA?AVDName@@PBDABV0@@Z 10009244 f i libvcruntime:undname.obj
 0001:00008268       ??H@YA?AVDName@@W4DNameStatus@@ABV0@@Z 10009268 f i libvcruntime:undname.obj
 0001:0000828c       ??HDName@@QBE?AV0@ABV0@@Z  1000928c f   libvcruntime:undname.obj
 0001:000082ae       ??HDName@@QBE?AV0@D@Z      100092ae f   libvcruntime:undname.obj
 0001:000082d0       ??HDName@@QBE?AV0@PAV0@@Z  100092d0 f   libvcruntime:undname.obj
 0001:000082f2       ??HDName@@QBE?AV0@PBD@Z    100092f2 f   libvcruntime:undname.obj
 0001:00008314       ??HDName@@QBE?AV0@W4DNameStatus@@@Z 10009314 f   libvcruntime:undname.obj
 0001:00008336       ??YDName@@QAEAAV0@ABV0@@Z  10009336 f   libvcruntime:undname.obj
 0001:00008377       ??YDName@@QAEAAV0@D@Z      10009377 f   libvcruntime:undname.obj
 0001:000083c7       ??YDName@@QAEAAV0@PAV0@@Z  100093c7 f   libvcruntime:undname.obj
 0001:0000842c       ??YDName@@QAEAAV0@PBD@Z    1000942c f   libvcruntime:undname.obj
 0001:0000848d       ??YDName@@QAEAAV0@W4DNameStatus@@@Z 1000948d f   libvcruntime:undname.obj
 0001:000084d8       ??YReplicator@@QAEAAV0@ABVDName@@@Z 100094d8 f   libvcruntime:undname.obj
 0001:00008522       ??_5DName@@QAEAAV0@ABV0@@Z 10009522 f   libvcruntime:undname.obj
 0001:0000853e       ?Constructor@_HeapManager@@QAEXP6APAXI@ZP6AXPAX@Z@Z 1000953e f i libvcruntime:undname.obj
 0001:0000855b       ?Destructor@_HeapManager@@QAEXXZ 1000955b f i libvcruntime:undname.obj
 0001:00008592       ?UScore@UnDecorator@@SAPBDW4Tokens@@@Z 10009592 f   libvcruntime:undname.obj
 0001:000085af       ?append@DName@@AAEXPBVDNameNode@@@Z 100095af f   libvcruntime:undname.obj
 0001:000085f5       ?composeDeclaration@UnDecorator@@CA?AVDName@@ABV2@@Z 100095f5 f i libvcruntime:undname.obj
 0001:0000936f       ?doAccessSpecifiers@UnDecorator@@SAHXZ 1000a36f f i libvcruntime:undname.obj
 0001:0000937d       ?doAllocationLanguage@UnDecorator@@SAHXZ 1000a37d f i libvcruntime:undname.obj
 0001:0000938b       ?doAllocationModel@UnDecorator@@SAHXZ 1000a38b f i libvcruntime:undname.obj
 0001:00009399       ?doEcsu@UnDecorator@@SAHXZ 1000a399 f i libvcruntime:undname.obj
 0001:000093a7       ?doEllipsis@UnDecorator@@SAHXZ 1000a3a7 f i libvcruntime:undname.obj
 0001:000093b5       ?doFunctionReturns@UnDecorator@@SAHXZ 1000a3b5 f i libvcruntime:undname.obj
 0001:000093c3       ?doMSKeywords@UnDecorator@@SAHXZ 1000a3c3 f i libvcruntime:undname.obj
 0001:000093d0       ?doMemberTypes@UnDecorator@@SAHXZ 1000a3d0 f i libvcruntime:undname.obj
 0001:000093de       ?doNameOnly@UnDecorator@@SAHXZ 1000a3de f i libvcruntime:undname.obj
 0001:000093e9       ?doNoIdentCharCheck@UnDecorator@@SAHXZ 1000a3e9 f i libvcruntime:undname.obj
 0001:000093f4       ?doPchar@DName@@AAEXPBDH@Z 1000a3f4 f   libvcruntime:undname.obj
 0001:0000947a       ?doPtr64@UnDecorator@@SAHXZ 1000a47a f i libvcruntime:undname.obj
 0001:00009488       ?doRestrictionSpec@UnDecorator@@SAHXZ 1000a488 f i libvcruntime:undname.obj
 0001:00009496       ?doThisTypes@UnDecorator@@SAHXZ 1000a496 f i libvcruntime:undname.obj
 0001:000094a8       ?doThrowTypes@UnDecorator@@SAHXZ 1000a4a8 f i libvcruntime:undname.obj
 0001:000094b6       ?doTypeOnly@UnDecorator@@SAHXZ 1000a4b6 f i libvcruntime:undname.obj
 0001:000094c1       ?doUnderScore@UnDecorator@@SAHXZ 1000a4c1 f i libvcruntime:undname.obj
 0001:000094cc       ?getArgumentList@UnDecorator@@CA?AVDName@@XZ 1000a4cc f   libvcruntime:undname.obj
 0001:000095c4       ?getArgumentTypes@UnDecorator@@CA?AVDName@@XZ 1000a5c4 f   libvcruntime:undname.obj
 0001:000096a4       ?getArrayType@UnDecorator@@CA?AVDName@@ABV2@@Z 1000a6a4 f i libvcruntime:undname.obj
 0001:00009899       ?getBasedType@UnDecorator@@CA?AVDName@@XZ 1000a899 f   libvcruntime:undname.obj
 0001:0000993d       ?getBasicDataType@UnDecorator@@CA?AVDName@@ABV2@@Z 1000a93d f   libvcruntime:undname.obj
 0001:00009d08       ?getCHPEName@UnDecorator@@QAEPADPADH@Z 1000ad08 f i libvcruntime:undname.obj
 0001:00009df7       ?getCallIndex@UnDecorator@@CA?AVDName@@XZ 1000adf7 f i libvcruntime:undname.obj
 0001:00009e0b       ?getCallingConvention@UnDecorator@@CA?AVDName@@XZ 1000ae0b f   libvcruntime:undname.obj
 0001:00009eea       ?getDataIndirectType@UnDecorator@@CA?AVDName@@ABV2@PBD0H@Z 1000aeea f   libvcruntime:undname.obj
 0001:0000a531       ?getDataIndirectType@UnDecorator@@CA?AVDName@@XZ 1000b531 f i libvcruntime:undname.obj
 0001:0000a565       ?getDataType@UnDecorator@@CA?AVDName@@PAV2@@Z 1000b565 f   libvcruntime:undname.obj
 0001:0000a633       ?getDecoratedName@UnDecorator@@CA?AVDName@@XZ 1000b633 f   libvcruntime:undname.obj
 0001:0000a88d       ?getDimension@UnDecorator@@CA?AVDName@@_N@Z 1000b88d f   libvcruntime:undname.obj
 0001:0000a9c7       ?getDispatchTarget@UnDecorator@@CA?AVDName@@XZ 1000b9c7 f   libvcruntime:undname.obj
 0001:0000aa1a       ?getDisplacement@UnDecorator@@CA?AVDName@@XZ 1000ba1a f i libvcruntime:undname.obj
 0001:0000aa2e       ?getECSUDataType@UnDecorator@@CA?AVDName@@XZ 1000ba2e f   libvcruntime:undname.obj
 0001:0000ab43       ?getECSUName@UnDecorator@@CA?AVDName@@XZ 1000bb43 f i libvcruntime:undname.obj
 0001:0000ab54       ?getEnumType@UnDecorator@@CA?AVDName@@XZ 1000bb54 f i libvcruntime:undname.obj
 0001:0000ac3c       ?getExtendedDataIndirectType@UnDecorator@@CA?AVDName@@AAPBDAA_NH@Z 1000bc3c f   libvcruntime:undname.obj
 0001:0000adf3       ?getExternalDataType@UnDecorator@@CA?AVDName@@ABV2@@Z 1000bdf3 f i libvcruntime:undname.obj
 0001:0000ae65       ?getFunctionIndirectType@UnDecorator@@CA?AVDName@@ABV2@@Z 1000be65 f   libvcruntime:undname.obj
 0001:0000b27d       ?getGuardNumber@UnDecorator@@CA?AVDName@@XZ 1000c27d f i libvcruntime:undname.obj
 0001:0000b291       ?getLastChar@DName@@QBEDXZ 1000c291 f i libvcruntime:undname.obj
 0001:0000b2b0       ?getLastChar@DNameStatusNode@@UBEDXZ 1000c2b0 f i libvcruntime:undname.obj
 0001:0000b2bc       ?getLastChar@charNode@@UBEDXZ 1000c2bc f i libvcruntime:undname.obj
 0001:0000b2c0       ?getLastChar@pDNameNode@@UBEDXZ 1000c2c0 f i libvcruntime:undname.obj
 0001:0000b2e6       ?getLastChar@pairNode@@UBEDXZ 1000c2e6 f i libvcruntime:undname.obj
 0001:0000b319       ?getLastChar@pcharNode@@UBEDXZ 1000c319 f i libvcruntime:undname.obj
 0001:0000b32b       ?getLexicalFrame@UnDecorator@@CA?AVDName@@XZ 1000c32b f i libvcruntime:undname.obj
 0001:0000b368       ?getMemory@_HeapManager@@QAEPAXIH@Z 1000c368 f   libvcruntime:undname.obj
 0001:0000b3ee       ?getNoexcept@UnDecorator@@CA?AVDName@@XZ 1000c3ee f   libvcruntime:undname.obj
 0001:0000b433       ?getNumberOfDimensions@UnDecorator@@CAHXZ 1000c433 f   libvcruntime:undname.obj
 0001:0000b494       ?getOperatorName@UnDecorator@@CA?AVDName@@_NPA_N@Z 1000c494 f i libvcruntime:undname.obj
 0001:0000bad4       ?getPointerType@UnDecorator@@CA?AVDName@@ABV2@0@Z 1000cad4 f i libvcruntime:undname.obj
 0001:0000baf2       ?getPointerTypeArray@UnDecorator@@CA?AVDName@@ABV2@0@Z 1000caf2 f i libvcruntime:undname.obj
 0001:0000bb10       ?getPrimaryDataType@UnDecorator@@CA?AVDName@@ABV2@@Z 1000cb10 f   libvcruntime:undname.obj
 0001:0000bd09       ?getPtrRefDataType@UnDecorator@@CA?AVDName@@ABV2@H@Z 1000cd09 f   libvcruntime:undname.obj
 0001:0000be3c       ?getPtrRefType@UnDecorator@@CA?AVDName@@ABV2@0PBD@Z 1000ce3c f   libvcruntime:undname.obj
 0001:0000bf38       ?getReferenceType@UnDecorator@@CA?AVDName@@ABV2@0PBD@Z 1000cf38 f i libvcruntime:undname.obj
 0001:0000bf54       ?getRestrictionSpec@UnDecorator@@CA?AVDName@@XZ 1000cf54 f   libvcruntime:undname.obj
 0001:0000c05f       ?getReturnType@UnDecorator@@CA?AVDName@@PAV2@@Z 1000d05f f   libvcruntime:undname.obj
 0001:0000c08e       ?getScope@UnDecorator@@CA?AVDName@@XZ 1000d08e f   libvcruntime:undname.obj
 0001:0000c440       ?getScopedName@UnDecorator@@CA?AVDName@@XZ 1000d440 f   libvcruntime:undname.obj
 0001:0000c51c       ?getSignedDimension@UnDecorator@@CA?AVDName@@XZ 1000d51c f   libvcruntime:undname.obj
 0001:0000c56f       ?getStorageConvention@UnDecorator@@CA?AVDName@@XZ 1000d56f f i libvcruntime:undname.obj
 0001:0000c580       ?getString@DName@@QBEPADPAD0@Z 1000d580 f i libvcruntime:undname.obj
 0001:0000c5ac       ?getString@DName@@QBEPADPADH@Z 1000d5ac f i libvcruntime:undname.obj
 0001:0000c60e       ?getString@DNameStatusNode@@UBEPADPAD0@Z 1000d60e f i libvcruntime:undname.obj
 0001:0000c635       ?getString@charNode@@UBEPADPAD0@Z 1000d635 f i libvcruntime:undname.obj
 0001:0000c64a       ?getString@pDNameNode@@UBEPADPAD0@Z 1000d64a f i libvcruntime:undname.obj
 0001:0000c661       ?getString@pairNode@@UBEPADPAD0@Z 1000d661 f i libvcruntime:undname.obj
 0001:0000c6a5       ?getString@pcharNode@@UBEPADPAD0@Z 1000d6a5 f i libvcruntime:undname.obj
 0001:0000c6c0       ?getStringEncoding@UnDecorator@@CA?AVDName@@PBDH@Z 1000d6c0 f   libvcruntime:undname.obj
 0001:0000c766       ?getStringHelper@@YAPADPADPBD1H@Z 1000d766 f i libvcruntime:undname.obj
 0001:0000c79d       ?getSymbolName@UnDecorator@@CA?AVDName@@XZ 1000d79d f i libvcruntime:undname.obj
 0001:0000c7e5       ?getTemplateArgumentList@UnDecorator@@CA?AVDName@@XZ 1000d7e5 f   libvcruntime:undname.obj
 0001:0000ca9b       ?getTemplateConstant@UnDecorator@@CA?AVDName@@XZ 1000da9b f   libvcruntime:undname.obj
 0001:0000cdd8       ?getTemplateName@UnDecorator@@CA?AVDName@@_N@Z 1000ddd8 f   libvcruntime:undname.obj
 0001:0000cf4e       ?getThisType@UnDecorator@@CA?AVDName@@XZ 1000df4e f i libvcruntime:undname.obj
 0001:0000cf83       ?getThrowTypes@UnDecorator@@CA?AVDName@@XZ 1000df83 f   libvcruntime:undname.obj
 0001:0000cfa6       ?getTypeEncoding@UnDecorator@@CAHXZ 1000dfa6 f i libvcruntime:undname.obj
 0001:0000d2ae       ?getUndecoratedName@UnDecorator@@QAEPADPADH@Z 1000e2ae f i libvcruntime:undname.obj
 0001:0000d386       ?getVCallThunkType@UnDecorator@@CA?AVDName@@XZ 1000e386 f i libvcruntime:undname.obj
 0001:0000d3c1       ?getVbTableType@UnDecorator@@CA?AVDName@@ABV2@@Z 1000e3c1 f i libvcruntime:undname.obj
 0001:0000d3d6       ?getVdispMapType@UnDecorator@@CA?AVDName@@ABV2@@Z 1000e3d6 f i libvcruntime:undname.obj
 0001:0000d42c       ?getVfTableType@UnDecorator@@CA?AVDName@@ABV2@@Z 1000e42c f i libvcruntime:undname.obj
 0001:0000d5aa       ?getZName@UnDecorator@@CA?AVDName@@_N0@Z 1000e5aa f   libvcruntime:undname.obj
 0001:0000d7b6       ?haveTemplateParameters@UnDecorator@@SAHXZ 1000e7b6 f i libvcruntime:undname.obj
 0001:0000d7c1       ?isArray@DName@@QBEHXZ     1000e7c1 f i libvcruntime:undname.obj
 0001:0000d7cb       ?isComArray@DName@@QBEHXZ  1000e7cb f i libvcruntime:undname.obj
 0001:0000d7d5       ?isEmpty@DName@@QBEHXZ     1000e7d5 f i libvcruntime:undname.obj
 0001:0000d7dd       ?isFull@Replicator@@QBEHXZ 1000e7dd f i libvcruntime:undname.obj
 0001:0000d7e6       ?isNoTE@DName@@QBEHXZ      1000e7e6 f i libvcruntime:undname.obj
 0001:0000d7f0       ?isPinPtr@DName@@QBEHXZ    1000e7f0 f i libvcruntime:undname.obj
 0001:0000d7fa       ?isPtrRef@DName@@QBEHXZ    1000e7fa f i libvcruntime:undname.obj
 0001:0000d804       ?isUDC@DName@@QBEHXZ       1000e804 f i libvcruntime:undname.obj
 0001:0000d815       ?isUDTThunk@DName@@QBEHXZ  1000e815 f i libvcruntime:undname.obj
 0001:0000d826       ?isVCallThunk@DName@@QBEHXZ 1000e826 f i libvcruntime:undname.obj
 0001:0000d830       ?isValid@DName@@QBEHXZ     1000e830 f i libvcruntime:undname.obj
 0001:0000d83a       ?length@DName@@QBEHXZ      1000e83a f i libvcruntime:undname.obj
 0001:0000d858       ?length@DNameStatusNode@@UBEHXZ 1000e858 f i libvcruntime:undname.obj
 0001:0000d85c       ?length@charNode@@UBEHXZ   1000e85c f i libvcruntime:undname.obj
 0001:0000d860       ?length@pDNameNode@@UBEHXZ 1000e860 f i libvcruntime:undname.obj
 0001:0000d885       ?length@pairNode@@UBEHXZ   1000e885 f i libvcruntime:undname.obj
 0001:0000d8cb       ?length@pcharNode@@UBEHXZ  1000e8cb f i libvcruntime:undname.obj
 0001:0000d8cf       ?make@DNameStatusNode@@SAPBV1@W4DNameStatus@@@Z 1000e8cf f i libvcruntime:undname.obj
 0001:0000d8eb       ?parseDecoratedName@UnDecorator@@CA?AVDName@@XZ 1000e8eb f   libvcruntime:undname.obj
 0001:0000d9d4       ?setIsArray@DName@@QAEXXZ  1000e9d4 f i libvcruntime:undname.obj
 0001:0000d9dc       ?setIsComArray@DName@@QAEXXZ 1000e9dc f i libvcruntime:undname.obj
 0001:0000d9e4       ?setIsNoTE@DName@@QAEXXZ   1000e9e4 f i libvcruntime:undname.obj
 0001:0000d9ec       ?setIsPinPtr@DName@@QAEXXZ 1000e9ec f i libvcruntime:undname.obj
 0001:0000d9f4       ?setIsUDC@DName@@QAEXXZ    1000e9f4 f i libvcruntime:undname.obj
 0001:0000da01       ?setIsVCallThunk@DName@@QAEXXZ 1000ea01 f i libvcruntime:undname.obj
 0001:0000da09       ?setPtrRef@DName@@QAEAAV1@XZ 1000ea09 f i libvcruntime:undname.obj
 0001:0000da13       ?status@DName@@QBE?AW4DNameStatus@@XZ 1000ea13 f i libvcruntime:undname.obj
 0001:0000da7f       ___unDName                 1000ea7f f   libvcruntime:undname.obj
 0001:0000daa2       ___unDNameEx               1000eaa2 f   libvcruntime:undname.obj
 0001:0000db37       __vsprintf_s_l             1000eb37 f i libvcruntime:undname.obj
 0001:0000db64       _sprintf_s                 1000eb64 f i libvcruntime:undname.obj
 0001:0000db80       _unDNameGenerateCHPE       1000eb80 f   libvcruntime:undname.obj
 0001:0000dbdc       ___vcrt_initialize_locks   1000ebdc f   libvcruntime:locks.obj
 0001:0000dc18       ___vcrt_lock               1000ec18 f   libvcruntime:locks.obj
 0001:0000dc2d       ___vcrt_uninitialize_locks 1000ec2d f   libvcruntime:locks.obj
 0001:0000dc5c       ___vcrt_unlock             1000ec5c f   libvcruntime:locks.obj
 0001:0000dc71       ??$?BX@__crt_fast_encoded_nullptr_t@@QBEPAXXZ 1000ec71 f i libvcruntime:winapi_downlevel.obj
 0001:0000dc89       ??$__crt_fast_decode_pointer@PAX@@YAPAXQAX@Z 1000ec89 f i libvcruntime:winapi_downlevel.obj
 0001:0000dc9d       ??$__crt_fast_encode_pointer@PAX@@YAPAXQAX@Z 1000ec9d f i libvcruntime:winapi_downlevel.obj
 0001:0000dcba       ??$__crt_interlocked_exchange_pointer@UHINSTANCE__@@PAU1@@@YAPAUHINSTANCE__@@PDSAU0@QAU0@@Z 1000ecba f i libvcruntime:winapi_downlevel.obj
 0001:0000dcc7       ??$__crt_interlocked_exchange_pointer@UHINSTANCE__@@PAX@@YAPAUHINSTANCE__@@PDSAU0@QAX@Z 1000ecc7 f i libvcruntime:winapi_downlevel.obj
 0001:0000dcd4       ??$__crt_interlocked_exchange_pointer@XPAX@@YAPAXPDSAXQAX@Z 1000ecd4 f i libvcruntime:winapi_downlevel.obj
 0001:0000dce1       ??$__crt_interlocked_read_pointer@UHINSTANCE__@@@@YAPAUHINSTANCE__@@PDSAU0@@Z 1000ece1 f i libvcruntime:winapi_downlevel.obj
 0001:0000dceb       ??$__crt_interlocked_read_pointer@X@@YAPAXPDSAX@Z 1000eceb f i libvcruntime:winapi_downlevel.obj
 0001:0000dcf5       ?__crt_fast_encode_pointer@@YA?AU__crt_fast_encoded_nullptr_t@@$$T@Z 1000ecf5 f i libvcruntime:winapi_downlevel.obj
 0001:0000dfa5       ___vcrt_FlsAlloc           1000efa5 f   libvcruntime:winapi_downlevel.obj
 0001:0000dfdf       ___vcrt_FlsFree            1000efdf f   libvcruntime:winapi_downlevel.obj
 0001:0000e019       ___vcrt_FlsGetValue        1000f019 f   libvcruntime:winapi_downlevel.obj
 0001:0000e053       ___vcrt_FlsSetValue        1000f053 f   libvcruntime:winapi_downlevel.obj
 0001:0000e090       ___vcrt_InitializeCriticalSectionEx 1000f090 f   libvcruntime:winapi_downlevel.obj
 0001:0000e0d6       ___vcrt_initialize_winapi_thunks 1000f0d6 f   libvcruntime:winapi_downlevel.obj
 0001:0000e110       ___vcrt_uninitialize_winapi_thunks 1000f110 f   libvcruntime:winapi_downlevel.obj
 0001:0000e142       ??$?B$$A6AXXZ@__crt_fast_encoded_nullptr_t@@QBEP6AXXZXZ 1000f142 f i libvcruntime:purevirt_data.obj
 0001:0000e15a       ??$__crt_fast_encode_pointer@P6AXXZ@@YAP6AXXZQ6AXXZ@Z 1000f15a f i libvcruntime:purevirt_data.obj
 0001:0000e177       ___vcrt_initialize_pure_virtual_call_handler 1000f177 f   libvcruntime:purevirt_data.obj
 0001:0000e1a0       __global_unwind2           1000f1a0 f   libvcruntime:_exsup_.obj
 0001:0000e206       __local_unwind2            1000f206 f   libvcruntime:_exsup_.obj
 0001:0000e28a       __abnormal_termination     1000f28a f   libvcruntime:_exsup_.obj
 0001:0000e2b0       __NLG_Notify1              1000f2b0 f   libvcruntime:_exsup_.obj
 0001:0000e2bc       __NLG_Notify               1000f2bc f   libvcruntime:_exsup_.obj
 0001:0000e2d3       __NLG_Dispatch             1000f2d3     libvcruntime:_exsup_.obj
 0001:0000e2d3       __NLG_Dispatch2            1000f2d3     libvcruntime:_exsup_.obj
 0001:0000e2db       __NLG_Call                 1000f2db f   libvcruntime:_exsup_.obj
 0001:0000e2dd       __NLG_Return2              1000f2dd     libvcruntime:_exsup_.obj
 0001:0000e2f2       __get_unexpected           1000f2f2 f   libvcruntime:unexpected.obj
 0001:0000e304       _set_unexpected            1000f304 f   libvcruntime:unexpected.obj
 0001:0000e322       _unexpected                1000f322 f   libvcruntime:unexpected.obj
 0001:0000e340       _memmove                   1000f340 f   libvcruntime:memmove.obj
 0001:0000e8b4       ___DestructExceptionObject 1000f8b4 f   libvcruntime:ehhelpers.obj
 0001:0000e949       ?_CallMemberFunction0@@YGXQAX0@Z 1000f949 f i libvcruntime:ehhelpers.obj
 0001:0000e956       ?raw_name@type_info@@QBEPBDXZ 1000f956 f i libvcruntime:ehhelpers.obj
 0001:0000e95a       __IsExceptionObjectToBeDestroyed 1000f95a f   libvcruntime:ehhelpers.obj
 0001:0000e980       __SetWinRTOutOfMemoryExceptionCallback 1000f980 f   libvcruntime:ehhelpers.obj
 0001:0000e98d       ___AdjustPointer           1000f98d f   libvcruntime:ehhelpers.obj
 0001:0000e9b2       ___FrameUnwindFilter       1000f9b2 f   libvcruntime:ehhelpers.obj
 0001:0000e9f7       ___GetPlatformExceptionInfo 1000f9f7 f   libvcruntime:ehhelpers.obj
 0001:0000ea45       ___current_exception       1000fa45 f   libvcruntime:ehhelpers.obj
 0001:0000ea4e       ___current_exception_context 1000fa4e f   libvcruntime:ehhelpers.obj
 0001:0000ea57       ___processing_throw        1000fa57 f   libvcruntime:ehhelpers.obj
 0001:0000ea60       ___std_terminate           1000fa60 f   libvcruntime:ehhelpers.obj
 0001:0000ea65       ___uncaught_exception      1000fa65 f   libvcruntime:ehhelpers.obj
 0001:0000ea7b       ___uncaught_exceptions     1000fa7b f   libvcruntime:ehhelpers.obj
 0001:0000ea8b       __is_exception_typeof      1000fa8b f   libvcruntime:ehhelpers.obj
 0001:0000eb2f       ??$__crt_fast_decode_pointer@P6AXXZ@@YAP6AXXZQ6AXXZ@Z 1000fb2f f i libvcruntime:purevirt.obj
 0001:0000eb43       ??$__crt_interlocked_exchange_pointer@$$A6AXXZP6AXXZ@@YAP6AXXZPDS6AXXZQ6AXXZ@Z 1000fb43 f i libvcruntime:purevirt.obj
 0001:0000eb50       ??$__crt_interlocked_read_pointer@$$A6AXXZ@@YAP6AXXZPDS6AXXZ@Z 1000fb50 f i libvcruntime:purevirt.obj
 0001:0000eb5a       __get_purecall_handler     1000fb5a f   libvcruntime:purevirt.obj
 0001:0000eb6f       __purecall                 1000fb6f f   libvcruntime:purevirt.obj
 0001:0000eb97       __set_purecall_handler     1000fb97 f   libvcruntime:purevirt.obj
 0001:0000ebd0       _memcpy                    1000fbd0 f   libvcruntime:memcpy.obj
 0001:0000f144       ??$__crt_fast_decode_pointer@P6AXPB_W00II@Z@@YAP6AXPB_W00II@ZQ6AX000II@Z@Z 10010144 f i libucrt:invalid_parameter.obj
 0001:0000f15a       ??$__crt_fast_encode_pointer@P6AXPB_W00II@Z@@YAP6AXPB_W00II@ZQ6AX000II@Z@Z 1001015a f i libucrt:invalid_parameter.obj
 0001:0000f179       ??$initialize_from_array@$$BY00Q6AXPB_W00II@Z@?$dual_state_global@P6AXPB_W00II@Z@__crt_state_management@@QAAXAAY00Q6AXPB_W00II@Z@Z 10010179 f i libucrt:invalid_parameter.obj
 0001:0000f18a       ?dangerous_get_state_array@?$dual_state_global@P6AXPB_W00II@Z@__crt_state_management@@QAEPAP6AXPB_W00II@ZXZ 1001018a f i libucrt:invalid_parameter.obj
 0001:0000f18d       ?get_current_state_index@__crt_state_management@@YAIXZ 1001018d f i libucrt:invalid_parameter.obj
 0001:0000f190       ?value@?$dual_state_global@P6AXPB_W00II@Z@__crt_state_management@@QAEAAP6AXPB_W00II@ZXZ 10010190 f i libucrt:invalid_parameter.obj
 0001:0000f193       ___acrt_call_reportfault   10010193 f   libucrt:invalid_parameter.obj
 0001:0000f2ce       ___acrt_initialize_invalid_parameter_handler 100102ce f   libucrt:invalid_parameter.obj
 0001:0000f2dd       __get_invalid_parameter_handler 100102dd f   libucrt:invalid_parameter.obj
 0001:0000f2f0       __get_thread_local_invalid_parameter_handler 100102f0 f   libucrt:invalid_parameter.obj
 0001:0000f301       __invalid_parameter        10010301 f   libucrt:invalid_parameter.obj
 0001:0000f37c       __invalid_parameter_noinfo 1001037c f   libucrt:invalid_parameter.obj
 0001:0000f38c       __invalid_parameter_noinfo_noreturn 1001038c f   libucrt:invalid_parameter.obj
 0001:0000f3a9       __invoke_watson            100103a9 f   libucrt:invalid_parameter.obj
 0001:0000f3dd       __set_invalid_parameter_handler 100103dd f   libucrt:invalid_parameter.obj
 0001:0000f40d       __set_thread_local_invalid_parameter_handler 1001040d f   libucrt:invalid_parameter.obj
 0001:0000f430       __CIsqrt                   10010430 f   libucrt:sqrt_impl.obj
 0001:0000f444       __sqrt_common              10010444     libucrt:sqrt_impl.obj
 0001:0000f4f0       __CIasin                   100104f0 f   libucrt:asin_impl.obj
 0001:0000f52b       __CIasin_default           1001052b f   libucrt:asin_impl.obj
 0001:0000f53f       __asin_default             1001053f     libucrt:asin_impl.obj
 0001:0000f600       __CIacos                   10010600 f   libucrt:acos_impl.obj
 0001:0000f63b       __CIacos_default           1001063b f   libucrt:acos_impl.obj
 0001:0000f64f       __acos_default             1001064f     libucrt:acos_impl.obj
 0001:0000f710       __CIatan2                  10010710 f   libucrt:87ctriga.obj
 0001:0000f720       __CIsin                    10010720 f   libucrt:sin_impl.obj
 0001:0000f75b       __CIsin_default            1001075b f   libucrt:sin_impl.obj
 0001:0000f76f       __sin_default              1001076f     libucrt:sin_impl.obj
 0001:0000f810       __CIcos                    10010810 f   libucrt:cos_impl.obj
 0001:0000f84b       __CIcos_default            1001084b f   libucrt:cos_impl.obj
 0001:0000f85f       __cos_default              1001085f     libucrt:cos_impl.obj
 0001:0000f900       __CItan                    10010900 f   libucrt:tan_impl.obj
 0001:0000f93b       __CItan_default            1001093b f   libucrt:tan_impl.obj
 0001:0000f94f       __tan_default              1001094f     libucrt:tan_impl.obj
 0001:0000f9e6       ??$?RPAU__crt_stdio_stream_data@@@__crt_internal_free_policy@@QBEXQBQAU__crt_stdio_stream_data@@@Z 100109e6 f i libucrt:_file.obj
 0001:0000f9f8       ??0?$__crt_unique_heap_ptr@PAU__crt_stdio_stream_data@@U__crt_internal_free_policy@@@@QAE@QAPAU__crt_stdio_stream_data@@@Z 100109f8 f i libucrt:_file.obj
 0001:0000fa08       ??0__crt_stdio_stream@@QAE@QAU_iobuf@@@Z 10010a08 f i libucrt:_file.obj
 0001:0000fa18       ??1?$__crt_unique_heap_ptr@PAU__crt_stdio_stream_data@@U__crt_internal_free_policy@@@@QAE@XZ 10010a18 f i libucrt:_file.obj
 0001:0000fa2a       ??C__crt_stdio_stream@@QBEPAU__crt_stdio_stream_data@@XZ 10010a2a f i libucrt:_file.obj
 0001:0000fa2d       ?detach@?$__crt_unique_heap_ptr@PAU__crt_stdio_stream_data@@U__crt_internal_free_policy@@@@QAEPAPAU__crt_stdio_stream_data@@XZ 10010a2d f i libucrt:_file.obj
 0001:0000fa33       ?release@?$__crt_unique_heap_ptr@PAU__crt_stdio_stream_data@@U__crt_internal_free_policy@@@@QAEXXZ 10010a33 f i libucrt:_file.obj
 0001:0000fa45       ___acrt_initialize_stdio   10010a45 f   libucrt:_file.obj
 0001:0000fb0d       ___acrt_iob_func           10010b0d f   libucrt:_file.obj
 0001:0000fb1d       ___acrt_uninitialize_stdio 10010b1d f   libucrt:_file.obj
 0001:0000fb69       __get_stream_buffer_pointers 10010b69 f   libucrt:_file.obj
 0001:0000fbaf       __lock_file                10010baf f   libucrt:_file.obj
 0001:0000fbc3       __unlock_file              10010bc3 f   libucrt:_file.obj
 0001:0000fbd7       ??$?0ABV?$stream_output_adapter@D@__crt_stdio_output@@AB_KABQBDABQAU__crt_locale_pointers@@ABQAD@?$format_validation_base@DV?$stream_output_adapter@D@__crt_stdio_output@@@__crt_stdio_output@@IAE@ABV?$stream_output_adapter@D@1@AB_KABQBDABQAU__crt_locale_pointers@@ABQAD@Z 10010bd7 f i libucrt:output.obj
 0001:0000fbfa       ??$?0ABV?$stream_output_adapter@D@__crt_stdio_output@@AB_KABQBDABQAU__crt_locale_pointers@@ABQAD@?$positional_parameter_base@DV?$stream_output_adapter@D@__crt_stdio_output@@@__crt_stdio_output@@IAE@ABV?$stream_output_adapter@D@1@AB_KABQBDABQAU__crt_locale_pointers@@ABQAD@Z 10010bfa f i libucrt:output.obj
 0001:0000fc42       ??$?0ABV?$stream_output_adapter@D@__crt_stdio_output@@AB_KABQBDABQAU__crt_locale_pointers@@ABQAD@?$standard_base@DV?$stream_output_adapter@D@__crt_stdio_output@@@__crt_stdio_output@@IAE@ABV?$stream_output_adapter@D@1@AB_KABQBDABQAU__crt_locale_pointers@@ABQAD@Z 10010c42 f i libucrt:output.obj
 0001:0000fc77       ??$?0ABV?$stream_output_adapter@_W@__crt_stdio_output@@AB_KABQB_WABQAU__crt_locale_pointers@@ABQAD@?$format_validation_base@_WV?$stream_output_adapter@_W@__crt_stdio_output@@@__crt_stdio_output@@IAE@ABV?$stream_output_adapter@_W@1@AB_KABQB_WABQAU__crt_locale_pointers@@ABQAD@Z 10010c77 f i libucrt:output.obj
 0001:0000fc9a       ??$?0ABV?$stream_output_adapter@_W@__crt_stdio_output@@AB_KABQB_WABQAU__crt_locale_pointers@@ABQAD@?$positional_parameter_base@_WV?$stream_output_adapter@_W@__crt_stdio_output@@@__crt_stdio_output@@IAE@ABV?$stream_output_adapter@_W@1@AB_KABQB_WABQAU__crt_locale_pointers@@ABQAD@Z 10010c9a f i libucrt:output.obj
 0001:0000fce2       ??$?0ABV?$stream_output_adapter@_W@__crt_stdio_output@@AB_KABQB_WABQAU__crt_locale_pointers@@ABQAD@?$standard_base@_WV?$stream_output_adapter@_W@__crt_stdio_output@@@__crt_stdio_output@@IAE@ABV?$stream_output_adapter@_W@1@AB_KABQB_WABQAU__crt_locale_pointers@@ABQAD@Z 10010ce2 f i libucrt:output.obj
 0001:0000fd17       ??$?0ABV?$string_output_adapter@D@__crt_stdio_output@@AB_KABQBDABQAU__crt_locale_pointers@@ABQAD@?$format_validation_base@DV?$string_output_adapter@D@__crt_stdio_output@@@__crt_stdio_output@@IAE@ABV?$string_output_adapter@D@1@AB_KABQBDABQAU__crt_locale_pointers@@ABQAD@Z 10010d17 f i libucrt:output.obj
 0001:0000fd3a       ??$?0ABV?$string_output_adapter@D@__crt_stdio_output@@AB_KABQBDABQAU__crt_locale_pointers@@ABQAD@?$positional_parameter_base@DV?$string_output_adapter@D@__crt_stdio_output@@@__crt_stdio_output@@IAE@ABV?$string_output_adapter@D@1@AB_KABQBDABQAU__crt_locale_pointers@@ABQAD@Z 10010d3a f i libucrt:output.obj
 0001:0000fd82       ??$?0ABV?$string_output_adapter@D@__crt_stdio_output@@AB_KABQBDABQAU__crt_locale_pointers@@ABQAD@?$standard_base@DV?$string_output_adapter@D@__crt_stdio_output@@@__crt_stdio_output@@IAE@ABV?$string_output_adapter@D@1@AB_KABQBDABQAU__crt_locale_pointers@@ABQAD@Z 10010d82 f i libucrt:output.obj
 0001:0000fdb7       ??$?0ABV?$string_output_adapter@_W@__crt_stdio_output@@AB_KABQB_WABQAU__crt_locale_pointers@@ABQAD@?$format_validation_base@_WV?$string_output_adapter@_W@__crt_stdio_output@@@__crt_stdio_output@@IAE@ABV?$string_output_adapter@_W@1@AB_KABQB_WABQAU__crt_locale_pointers@@ABQAD@Z 10010db7 f i libucrt:output.obj
 0001:0000fdda       ??$?0ABV?$string_output_adapter@_W@__crt_stdio_output@@AB_KABQB_WABQAU__crt_locale_pointers@@ABQAD@?$positional_parameter_base@_WV?$string_output_adapter@_W@__crt_stdio_output@@@__crt_stdio_output@@IAE@ABV?$string_output_adapter@_W@1@AB_KABQB_WABQAU__crt_locale_pointers@@ABQAD@Z 10010dda f i libucrt:output.obj
 0001:0000fe22       ??$?0ABV?$string_output_adapter@_W@__crt_stdio_output@@AB_KABQB_WABQAU__crt_locale_pointers@@ABQAD@?$standard_base@_WV?$string_output_adapter@_W@__crt_stdio_output@@@__crt_stdio_output@@IAE@ABV?$string_output_adapter@_W@1@AB_KABQB_WABQAU__crt_locale_pointers@@ABQAD@Z 10010e22 f i libucrt:output.obj
 0001:0001012d       ??$__crt_interlocked_read@J@@YAJPDJ@Z 1001112d f i libucrt:output.obj
 0001:0001101a       ??$count@D@formatting_buffer@__crt_stdio_output@@QBEIXZ 1001201a f i libucrt:output.obj
 0001:00011032       ??$count@_W@formatting_buffer@__crt_stdio_output@@QBEIXZ 10012032 f i libucrt:output.obj
 0001:0001104b       ??$data@D@formatting_buffer@__crt_stdio_output@@QAEPADXZ 1001204b f i libucrt:output.obj
 0001:00011058       ??$data@_W@formatting_buffer@__crt_stdio_output@@QAEPA_WXZ 10012058 f i libucrt:output.obj
 0001:00011065       ??$ensure_buffer_is_big_enough@D@formatting_buffer@__crt_stdio_output@@QAE_NI@Z 10012065 f i libucrt:output.obj
 0001:000110e4       ??$ensure_buffer_is_big_enough@_W@formatting_buffer@__crt_stdio_output@@QAE_NI@Z 100120e4 f i libucrt:output.obj
 0001:00011164       ??$extract_argument_from_va_list@C_J@?$positional_parameter_base@DV?$stream_output_adapter@D@__crt_stdio_output@@@__crt_stdio_output@@IAE_NAA_J@Z 10012164 f i libucrt:output.obj
 0001:000111df       ??$extract_argument_from_va_list@C_J@?$positional_parameter_base@DV?$string_output_adapter@D@__crt_stdio_output@@@__crt_stdio_output@@IAE_NAA_J@Z 100121df f i libucrt:output.obj
 0001:0001125a       ??$extract_argument_from_va_list@C_J@?$positional_parameter_base@_WV?$stream_output_adapter@_W@__crt_stdio_output@@@__crt_stdio_output@@IAE_NAA_J@Z 1001225a f i libucrt:output.obj
 0001:000112d5       ??$extract_argument_from_va_list@C_J@?$positional_parameter_base@_WV?$string_output_adapter@_W@__crt_stdio_output@@@__crt_stdio_output@@IAE_NAA_J@Z 100122d5 f i libucrt:output.obj
 0001:00011350       ??$extract_argument_from_va_list@C_J@?$standard_base@DV?$stream_output_adapter@D@__crt_stdio_output@@@__crt_stdio_output@@IAE_NAA_J@Z 10012350 f i libucrt:output.obj
 0001:0001136f       ??$extract_argument_from_va_list@C_J@?$standard_base@DV?$string_output_adapter@D@__crt_stdio_output@@@__crt_stdio_output@@IAE_NAA_J@Z 1001236f f i libucrt:output.obj
 0001:0001138e       ??$extract_argument_from_va_list@C_J@?$standard_base@_WV?$stream_output_adapter@_W@__crt_stdio_output@@@__crt_stdio_output@@IAE_NAA_J@Z 1001238e f i libucrt:output.obj
 0001:000113ad       ??$extract_argument_from_va_list@C_J@?$standard_base@_WV?$string_output_adapter@_W@__crt_stdio_output@@@__crt_stdio_output@@IAE_NAA_J@Z 100123ad f i libucrt:output.obj
 0001:000113cc       ??$extract_argument_from_va_list@E_J@?$positional_parameter_base@DV?$stream_output_adapter@D@__crt_stdio_output@@@__crt_stdio_output@@IAE_NAA_J@Z 100123cc f i libucrt:output.obj
 0001:00011447       ??$extract_argument_from_va_list@E_J@?$positional_parameter_base@DV?$string_output_adapter@D@__crt_stdio_output@@@__crt_stdio_output@@IAE_NAA_J@Z 10012447 f i libucrt:output.obj
 0001:000114c2       ??$extract_argument_from_va_list@E_J@?$positional_parameter_base@_WV?$stream_output_adapter@_W@__crt_stdio_output@@@__crt_stdio_output@@IAE_NAA_J@Z 100124c2 f i libucrt:output.obj
 0001:0001153d       ??$extract_argument_from_va_list@E_J@?$positional_parameter_base@_WV?$string_output_adapter@_W@__crt_stdio_output@@@__crt_stdio_output@@IAE_NAA_J@Z 1001253d f i libucrt:output.obj
 0001:000115b8       ??$extract_argument_from_va_list@E_J@?$standard_base@DV?$stream_output_adapter@D@__crt_stdio_output@@@__crt_stdio_output@@IAE_NAA_J@Z 100125b8 f i libucrt:output.obj
 0001:000115d7       ??$extract_argument_from_va_list@E_J@?$standard_base@DV?$string_output_adapter@D@__crt_stdio_output@@@__crt_stdio_output@@IAE_NAA_J@Z 100125d7 f i libucrt:output.obj
 0001:000115f6       ??$extract_argument_from_va_list@E_J@?$standard_base@_WV?$stream_output_adapter@_W@__crt_stdio_output@@@__crt_stdio_output@@IAE_NAA_J@Z 100125f6 f i libucrt:output.obj
 0001:00011615       ??$extract_argument_from_va_list@E_J@?$standard_base@_WV?$string_output_adapter@_W@__crt_stdio_output@@@__crt_stdio_output@@IAE_NAA_J@Z 10012615 f i libucrt:output.obj
 0001:00011634       ??$extract_argument_from_va_list@F_J@?$positional_parameter_base@DV?$stream_output_adapter@D@__crt_stdio_output@@@__crt_stdio_output@@IAE_NAA_J@Z 10012634 f i libucrt:output.obj
 0001:000116af       ??$extract_argument_from_va_list@F_J@?$positional_parameter_base@DV?$string_output_adapter@D@__crt_stdio_output@@@__crt_stdio_output@@IAE_NAA_J@Z 100126af f i libucrt:output.obj
 0001:0001172a       ??$extract_argument_from_va_list@F_J@?$positional_parameter_base@_WV?$stream_output_adapter@_W@__crt_stdio_output@@@__crt_stdio_output@@IAE_NAA_J@Z 1001272a f i libucrt:output.obj
 0001:000117a5       ??$extract_argument_from_va_list@F_J@?$positional_parameter_base@_WV?$string_output_adapter@_W@__crt_stdio_output@@@__crt_stdio_output@@IAE_NAA_J@Z 100127a5 f i libucrt:output.obj
 0001:00011820       ??$extract_argument_from_va_list@F_J@?$standard_base@DV?$stream_output_adapter@D@__crt_stdio_output@@@__crt_stdio_output@@IAE_NAA_J@Z 10012820 f i libucrt:output.obj
 0001:0001183f       ??$extract_argument_from_va_list@F_J@?$standard_base@DV?$string_output_adapter@D@__crt_stdio_output@@@__crt_stdio_output@@IAE_NAA_J@Z 1001283f f i libucrt:output.obj
 0001:0001185e       ??$extract_argument_from_va_list@F_J@?$standard_base@_WV?$stream_output_adapter@_W@__crt_stdio_output@@@__crt_stdio_output@@IAE_NAA_J@Z 1001285e f i libucrt:output.obj
 0001:0001187d       ??$extract_argument_from_va_list@F_J@?$standard_base@_WV?$string_output_adapter@_W@__crt_stdio_output@@@__crt_stdio_output@@IAE_NAA_J@Z 1001287d f i libucrt:output.obj
 0001:0001189c       ??$extract_argument_from_va_list@GD@?$positional_parameter_base@DV?$stream_output_adapter@D@__crt_stdio_output@@@__crt_stdio_output@@IAE_NAAD@Z 1001289c f i libucrt:output.obj
 0001:00011916       ??$extract_argument_from_va_list@GD@?$positional_parameter_base@DV?$string_output_adapter@D@__crt_stdio_output@@@__crt_stdio_output@@IAE_NAAD@Z 10012916 f i libucrt:output.obj
 0001:00011990       ??$extract_argument_from_va_list@GD@?$standard_base@DV?$stream_output_adapter@D@__crt_stdio_output@@@__crt_stdio_output@@IAE_NAAD@Z 10012990 f i libucrt:output.obj
 0001:000119aa       ??$extract_argument_from_va_list@GD@?$standard_base@DV?$string_output_adapter@D@__crt_stdio_output@@@__crt_stdio_output@@IAE_NAAD@Z 100129aa f i libucrt:output.obj
 0001:000119c4       ??$extract_argument_from_va_list@G_J@?$positional_parameter_base@DV?$stream_output_adapter@D@__crt_stdio_output@@@__crt_stdio_output@@IAE_NAA_J@Z 100129c4 f i libucrt:output.obj
 0001:00011a3f       ??$extract_argument_from_va_list@G_J@?$positional_parameter_base@DV?$string_output_adapter@D@__crt_stdio_output@@@__crt_stdio_output@@IAE_NAA_J@Z 10012a3f f i libucrt:output.obj
 0001:00011aba       ??$extract_argument_from_va_list@G_J@?$positional_parameter_base@_WV?$stream_output_adapter@_W@__crt_stdio_output@@@__crt_stdio_output@@IAE_NAA_J@Z 10012aba f i libucrt:output.obj
 0001:00011b35       ??$extract_argument_from_va_list@G_J@?$positional_parameter_base@_WV?$string_output_adapter@_W@__crt_stdio_output@@@__crt_stdio_output@@IAE_NAA_J@Z 10012b35 f i libucrt:output.obj
 0001:00011bb0       ??$extract_argument_from_va_list@G_J@?$standard_base@DV?$stream_output_adapter@D@__crt_stdio_output@@@__crt_stdio_output@@IAE_NAA_J@Z 10012bb0 f i libucrt:output.obj
 0001:00011bcf       ??$extract_argument_from_va_list@G_J@?$standard_base@DV?$string_output_adapter@D@__crt_stdio_output@@@__crt_stdio_output@@IAE_NAA_J@Z 10012bcf f i libucrt:output.obj
 0001:00011bee       ??$extract_argument_from_va_list@G_J@?$standard_base@_WV?$stream_output_adapter@_W@__crt_stdio_output@@@__crt_stdio_output@@IAE_NAA_J@Z 10012bee f i libucrt:output.obj
 0001:00011c0d       ??$extract_argument_from_va_list@G_J@?$standard_base@_WV?$string_output_adapter@_W@__crt_stdio_output@@@__crt_stdio_output@@IAE_NAA_J@Z 10012c0d f i libucrt:output.obj
 0001:00011c2c       ??$extract_argument_from_va_list@H_J@?$positional_parameter_base@DV?$stream_output_adapter@D@__crt_stdio_output@@@__crt_stdio_output@@IAE_NAA_J@Z 10012c2c f i libucrt:output.obj
 0001:00011ca5       ??$extract_argument_from_va_list@H_J@?$positional_parameter_base@DV?$string_output_adapter@D@__crt_stdio_output@@@__crt_stdio_output@@IAE_NAA_J@Z 10012ca5 f i libucrt:output.obj
 0001:00011d1e       ??$extract_argument_from_va_list@H_J@?$positional_parameter_base@_WV?$stream_output_adapter@_W@__crt_stdio_output@@@__crt_stdio_output@@IAE_NAA_J@Z 10012d1e f i libucrt:output.obj
 0001:00011d97       ??$extract_argument_from_va_list@H_J@?$positional_parameter_base@_WV?$string_output_adapter@_W@__crt_stdio_output@@@__crt_stdio_output@@IAE_NAA_J@Z 10012d97 f i libucrt:output.obj
 0001:00011e10       ??$extract_argument_from_va_list@H_J@?$standard_base@DV?$stream_output_adapter@D@__crt_stdio_output@@@__crt_stdio_output@@IAE_NAA_J@Z 10012e10 f i libucrt:output.obj
 0001:00011e2e       ??$extract_argument_from_va_list@H_J@?$standard_base@DV?$string_output_adapter@D@__crt_stdio_output@@@__crt_stdio_output@@IAE_NAA_J@Z 10012e2e f i libucrt:output.obj
 0001:00011e4c       ??$extract_argument_from_va_list@H_J@?$standard_base@_WV?$stream_output_adapter@_W@__crt_stdio_output@@@__crt_stdio_output@@IAE_NAA_J@Z 10012e4c f i libucrt:output.obj
 0001:00011e6a       ??$extract_argument_from_va_list@H_J@?$standard_base@_WV?$string_output_adapter@_W@__crt_stdio_output@@@__crt_stdio_output@@IAE_NAA_J@Z 10012e6a f i libucrt:output.obj
 0001:00011e88       ??$extract_argument_from_va_list@I_J@?$positional_parameter_base@DV?$stream_output_adapter@D@__crt_stdio_output@@@__crt_stdio_output@@IAE_NAA_J@Z 10012e88 f i libucrt:output.obj
 0001:00011f0a       ??$extract_argument_from_va_list@I_J@?$positional_parameter_base@DV?$string_output_adapter@D@__crt_stdio_output@@@__crt_stdio_output@@IAE_NAA_J@Z 10012f0a f i libucrt:output.obj
 0001:00011f8c       ??$extract_argument_from_va_list@I_J@?$positional_parameter_base@_WV?$stream_output_adapter@_W@__crt_stdio_output@@@__crt_stdio_output@@IAE_NAA_J@Z 10012f8c f i libucrt:output.obj
 0001:0001200e       ??$extract_argument_from_va_list@I_J@?$positional_parameter_base@_WV?$string_output_adapter@_W@__crt_stdio_output@@@__crt_stdio_output@@IAE_NAA_J@Z 1001300e f i libucrt:output.obj
 0001:00012090       ??$extract_argument_from_va_list@I_J@?$standard_base@DV?$stream_output_adapter@D@__crt_stdio_output@@@__crt_stdio_output@@IAE_NAA_J@Z 10013090 f i libucrt:output.obj
 0001:000120ae       ??$extract_argument_from_va_list@I_J@?$standard_base@DV?$string_output_adapter@D@__crt_stdio_output@@@__crt_stdio_output@@IAE_NAA_J@Z 100130ae f i libucrt:output.obj
 0001:000120cc       ??$extract_argument_from_va_list@I_J@?$standard_base@_WV?$stream_output_adapter@_W@__crt_stdio_output@@@__crt_stdio_output@@IAE_NAA_J@Z 100130cc f i libucrt:output.obj
 0001:000120ea       ??$extract_argument_from_va_list@I_J@?$standard_base@_WV?$string_output_adapter@_W@__crt_stdio_output@@@__crt_stdio_output@@IAE_NAA_J@Z 100130ea f i libucrt:output.obj
 0001:00012108       ??$extract_argument_from_va_list@PADPAD@?$positional_parameter_base@DV?$stream_output_adapter@D@__crt_stdio_output@@@__crt_stdio_output@@IAE_NAAPAD@Z 10013108 f i libucrt:output.obj
 0001:00012182       ??$extract_argument_from_va_list@PADPAD@?$positional_parameter_base@DV?$string_output_adapter@D@__crt_stdio_output@@@__crt_stdio_output@@IAE_NAAPAD@Z 10013182 f i libucrt:output.obj
 0001:000121fc       ??$extract_argument_from_va_list@PADPAD@?$positional_parameter_base@_WV?$stream_output_adapter@_W@__crt_stdio_output@@@__crt_stdio_output@@IAE_NAAPAD@Z 100131fc f i libucrt:output.obj
 0001:00012276       ??$extract_argument_from_va_list@PADPAD@?$positional_parameter_base@_WV?$string_output_adapter@_W@__crt_stdio_output@@@__crt_stdio_output@@IAE_NAAPAD@Z 10013276 f i libucrt:output.obj
 0001:000122f0       ??$extract_argument_from_va_list@PADPAD@?$standard_base@DV?$stream_output_adapter@D@__crt_stdio_output@@@__crt_stdio_output@@IAE_NAAPAD@Z 100132f0 f i libucrt:output.obj
 0001:0001230a       ??$extract_argument_from_va_list@PADPAD@?$standard_base@DV?$string_output_adapter@D@__crt_stdio_output@@@__crt_stdio_output@@IAE_NAAPAD@Z 1001330a f i libucrt:output.obj
 0001:00012324       ??$extract_argument_from_va_list@PADPAD@?$standard_base@_WV?$stream_output_adapter@_W@__crt_stdio_output@@@__crt_stdio_output@@IAE_NAAPAD@Z 10013324 f i libucrt:output.obj
 0001:0001233e       ??$extract_argument_from_va_list@PADPAD@?$standard_base@_WV?$string_output_adapter@_W@__crt_stdio_output@@@__crt_stdio_output@@IAE_NAAPAD@Z 1001333e f i libucrt:output.obj
 0001:00012678       ??$extract_argument_from_va_list@PAXPAX@?$positional_parameter_base@DV?$stream_output_adapter@D@__crt_stdio_output@@@__crt_stdio_output@@IAE_NAAPAX@Z 10013678 f i libucrt:output.obj
 0001:000126f2       ??$extract_argument_from_va_list@PAXPAX@?$positional_parameter_base@DV?$string_output_adapter@D@__crt_stdio_output@@@__crt_stdio_output@@IAE_NAAPAX@Z 100136f2 f i libucrt:output.obj
[...]
 0002:0000bfb0       __sehtable$___unDNameEx    10051fb0     libvcruntime:undname.obj
 0002:0000bfcc       __unwindtable$?getDecoratedName@UnDecorator@@CA?AVDName@@XZ 10051fcc     libvcruntime:undname.obj
 0002:0000bfd4       __ehfuncinfo$?getDecoratedName@UnDecorator@@CA?AVDName@@XZ 10051fd4     libvcruntime:undname.obj
 0002:0000bff8       __sehtable$___DestructExceptionObject 10051ff8     libvcruntime:ehhelpers.obj
 0002:0000c018       __sehtable$??$?RV<lambda_80d7abc6eae2375db70be92ccaaf9b57>@@AAV<lambda_df52180bf14694d51fdefd82613e8f07>@@V<lambda_4fa1155033dff2042363dba4e2dc3802>@@@?$__crt_seh_guarded_call@H@@QAEH$$QAV<lambda_80d7abc6eae2375db70be92ccaaf9b57>@@AAV<lambda_df52180bf14694d51fdefd82613e8f07>@@$$QAV<lambda_4fa1155033dff2042363dba4e2dc3802>@@@Z 10052018     libucrt:output.obj
 0002:0000c038       __sehtable$??$?RV<lambda_75d23329f2fb3d02b2e1cf5509bb1caf>@@AAV<lambda_c4f131f91cb4ec00a5b0a26aa161b8b4>@@V<lambda_114dc79c86b00c313cb0b6b3b001aaf8>@@@?$__crt_seh_guarded_call@H@@QAEH$$QAV<lambda_75d23329f2fb3d02b2e1cf5509bb1caf>@@AAV<lambda_c4f131f91cb4ec00a5b0a26aa161b8b4>@@$$QAV<lambda_114dc79c86b00c313cb0b6b3b001aaf8>@@@Z 10052038     libucrt:output.obj
 0002:0000c058       __sehtable$??$?RV<lambda_cc35d49d909def412005bd38ddc96b77>@@AAV<lambda_d6a382b8dd98a6801a8abd6c28bdff2d>@@V<lambda_148068cfb9786d9714740654406e93d5>@@@?$__crt_seh_guarded_call@H@@QAEH$$QAV<lambda_cc35d49d909def412005bd38ddc96b77>@@AAV<lambda_d6a382b8dd98a6801a8abd6c28bdff2d>@@$$QAV<lambda_148068cfb9786d9714740654406e93d5>@@@Z 10052058     libucrt:output.obj
 0002:0000c078       __sehtable$??$?RV<lambda_b7f50223258ab9fcc98080d45d02b1a4>@@AAV<lambda_42506531d319a600ce771deb5a236a10>@@V<lambda_31f843250ba6188c6e1f35d2bec6db0e>@@@?$__crt_seh_guarded_call@H@@QAEH$$QAV<lambda_b7f50223258ab9fcc98080d45d02b1a4>@@AAV<lambda_42506531d319a600ce771deb5a236a10>@@$$QAV<lambda_31f843250ba6188c6e1f35d2bec6db0e>@@@Z 10052078     libucrt:output.obj
 0002:0000c098       __sehtable$??$?RV<lambda_3a2a6cca1b0f7007a3db339dcecd1562>@@AAV<lambda_e38011a3ba6e07c7dbcef4d549f26102>@@V<lambda_b2332a2b562101f3c3c34baab19e0511>@@@?$__crt_seh_guarded_call@H@@QAEH$$QAV<lambda_3a2a6cca1b0f7007a3db339dcecd1562>@@AAV<lambda_e38011a3ba6e07c7dbcef4d549f26102>@@$$QAV<lambda_b2332a2b562101f3c3c34baab19e0511>@@@Z 10052098     libucrt:output.obj
 0002:0000c0b8       __sehtable$??$?RV<lambda_b4329732a1a72698597872ef534ad66d>@@AAV<lambda_96392db5b14a27f72535a2156da24b09>@@V<lambda_0f47277b42e3e84c3311fed419af0b3c>@@@?$__crt_seh_guarded_call@H@@QAEH$$QAV<lambda_b4329732a1a72698597872ef534ad66d>@@AAV<lambda_96392db5b14a27f72535a2156da24b09>@@$$QAV<lambda_0f47277b42e3e84c3311fed419af0b3c>@@@Z 100520b8     libucrt:output.obj
 0002:0000c0d8       __sehtable$??R<lambda_6e4b09c48022b2350581041d5f6b0c4c>@@QBE@XZ 100520d8     libucrt:exit.obj
 0002:0000c0f8       __sehtable$??$?RV<lambda_03b1d95aef87969028cfba75ccab2455>@@AAV<lambda_6e4b09c48022b2350581041d5f6b0c4c>@@V<lambda_22bdf7517842c4b3e53723af5aa32b9e>@@@?$__crt_seh_guarded_call@X@@QAEX$$QAV<lambda_03b1d95aef87969028cfba75ccab2455>@@AAV<lambda_6e4b09c48022b2350581041d5f6b0c4c>@@$$QAV<lambda_22bdf7517842c4b3e53723af5aa32b9e>@@@Z 100520f8     libucrt:exit.obj
 0002:0000c118       __sehtable$__query_new_handler 10052118     libucrt:new_handler.obj
 0002:0000c138       __sehtable$__set_new_handler 10052138     libucrt:new_handler.obj
 0002:0000c158       __sehtable$??$?RV<lambda_7ac4055421038abea736e08bd20712a4>@@AAV<lambda_a10e4b102d4a2c3aac6f4f48bbdf488f>@@V<lambda_1da61822885009acd1bf848af4f9644b>@@@?$__crt_seh_guarded_call@H@@QAEH$$QAV<lambda_7ac4055421038abea736e08bd20712a4>@@AAV<lambda_a10e4b102d4a2c3aac6f4f48bbdf488f>@@$$QAV<lambda_1da61822885009acd1bf848af4f9644b>@@@Z 10052158     libucrt:onexit.obj
 0002:0000c178       __sehtable$??$?RV<lambda_69a2805e680e0e292e8ba93315fe43a8>@@AAV<lambda_f03950bc5685219e0bcd2087efbe011e>@@V<lambda_03fcd07e894ec930e3f35da366ca99d6>@@@?$__crt_seh_guarded_call@H@@QAEH$$QAV<lambda_69a2805e680e0e292e8ba93315fe43a8>@@AAV<lambda_f03950bc5685219e0bcd2087efbe011e>@@$$QAV<lambda_03fcd07e894ec930e3f35da366ca99d6>@@@Z 10052178     libucrt:onexit.obj
 0002:0000c198       __sehtable$_terminate      10052198     libucrt:terminate.obj
 0002:0000c1b8       __sehtable$??$?RV<lambda_15ade71b0218206bbe3333a0c9b79046>@@AAV<lambda_da44e0f8b0f19ba52fefafb335991732>@@V<lambda_207f2d024fc103971653565357d6cd41>@@@?$__crt_seh_guarded_call@X@@QAEX$$QAV<lambda_15ade71b0218206bbe3333a0c9b79046>@@AAV<lambda_da44e0f8b0f19ba52fefafb335991732>@@$$QAV<lambda_207f2d024fc103971653565357d6cd41>@@@Z 100521b8     libucrt:per_thread_data.obj
 0002:0000c1d8       __sehtable$??$?RV<lambda_a7e850c220f1c8d1e6efeecdedd162c6>@@AAV<lambda_46720907175c18b6c9d2717bc0d2d362>@@V<lambda_9048902d66e8d99359bc9897bbb930a8>@@@?$__crt_seh_guarded_call@X@@QAEX$$QAV<lambda_a7e850c220f1c8d1e6efeecdedd162c6>@@AAV<lambda_46720907175c18b6c9d2717bc0d2d362>@@$$QAV<lambda_9048902d66e8d99359bc9897bbb930a8>@@@Z 100521d8     libucrt:per_thread_data.obj
 0002:0000c1f8       __sehtable$??$?RV<lambda_38edbb1296d33220d7e4dd0ed76b244a>@@AAV<lambda_5ce1d447e08cb34b2473517608e21441>@@V<lambda_fb385d3da700c9147fc39e65dd577a8c>@@@?$__crt_seh_guarded_call@X@@QAEX$$QAV<lambda_38edbb1296d33220d7e4dd0ed76b244a>@@AAV<lambda_5ce1d447e08cb34b2473517608e21441>@@$$QAV<lambda_fb385d3da700c9147fc39e65dd577a8c>@@@Z 100521f8     libucrt:per_thread_data.obj
 0002:0000c218       __sehtable$??$?RV<lambda_6affb1475c98b40b75cdec977db92e3c>@@AAV<lambda_b8d4b9c228a6ecc3f80208dbb4b4a104>@@V<lambda_608742c3c92a14382c1684fc64f96c88>@@@?$__crt_seh_guarded_call@X@@QAEX$$QAV<lambda_6affb1475c98b40b75cdec977db92e3c>@@AAV<lambda_b8d4b9c228a6ecc3f80208dbb4b4a104>@@$$QAV<lambda_608742c3c92a14382c1684fc64f96c88>@@@Z 10052218     libucrt:per_thread_data.obj
 0002:0000c238       __sehtable$??$?RV<lambda_93797fb4802c957ba6a7f08e1250235b>@@AAV<lambda_1f3ce6bd48e0aa2e72a71c02eee379d3>@@V<lambda_56cae30c9364c9b6c15aeaac05d0418e>@@@?$__crt_seh_guarded_call@H@@QAEH$$QAV<lambda_93797fb4802c957ba6a7f08e1250235b>@@AAV<lambda_1f3ce6bd48e0aa2e72a71c02eee379d3>@@$$QAV<lambda_56cae30c9364c9b6c15aeaac05d0418e>@@@Z 10052238     libucrt:winapi_thunks.obj
 0002:0000c258       __sehtable$__fcloseall     10052258     libucrt:closeall.obj
 0002:0000c278       __sehtable$??$?RV<lambda_2866be3712abc81a800a822484c830d8>@@AAV<lambda_39ca0ed439415581b5b15c265174cece>@@V<lambda_2b24c74d71094a6cd0cb82e44167d71b>@@@?$__crt_seh_guarded_call@X@@QAEX$$QAV<lambda_2866be3712abc81a800a822484c830d8>@@AAV<lambda_39ca0ed439415581b5b15c265174cece>@@$$QAV<lambda_2b24c74d71094a6cd0cb82e44167d71b>@@@Z 10052278     libucrt:fflush.obj
 0002:0000c298       __sehtable$??$?RV<lambda_2cc53f568c5a2bb6f192f930a45d44ea>@@AAV<lambda_ab61a845afdef5b7c387490eaf3616ee>@@V<lambda_c2ffc0b7726aa6be21d5f0026187e748>@@@?$__crt_seh_guarded_call@X@@QAEX$$QAV<lambda_2cc53f568c5a2bb6f192f930a45d44ea>@@AAV<lambda_ab61a845afdef5b7c387490eaf3616ee>@@$$QAV<lambda_c2ffc0b7726aa6be21d5f0026187e748>@@@Z 10052298     libucrt:fflush.obj
 0002:0000c2b8       __sehtable$??$?RV<lambda_6d20deecaf4856105ebacbad442d1079>@@AAV<lambda_9a32fed5bf61b6b509b2d3f6003082a1>@@V<lambda_63ea2239ed67c638ddbae41947fdf875>@@@?$__crt_seh_guarded_call@H@@QAEH$$QAV<lambda_6d20deecaf4856105ebacbad442d1079>@@AAV<lambda_9a32fed5bf61b6b509b2d3f6003082a1>@@$$QAV<lambda_63ea2239ed67c638ddbae41947fdf875>@@@Z 100522b8     libucrt:fflush.obj
 0002:0000c2d8       __sehtable$___acrt_initialize_lowio 100522d8     libucrt:ioinit.obj
 0002:0000c2f8       __sehtable$_fputwc         100522f8     libucrt:fputwc.obj
 0002:0000c318       __sehtable$_fputc          10052318     libucrt:fputc.obj
 0002:0000c338       __sehtable$__free_locale   10052338     libucrt:wsetlocale.obj
 0002:0000c360       __sehtable$??$?RV<lambda_e5124f882df8998aaf41531e079ba474>@@AAV<lambda_3e16ef9562a7dcce91392c22ab16ea36>@@V<lambda_e25ca0880e6ef98be67edffd8c599615>@@@?$__crt_seh_guarded_call@X@@QAEX$$QAV<lambda_e5124f882df8998aaf41531e079ba474>@@AAV<lambda_3e16ef9562a7dcce91392c22ab16ea36>@@$$QAV<lambda_e25ca0880e6ef98be67edffd8c599615>@@@Z 10052360     libucrt:wsetlocale.obj
 0002:0000c380       __sehtable$??$?RV<lambda_82aef432098b982f9ede325b418aa67a>@@AAV<lambda_862e9a3f04921db6ca1ce3faa2bf3edf>@@V<lambda_ffabc152e504b53d7492b9889b10c020>@@@?$__crt_seh_guarded_call@X@@QAEX$$QAV<lambda_82aef432098b982f9ede325b418aa67a>@@AAV<lambda_862e9a3f04921db6ca1ce3faa2bf3edf>@@$$QAV<lambda_ffabc152e504b53d7492b9889b10c020>@@@Z 10052380     libucrt:wsetlocale.obj
 0002:0000c3a0       __sehtable$??$?RV<lambda_6673f7c4c09a5d469d0c27ae364621ce>@@AAV<lambda_ebab98244f73a74f49db879bf13fa982>@@V<lambda_be20789b7a146653eab82509ec35b419>@@@?$__crt_seh_guarded_call@X@@QAEX$$QAV<lambda_6673f7c4c09a5d469d0c27ae364621ce>@@AAV<lambda_ebab98244f73a74f49db879bf13fa982>@@$$QAV<lambda_be20789b7a146653eab82509ec35b419>@@@Z 100523a0     libucrt:wsetlocale.obj
 0002:0000c3c0       __sehtable$??$?RV<lambda_303d0ad9bde654cb3f803a73716ce7a4>@@AAV<lambda_92fe181106aff629c9a2e25713a64969>@@V<lambda_184325e10b6cff6f771390cbceab281b>@@@?$__crt_seh_guarded_call@X@@QAEX$$QAV<lambda_303d0ad9bde654cb3f803a73716ce7a4>@@AAV<lambda_92fe181106aff629c9a2e25713a64969>@@$$QAV<lambda_184325e10b6cff6f771390cbceab281b>@@@Z 100523c0     libucrt:wsetlocale.obj
 0002:0000c3e0       __sehtable$??$?RV<lambda_38c1253c7a74f5d2d430989951395d98>@@AAV<lambda_b163b37eafe0a13f2c371fafeb0365c9>@@AAV<lambda_8dff2cf36a5417162780cd64fa2883ef>@@@?$__crt_seh_guarded_call@X@@QAEX$$QAV<lambda_38c1253c7a74f5d2d430989951395d98>@@AAV<lambda_b163b37eafe0a13f2c371fafeb0365c9>@@AAV<lambda_8dff2cf36a5417162780cd64fa2883ef>@@@Z 100523e0     libucrt:wsetlocale.obj
 0002:0000c400       __sehtable$?update_thread_multibyte_data_internal@@YAPAU__crt_multibyte_data@@QAU__acrt_ptd@@QAPAU1@@Z 10052400     libucrt:mbctype.obj
 0002:0000c420       __sehtable$??$?RV<lambda_ceb1ee4838e85a9d631eb091e2fbe199>@@AAV<lambda_ae742caa10f662c28703da3d2ea5e57e>@@V<lambda_cd08b5d6af4937fe54fc07d0c9bf6b37>@@@?$__crt_seh_guarded_call@X@@QAEX$$QAV<lambda_ceb1ee4838e85a9d631eb091e2fbe199>@@AAV<lambda_ae742caa10f662c28703da3d2ea5e57e>@@$$QAV<lambda_cd08b5d6af4937fe54fc07d0c9bf6b37>@@@Z 10052420     libucrt:mbctype.obj
 0002:0000c440       __sehtable$_signal         10052440     libucrt:signal.obj
 0002:0000c460       __sehtable$_raise          10052460     libucrt:signal.obj
 0002:0000c480       __sehtable$?ctrlevent_capture@@YGHK@Z 10052480     libucrt:signal.obj
 0002:0000c4a0       __sehtable$??$?RV<lambda_cbab9ec6f41b0180b23cc171c22676b0>@@AAV<lambda_44731a7d0e6d81c3e6aa82d741081786>@@V<lambda_4b292cb8dd18144e164572427af410ab>@@@?$__crt_seh_guarded_call@P6AXH@Z@@QAEP6AXH@Z$$QAV<lambda_cbab9ec6f41b0180b23cc171c22676b0>@@AAV<lambda_44731a7d0e6d81c3e6aa82d741081786>@@$$QAV<lambda_4b292cb8dd18144e164572427af410ab>@@@Z 100524a0     libucrt:signal.obj
 0002:0000c4c0       __sehtable$___acrt_update_thread_locale_data 100524c0     libucrt:locale_refcounting.obj
 0002:0000c4e0       __sehtable$_fclose         100524e0     libucrt:fclose.obj
 0002:0000c500       __sehtable$??$?RV<lambda_9e9de3de5fa147e2223d7db92bc10aa6>@@AAV<lambda_38ce7e780aa69e748d6df282ebc68efe>@@V<lambda_8ca6da459f0f6780f1cff60fdc3d00e5>@@@?$__crt_seh_guarded_call@H@@QAEH$$QAV<lambda_9e9de3de5fa147e2223d7db92bc10aa6>@@AAV<lambda_38ce7e780aa69e748d6df282ebc68efe>@@$$QAV<lambda_8ca6da459f0f6780f1cff60fdc3d00e5>@@@Z 10052500     libucrt:commit.obj
 0002:0000c520       __sehtable$__write         10052520     libucrt:write.obj
 0002:0000c540       __sehtable$__open_osfhandle 10052540     libucrt:osfinfo.obj
 0002:0000c560       __sehtable$__alloc_osfhnd  10052560     libucrt:osfinfo.obj
 0002:0000c580       __sehtable$___acrt_lowio_ensure_fh_exists 10052580     libucrt:osfinfo.obj
 0002:0000c5a0       __sehtable$___set_fpsr_sse2 100525a0     libucrt:fpctrl.obj
 0002:0000c5c0       __sehtable$??$?RV<lambda_218ce3db14220d0be481dae8ef3383b6>@@AAV<lambda_628dfdc04ba53c8bfc02c9951375f3f5>@@V<lambda_57dc472bd5c9d5f3b2cbca59b8a843ae>@@@?$__crt_seh_guarded_call@H@@QAEH$$QAV<lambda_218ce3db14220d0be481dae8ef3383b6>@@AAV<lambda_628dfdc04ba53c8bfc02c9951375f3f5>@@$$QAV<lambda_57dc472bd5c9d5f3b2cbca59b8a843ae>@@@Z 100525c0     libucrt:close.obj
 0002:0000c5e0       __sehtable$?__acrt_stdio_allocate_stream@@YA?AV__crt_stdio_stream@@XZ 100525e0     libucrt:stream.obj
 0002:0000c600       __sehtable$??$common_lseek@J@@YAJHJH@Z 10052600     libucrt:lseek.obj
 0002:0000c620       __sehtable$??$common_lseek@_J@@YA_JH_JH@Z 10052620     libucrt:lseek.obj
 0002:0000c640       __sehtable$??$?RV<lambda_f828341fbe69b7c0d4c527b01f22877f>@@AAV<lambda_9e0b6ab72a5b3ae37ad997d08b519f50>@@V<lambda_f01deac0a8d65d6e0411edf7e0af5775>@@@?$__crt_seh_guarded_call@G@@QAEG$$QAV<lambda_f828341fbe69b7c0d4c527b01f22877f>@@AAV<lambda_9e0b6ab72a5b3ae37ad997d08b519f50>@@$$QAV<lambda_f01deac0a8d65d6e0411edf7e0af5775>@@@Z 10052640     libucrt:putwch.obj
 0002:0000c660       __sehtable$__IsNonwritableInCurrentImage 10052660     LIBCMT:pesect.obj
 0002:0000c680       .edata                     10052680     robot_base.exp
 0002:0000c6a8       rgpv                       100526a8     robot_base.exp
 0002:0000c6ac       rgszName                   100526ac     robot_base.exp
 0002:0000c6b0       rgwOrd                     100526b0     robot_base.exp
 0002:0000c6b2       szName                     100526b2     robot_base.exp
 0002:0000c6be       $N00001                    100526be     robot_base.exp
 0002:0000c8a2       .idata$6                   100528a2     tgf:tgf.dll
 0002:0000c8c0       .idata$6                   100528c0     robottools:robottools.dll
 0002:0000c8de       .idata$6                   100528de     user32:USER32.dll
 0002:0000cf00       .idata$6                   10052f00     kernel32:KERNEL32.dll
 0003:00000020       ?_ulSeverityText@@3PAPBDA  10053020     ul_vs2017_32:ulError.obj
 0003:00000050       ?__vcrt_flsindex@@3KA      10053050     libvcruntime:per_thread_data.obj
 0003:00000120       ?__acrt_flsindex@@3KA      10053120     libucrt:per_thread_data.obj
 0003:00000130       ?errno_no_memory@@3HA      10053130     libucrt:errno.obj
 0003:00000134       ?doserrno_no_memory@@3KA   10053134     libucrt:errno.obj
 0003:00000168       __ctype_loc_style          10053168     libucrt:wsetlocale.obj
 0003:00000238       __mbctypes                 10053238     libucrt:mbctype.obj
 0003:00000340       __mbcasemaps               10053340     libucrt:mbctype.obj
 0003:00000440       ?__rgctypeflag@@3PADA      10053440     libucrt:mbctype.obj
 0003:00000448       ?__rgcode_page_info@@3PAUcode_page_info@@A 10053448     libucrt:mbctype.obj
 0003:000007d0       ?__DAZ_ENABLED@?1??__set_fpsr_sse2@@9@9 100537d0     libucrt:fpctrl.obj
 0003:000007e0       ?__dcrt_lowio_console_output_handle@@3PAXA 100537e0     libucrt:initcon.obj
 0003:00000a3c       ?curTrack@@3PAUtTrack@@A   10053a3c     robot_base.obj
 0003:00000a40       ?_ulErrorBuffer@@3PADA     10053a40     ul_vs2017_32:ulError.obj
 0003:00000e40       ?_ulErrorCB@@3P6AXW4ulSeverity@@PAD@ZA 10053e40     ul_vs2017_32:ulError.obj
 0003:00000e50       ?__proc_attached@@3HA      10053e50     LIBCMT:dll_dllmain.obj
 0003:00000e70       ?module_local_atexit_table@@3U_onexit_table_t@@A 10053e70     LIBCMT:utility.obj
 0003:00000e7c       ?module_local_at_quick_exit_table@@3U_onexit_table_t@@A 10053e7c     LIBCMT:utility.obj
 0003:00000e88       ?module_local_atexit_table_initialized@@3_NA 10053e88     LIBCMT:utility.obj
 0003:00000e89       ?is_initialized_as_dll@@3_NA 10053e89     LIBCMT:utility.obj
 0003:00000e98       _GS_ExceptionRecord        10053e98     LIBCMT:gs_report.obj
 0003:00000ee8       _GS_ContextRecord          10053ee8     LIBCMT:gs_report.obj
 0003:000011b4       ?__vcrt_startup_thread_ptd@@3U__vcrt_ptd@@A 100541b4     libvcruntime:per_thread_data.obj
 0003:00001204       ?heap@@3V_HeapManager@@A   10054204     libvcruntime:undname.obj
 0003:00001218       ___vcrt_lock_table         10054218     libvcruntime:locks.obj
 0003:00001230       ___vcrt_locks_initialized  10054230     libvcruntime:locks.obj
 0003:00001234       ?module_handles@@3PAPAUHINSTANCE__@@A 10054234     libvcruntime:winapi_downlevel.obj
 0003:00001240       ?encoded_function_pointers@@3PAPAXA 10054240     libvcruntime:winapi_downlevel.obj
 0003:0000125c       ?__acrt_invalid_parameter_handler@@3V?$dual_state_global@P6AXPB_W00II@Z@__crt_state_management@@A 1005425c     libucrt:invalid_parameter.obj
 0003:0000126c       ?c_termination_complete@@3JA 1005426c     libucrt:exit.obj
 0003:00001270       ?thread_local_exit_callback_func@@3P6GXPAXK0@ZA 10054270     libucrt:exit.obj
 0003:00001278       ?__acrt_new_handler@@3V?$dual_state_global@P6AHI@Z@__crt_state_management@@A 10054278     libucrt:new_handler.obj
 0003:00001280       ?program_name@?1???$common_configure_argv@D@@YAHW4_crt_argv_mode@@@Z@4PADA 10054280     libucrt:argv_parsing.obj
 0003:00001388       ?program_name@?1???$common_configure_argv@_W@@YAHW4_crt_argv_mode@@@Z@4PA_WA 10054388     libucrt:argv_parsing.obj
 0003:000015c0       ?module_handles@@3PAPAUHINSTANCE__@@A 100545c0     libucrt:winapi_thunks.obj
 0003:00001610       ?encoded_function_pointers@@3PAPAXA 10054610     libucrt:winapi_thunks.obj
 0003:00001698       ?static_enum_proc@?1??enum_system_locales_ex_nolock@@YAHQ6GHPA_WKJ@Z@Z@4P6GH0KJ@ZA 10054698     libucrt:winapi_thunks.obj
 0003:000018a4       ?enable_percent_n@@3IA     100548a4     libucrt:printf_count_output.obj
 0003:000018b8       ?__acrt_lock_table@@3PAU_RTL_CRITICAL_SECTION@@A 100548b8     libucrt:locks.obj
 0003:00001a08       ?__acrt_locks_initialized@@3IA 10054a08     libucrt:locks.obj
 0003:00001a0c       ?state_cache@?1???$get_cached_win_policy@Ubegin_thread_init_policy_properties@?1??__acrt_get_begin_thread_init_policy@@YA?AW4begin_thread_init_policy@@XZ@@@YA?AW4begin_thread_init_policy@@W4AppPolicyThreadInitializationType@@@Z@4JA 10054a0c     libucrt:win_policies.obj
 0003:00001a10       ?state_cache@?1???$get_cached_win_policy@Udeveloper_information_policy_properties@?1??__acrt_get_developer_information_policy@@YA?AW4developer_information_policy@@XZ@@@YA?AW4developer_information_policy@@W4AppPolicyShowDeveloperDiagnostic@@@Z@4JA 10054a10     libucrt:win_policies.obj
 0003:00001a14       ?state_cache@?1???$get_cached_win_policy@Uwindowing_model_policy_properties@?1??__acrt_get_windowing_model_policy@@YA?AW4windowing_model_policy@@XZ@@@YA?AW4windowing_model_policy@@W4AppPolicyWindowingModel@@@Z@4JA 10054a14     libucrt:win_policies.obj
 0003:00001a24       ?fSystemSet@@3HA           10054a24     libucrt:mbctype.obj
 0003:00001a28       ?initialized@?1??__acrt_initialize_multibyte@@9@4_NA 10054a28     libucrt:mbctype.obj
 0003:00001a4c       ?console_ctrl_handler_installed@@3_NA 10054a4c     libucrt:signal.obj
 0003:00001a50       ?ctrlc_action@@3V?$dual_state_global@P6AXH@Z@__crt_state_management@@A 10054a50     libucrt:signal.obj
 0003:00001a54       ?ctrlbreak_action@@3V?$dual_state_global@P6AXH@Z@__crt_state_management@@A 10054a54     libucrt:signal.obj
 0003:00001a58       ?abort_action@@3V?$dual_state_global@P6AXH@Z@__crt_state_management@@A 10054a58     libucrt:signal.obj
 0003:00001a5c       ?term_action@@3V?$dual_state_global@P6AXH@Z@__crt_state_management@@A 10054a5c     libucrt:signal.obj
 0003:00001a60       ?user_matherr@@3V?$dual_state_global@P6AHPAU_exception@@@Z@__crt_state_management@@A 10054a60     libucrt:matherr.obj
 0003:00001a64       ?__acrt_global_new_mode@@3V?$dual_state_global@J@__crt_state_management@@A 10054a64     libucrt:new_mode.obj
 0003:00001a68       __pmatherr_set             10054a68     libucrt:libm_error.obj
 0003:00001a74       ?__acrt_app_type@@3W4_crt_app_type@@A 10054a74     libucrt:report_runtime_error.obj
 0003:00001a78       ?outmsg@?9??__acrt_report_runtime_error@@9@4PA_WA 10054a78     libucrt:report_runtime_error.obj
 0003:000020a0       ___acrt_error_mode         100550a0     libucrt:set_error_mode.obj
